[    0.000000] BIOS-e820: [mem 0x000000008ef6f000-0x0000000093f2efff] reserved
[    0.000000] BIOS-e820: [mem 0x0000000093f2f000-0x0000000094b2efff] ACPI NVS
[    0.000000] BIOS-e820: [mem 0x0000000094b2f000-0x0000000094bfefff] ACPI data
[    0.000000] BIOS-e820: [mem 0x0000000094bff000-0x0000000094bfffff] usable
[    0.000000] BIOS-e820: [mem 0x0000000094c00000-0x00000000991fffff] reserved
[    0.000000] BIOS-e820: [mem 0x0000000099a00000-0x00000000a07fffff] reserved
[    0.000000] BIOS-e820: [mem 0x00000000c0000000-0x00000000cfffffff] reserved
[    0.000000] BIOS-e820: [mem 0x00000000fed20000-0x00000000fed7ffff] reserved
[    0.000000] BIOS-e820: [mem 0x0000000100000000-0x000000045f7fffff] usable
[    0.000000] NX (Execute Disable) protection: active
[    0.000000] efi: EFI v2.70 by Lenovo
--
[    1.207403] audit: type=1130 audit(1649402545.935:7): pid=1 uid=0 auid=4294967295 ses=4294967295 subj=kernel msg='unit=systemd-journald comm="systemd" exe="/usr/lib/systemd/systemd" hostname=? addr=? terminal=? res=success'
[    1.211333] audit: type=1130 audit(1649402545.938:8): pid=1 uid=0 auid=4294967295 ses=4294967295 subj=kernel msg='unit=systemd-tmpfiles-setup comm="systemd" exe="/usr/lib/systemd/systemd" hostname=? addr=? terminal=? res=success'
[    1.235621] audit: type=1130 audit(1649402545.963:9): pid=1 uid=0 auid=4294967295 ses=4294967295 subj=kernel msg='unit=dracut-cmdline comm="systemd" exe="/usr/lib/systemd/systemd" hostname=? addr=? terminal=? res=success'
[    1.247571] audit: type=1130 audit(1649402545.975:10): pid=1 uid=0 auid=4294967295 ses=4294967295 subj=kernel msg='unit=dracut-pre-udev comm="systemd" exe="/usr/lib/systemd/systemd" hostname=? addr=? terminal=? res=success'
[    1.253391] usb 3-4: new high-speed USB device number 3 using xhci_hcd
[    1.261356] psmouse serio1: trackpoint: Elan TrackPoint firmware: 0xa1, buttons: 3/3
[    1.273643] input: TPPS/2 Elan TrackPoint as /devices/platform/i8042/serio1/input/input5
[    1.333731] acpi PNP0C14:01: duplicate WMI GUID 05901221-D566-11D1-B2F0-00A0C9062910 (first instance was on PNP0C14:00)
[    1.333769] acpi PNP0C14:02: duplicate WMI GUID 05901221-D566-11D1-B2F0-00A0C9062910 (first instance was on PNP0C14:00)
[    1.336144] acpi PNP0C14:03: duplicate WMI GUID 05901221-D566-11D1-B2F0-00A0C9062910 (first instance was on PNP0C14:00)
[    1.336237] acpi PNP0C14:04: duplicate WMI GUID 05901221-D566-11D1-B2F0-00A0C9062910 (first instance was on PNP0C14:00)
[    1.336666] acpi PNP0C14:05: duplicate WMI GUID 05901221-D566-11D1-B2F0-00A0C9062910 (first instance was on PNP0C14:00)
--
[    1.382813] usb 3-4: New USB device found, idVendor=04f2, idProduct=b6ea, bcdDevice=59.18
[    1.382817] usb 3-4: New USB device strings: Mfr=3, Product=1, SerialNumber=2
[    1.382818] usb 3-4: Product: Integrated Camera
[    1.382819] usb 3-4: Manufacturer: Chicony Electronics Co.,Ltd.
[    1.382820] usb 3-4: SerialNumber: 0001
[    1.418790] input: ELAN0674:00 04F3:3193 Mouse as /devices/pci0000:00/0000:00:15.0/i2c_designware.0/i2c-0/i2c-ELAN0674:00/0018:04F3:3193.0001/input/input6
[    1.418857] input: ELAN0674:00 04F3:3193 Touchpad as /devices/pci0000:00/0000:00:15.0/i2c_designware.0/i2c-0/i2c-ELAN0674:00/0018:04F3:3193.0001/input/input8
[    1.418891] hid-generic 0018:04F3:3193.0001: input,hidraw0: I2C HID v1.00 Mouse [ELAN0674:00 04F3:3193] on i2c-ELAN0674:00
[    1.475136] input: ELAN0674:00 04F3:3193 Mouse as /devices/pci0000:00/0000:00:15.0/i2c_designware.0/i2c-0/i2c-ELAN0674:00/0018:04F3:3193.0001/input/input9
[    1.475205] input: ELAN0674:00 04F3:3193 Touchpad as /devices/pci0000:00/0000:00:15.0/i2c_designware.0/i2c-0/i2c-ELAN0674:00/0018:04F3:3193.0001/input/input11
[    1.475241] hid-multitouch 0018:04F3:3193.0001: input,hidraw0: I2C HID v1.00 Mouse [ELAN0674:00 04F3:3193] on i2c-ELAN0674:00
[    1.497955] usb 3-9: new full-speed USB device number 4 using xhci_hcd
[    1.497970] input: WACF2200:00 056A:5286 Touchscreen as /devices/pci0000:00/0000:00:15.1/i2c_designware.1/i2c-1/i2c-WACF2200:00/0018:056A:5286.0002/input/input12
[    1.498009] input: WACF2200:00 056A:5286 as /devices/pci0000:00/0000:00:15.1/i2c_designware.1/i2c-1/i2c-WACF2200:00/0018:056A:5286.0002/input/input13
[    1.498032] input: WACF2200:00 056A:5286 as /devices/pci0000:00/0000:00:15.1/i2c_designware.1/i2c-1/i2c-WACF2200:00/0018:056A:5286.0002/input/input14
[    1.498065] input: WACF2200:00 056A:5286 as /devices/pci0000:00/0000:00:15.1/i2c_designware.1/i2c-1/i2c-WACF2200:00/0018:056A:5286.0002/input/input15
[    1.498097] input: WACF2200:00 056A:5286 Mouse as /devices/pci0000:00/0000:00:15.1/i2c_designware.1/i2c-1/i2c-WACF2200:00/0018:056A:5286.0002/input/input16
[    1.498129] hid-generic 0018:056A:5286.0002: input,hidraw1: I2C HID v1.00 Mouse [WACF2200:00 056A:5286] on i2c-WACF2200:00
[    1.503204] nvme 0000:04:00.0: platform quirk: setting simple suspend
[    1.503238] nvme nvme0: pci function 0000:04:00.0
[    1.511531] nvme nvme0: 8/0/0 default/read/poll queues
[    1.514107]  nvme0n1: p1 p2 p3
[    1.584242] input: Wacom HID 5286 Pen as /devices/pci0000:00/0000:00:15.1/i2c_designware.1/i2c-1/i2c-WACF2200:00/0018:056A:5286.0002/input/input17
[    1.584692] input: Wacom HID 5286 Finger as /devices/pci0000:00/0000:00:15.1/i2c_designware.1/i2c-1/i2c-WACF2200:00/0018:056A:5286.0002/input/input18
[    1.584745] wacom 0018:056A:5286.0002: hidraw1: I2C HID v1.00 Mouse [WACF2200:00 056A:5286] on i2c-WACF2200:00
[    1.635358] usb 3-9: New USB device found, idVendor=058f, idProduct=9540, bcdDevice= 1.20
[    1.635361] usb 3-9: New USB device strings: Mfr=1, Product=2, SerialNumber=0
[    1.635362] usb 3-9: Product: EMV Smartcard Reader
[    1.635363] usb 3-9: Manufacturer: Generic
[    1.692132] i915 0000:00:02.0: enabling device (0006 -> 0007)
--
[    1.896367] fbcon: Deferring console take-over
[    1.896368] i915 0000:00:02.0: [drm] fb0: i915drmfb frame buffer device
[    1.996352] usb 3-10: New USB device found, idVendor=8087, idProduct=0026, bcdDevice= 0.02
[    1.996356] usb 3-10: New USB device strings: Mfr=0, Product=0, SerialNumber=0
[    2.172582] ish-hid {33AECD58-B679-4E54-9BD9-A04D34F0C226}: [hid-ish]: enum_devices_done OK, num_hid_devices=2
[    2.178494] hid-generic 001F:8087:0AC2.0003: hidraw2: <UNKNOWN> HID v2.00 Device [hid-ishtp 8087:0AC2] on 
[    2.184592] hid-generic 001F:8087:0AC2.0004: hidraw3: <UNKNOWN> HID v2.00 Device [hid-ishtp 8087:0AC2] on 
[   55.182638] fbcon: Taking over console
[   55.186619] Console: switching to colour frame buffer device 240x75
[   56.205264] kauditd_printk_skb: 8 callbacks suppressed
[   56.205266] audit: type=1338 audit(1649402600.932:19): module=crypt op=ctr ppid=1 pid=528 auid=4294967295 uid=0 gid=0 euid=0 suid=0 fsuid=0 egid=0 sgid=0 fsgid=0 tty=(none) ses=4294967295 comm="systemd-cryptse" exe="/usr/lib/systemd/systemd-cryptsetup" subj=kernel dev=253:0 error_msg='success' res=1
[   56.205366] audit: type=1300 audit(1649402600.932:19): arch=c000003e syscall=16 success=yes exit=0 a0=4 a1=c138fd09 a2=55d735db8400 a3=7ffcaf8f6e92 items=6 ppid=1 pid=528 auid=4294967295 uid=0 gid=0 euid=0 suid=0 fsuid=0 egid=0 sgid=0 fsgid=0 tty=(none) ses=4294967295 comm="systemd-cryptse" exe="/usr/lib/systemd/systemd-cryptsetup" subj=kernel key=(null)
