[    0.000000] BIOS-e820: [mem 0x000000008ef6f000-0x0000000093f2efff] reserved
[    0.000000] BIOS-e820: [mem 0x0000000093f2f000-0x0000000094b2efff] ACPI NVS
[    0.000000] BIOS-e820: [mem 0x0000000094b2f000-0x0000000094bfefff] ACPI data
[    0.000000] BIOS-e820: [mem 0x0000000094bff000-0x0000000094bfffff] usable
[    0.000000] BIOS-e820: [mem 0x0000000094c00000-0x00000000991fffff] reserved
[    0.000000] BIOS-e820: [mem 0x0000000099a00000-0x00000000a07fffff] reserved
[    0.000000] BIOS-e820: [mem 0x00000000c0000000-0x00000000cfffffff] reserved
[    0.000000] BIOS-e820: [mem 0x00000000fed20000-0x00000000fed7ffff] reserved
[    0.000000] BIOS-e820: [mem 0x0000000100000000-0x000000045f7fffff] usable
[    0.000000] NX (Execute Disable) protection: active
[    0.000000] efi: EFI v2.70 by Lenovo
--
[    0.553169] pci_bus 0000:00: root bus resource [mem 0x000a0000-0x000bffff window]
[    0.553169] pci_bus 0000:00: root bus resource [mem 0xa0800000-0xbfffffff window]
[    0.553170] pci_bus 0000:00: root bus resource [mem 0x4000000000-0x7fffffffff window]
[    0.553233] pci 0000:00:00.0: [8086:9a14] type 00 class 0x060000
[    0.554295] pci 0000:00:02.0: [8086:9a49] type 00 class 0x030000
[    0.554302] pci 0000:00:02.0: reg 0x10: [mem 0x603c000000-0x603cffffff 64bit]
[    0.554307] pci 0000:00:02.0: reg 0x18: [mem 0x4000000000-0x401fffffff 64bit pref]
[    0.554310] pci 0000:00:02.0: reg 0x20: [io  0x3000-0x303f]
[    0.554323] pci 0000:00:02.0: BAR 2: assigned to efifb
[    0.554324] pci 0000:00:02.0: DMAR: Skip IOMMU disabling for graphics
[    0.554347] pci 0000:00:02.0: reg 0x344: [mem 0x00000000-0x00ffffff 64bit]
[    0.554348] pci 0000:00:02.0: VF(n) BAR0 space: [mem 0x00000000-0x06ffffff 64bit] (contains BAR0 for 7 VFs)
[    0.554351] pci 0000:00:02.0: reg 0x34c: [mem 0x00000000-0x1fffffff 64bit pref]
[    0.554352] pci 0000:00:02.0: VF(n) BAR2 space: [mem 0x00000000-0xdfffffff 64bit pref] (contains BAR2 for 7 VFs)
[    0.555214] pci 0000:00:04.0: [8086:9a03] type 00 class 0x118000
[    0.555229] pci 0000:00:04.0: reg 0x10: [mem 0x603d180000-0x603d19ffff 64bit]
[    0.556185] pci 0000:00:06.0: [8086:9a09] type 01 class 0x060400
[    0.556269] pci 0000:00:06.0: PME# supported from D0 D3hot D3cold
[    0.556303] pci 0000:00:06.0: PTM enabled (root), 4ns granularity
--
[    1.396579] i2c i2c-0: 8/8 memory slots populated (from DMI)
[    1.396580] i2c i2c-0: Systems with more than 4 memory slots not supported yet, not instantiating SPD
[    1.397826] intel-lpss 0000:00:15.0: enabling device (0000 -> 0002)
[    1.398158] idma64 idma64.0: Found Intel integrated DMA 64-bit
[    1.404513] nvme nvme0: 8/0/0 default/read/poll queues
[    1.405992] i2c_hid i2c-ELAN0674:00: supply vdd not found, using dummy regulator
[    1.406020] i2c_hid i2c-ELAN0674:00: supply vddl not found, using dummy regulator
[    1.406587]  nvme0n1: p1 p2 p3
[    1.421091] i915 0000:00:02.0: enabling device (0006 -> 0007)
[    1.422003] i915 0000:00:02.0: [drm] VT-d active for gfx access
[    1.422005] checking generic (4000000000 8ca000) vs hw (603c000000 1000000)
[    1.422005] checking generic (4000000000 8ca000) vs hw (4000000000 20000000)
--
[    1.422049] i915 0000:00:02.0: vgaarb: deactivate vga console
[    1.424796] i915 0000:00:02.0: vgaarb: changed VGA decodes: olddecodes=io+mem,decodes=io+mem:owns=mem
[    1.425279] i915 0000:00:02.0: [drm] Finished loading DMC firmware i915/tgl_dmc_ver2_08.bin (v2.8)
[    1.425807] intel-lpss 0000:00:15.1: enabling device (0000 -> 0002)
[    1.426321] idma64 idma64.1: Found Intel integrated DMA 64-bit
[    1.432033] i2c_hid i2c-WACF2200:00: supply vdd not found, using dummy regulator
[    1.432067] i2c_hid i2c-WACF2200:00: supply vddl not found, using dummy regulator
[    1.607071] input: ELAN0674:00 04F3:3193 Mouse as /devices/pci0000:00/0000:00:15.0/i2c_designware.0/i2c-1/i2c-ELAN0674:00/0018:04F3:3193.0001/input/input6
[    1.607140] input: ELAN0674:00 04F3:3193 Touchpad as /devices/pci0000:00/0000:00:15.0/i2c_designware.0/i2c-1/i2c-ELAN0674:00/0018:04F3:3193.0001/input/input8
[    1.607388] hid-generic 0018:04F3:3193.0001: input,hidraw0: I2C HID v1.00 Mouse [ELAN0674:00 04F3:3193] on i2c-ELAN0674:00
[    1.607768] input: WACF2200:00 056A:5285 Touchscreen as /devices/pci0000:00/0000:00:15.1/i2c_designware.1/i2c-11/i2c-WACF2200:00/0018:056A:5285.0002/input/input9
[    1.607835] input: WACF2200:00 056A:5285 as /devices/pci0000:00/0000:00:15.1/i2c_designware.1/i2c-11/i2c-WACF2200:00/0018:056A:5285.0002/input/input10
[    1.607858] input: WACF2200:00 056A:5285 as /devices/pci0000:00/0000:00:15.1/i2c_designware.1/i2c-11/i2c-WACF2200:00/0018:056A:5285.0002/input/input11
[    1.607895] input: WACF2200:00 056A:5285 as /devices/pci0000:00/0000:00:15.1/i2c_designware.1/i2c-11/i2c-WACF2200:00/0018:056A:5285.0002/input/input12
[    1.607928] input: WACF2200:00 056A:5285 Mouse as /devices/pci0000:00/0000:00:15.1/i2c_designware.1/i2c-11/i2c-WACF2200:00/0018:056A:5285.0002/input/input13
[    1.607963] hid-generic 0018:056A:5285.0002: input,hidraw1: I2C HID v1.00 Mouse [WACF2200:00 056A:5285] on i2c-WACF2200:00
[    1.609146] usbcore: registered new interface driver usbhid
[    1.609146] usbhid: USB HID core driver
[    1.649718] usb 3-3: new full-speed USB device number 2 using xhci_hcd
[    1.799950] usb 3-3: New USB device found, idVendor=06cb, idProduct=00f9, bcdDevice= 0.00
[    1.799953] usb 3-3: New USB device strings: Mfr=0, Product=0, SerialNumber=1
[    1.799955] usb 3-3: SerialNumber: 674f6cc59720
[    1.864669] psmouse serio1: trackpoint: Elan TrackPoint firmware: 0xa1, buttons: 3/3
[    1.875551] input: Wacom HID 5285 Pen as /devices/pci0000:00/0000:00:15.1/i2c_designware.1/i2c-11/i2c-WACF2200:00/0018:056A:5285.0002/input/input14
[    1.875917] input: Wacom HID 5285 Finger as /devices/pci0000:00/0000:00:15.1/i2c_designware.1/i2c-11/i2c-WACF2200:00/0018:056A:5285.0002/input/input15
[    1.876080] wacom 0018:056A:5285.0002: hidraw1: I2C HID v1.00 Mouse [WACF2200:00 056A:5285] on i2c-WACF2200:00
[    1.877587] input: TPPS/2 Elan TrackPoint as /devices/platform/i8042/serio1/input/input5
[    1.925845] usb 3-4: new high-speed USB device number 3 using xhci_hcd
[    2.068082] ish-hid {33AECD58-B679-4E54-9BD9-A04D34F0C226}: [hid-ish]: enum_devices_done OK, num_hid_devices=2
[    2.076210] usb 3-4: New USB device found, idVendor=04f2, idProduct=b6f8, bcdDevice=63.01
[    2.076216] usb 3-4: New USB device strings: Mfr=3, Product=1, SerialNumber=2
[    2.076218] usb 3-4: Product: Integrated Camera
[    2.076220] usb 3-4: Manufacturer: Chicony Electronics Co.,Ltd.
[    2.076221] usb 3-4: SerialNumber: 0001
[    2.076403] hid-generic 001F:8087:0AC2.0003: hidraw2: <UNKNOWN> HID v2.00 Device [hid-ishtp 8087:0AC2] on 
[    2.081877] hid-generic 001F:8087:0AC2.0004: hidraw3: <UNKNOWN> HID v2.00 Device [hid-ishtp 8087:0AC2] on 
[    2.205835] usb 3-7: new full-speed USB device number 4 using xhci_hcd
[    2.356488] usb 3-7: New USB device found, idVendor=046d, idProduct=c093, bcdDevice=53.00
[    2.356491] usb 3-7: New USB device strings: Mfr=1, Product=2, SerialNumber=3
[    2.356493] usb 3-7: Product: Advanced Corded Mouse M500s
[    2.356495] usb 3-7: Manufacturer: Logitech
[    2.356497] usb 3-7: SerialNumber: 206E30765941
[    2.359601] input: Logitech Advanced Corded Mouse M500s as /devices/pci0000:00/0000:00:14.0/usb3/3-7/3-7:1.0/0003:046D:C093.0005/input/input17
[    2.359731] hid-generic 0003:046D:C093.0005: input,hidraw2: USB HID v1.11 Mouse [Logitech Advanced Corded Mouse M500s] on usb-0000:00:14.0-7/input0
[    2.361159] input: Logitech Advanced Corded Mouse M500s Keyboard as /devices/pci0000:00/0000:00:14.0/usb3/3-7/3-7:1.1/0003:046D:C093.0006/input/input18
[    2.418147] input: Logitech Advanced Corded Mouse M500s Consumer Control as /devices/pci0000:00/0000:00:14.0/usb3/3-7/3-7:1.1/0003:046D:C093.0006/input/input19
[    2.418323] input: Logitech Advanced Corded Mouse M500s System Control as /devices/pci0000:00/0000:00:14.0/usb3/3-7/3-7:1.1/0003:046D:C093.0006/input/input20
[    2.418478] hid-generic 0003:046D:C093.0006: input,hiddev0,hidraw3: USB HID v1.11 Keyboard [Logitech Advanced Corded Mouse M500s] on usb-0000:00:14.0-7/input1
[    2.546370] usb 3-10: new full-speed USB device number 5 using xhci_hcd
[    2.685296] [drm] Initialized i915 1.6.0 20200917 for 0000:00:02.0 on minor 0
[    2.690737] ACPI: Video Device [GFX0] (multi-head: yes  rom: no  post: no)
[    2.691811] input: Video Bus as /devices/LNXSYSTM:00/LNXSYBUS:00/PNP0A08:00/LNXVIDEO:00/input/input23
[    2.694054] fbcon: i915drmfb (fb0) is primary device
--
[   25.202389] usbcore: registered new interface driver uvcvideo
[   25.202391] USB Video Class driver (1.1.1)
[   25.209184] iwlwifi 0000:00:14.3: Detected Intel(R) Wi-Fi 6 AX201 160MHz, REV=0x354
[   25.229386] thinkpad_acpi: battery 1 registered (start 0, stop 100)
[   25.229392] battery: new extension: ThinkPad Battery Extension
[   25.234689] input: ELAN0674:00 04F3:3193 Mouse as /devices/pci0000:00/0000:00:15.0/i2c_designware.0/i2c-1/i2c-ELAN0674:00/0018:04F3:3193.0001/input/input27
[   25.234765] input: ELAN0674:00 04F3:3193 Touchpad as /devices/pci0000:00/0000:00:15.0/i2c_designware.0/i2c-1/i2c-ELAN0674:00/0018:04F3:3193.0001/input/input29
[   25.234821] hid-multitouch 0018:04F3:3193.0001: input,hidraw0: I2C HID v1.00 Mouse [ELAN0674:00 04F3:3193] on i2c-ELAN0674:00
[   25.241342] input: ThinkPad Extra Buttons as /devices/platform/thinkpad_acpi/input/input26
[   25.249996] usbcore: registered new interface driver btusb
[   25.250651] Bluetooth: hci0: Bootloader revision 0.4 build 0 week 30 2018
[   25.251643] Bluetooth: hci0: Device revision is 2
[   25.251645] Bluetooth: hci0: Secure boot is enabled
