[    0.000000] BIOS-e820: [mem 0x0000000092f2f000-0x0000000093b2efff] ACPI NVS
[    0.000000] BIOS-e820: [mem 0x0000000093b2f000-0x0000000093bfefff] ACPI data
[    0.000000] BIOS-e820: [mem 0x0000000093bff000-0x0000000093bfffff] usable
[    0.000000] BIOS-e820: [mem 0x0000000093c00000-0x0000000097ffffff] reserved
[    0.000000] BIOS-e820: [mem 0x0000000099000000-0x00000000991fffff] reserved
[    0.000000] BIOS-e820: [mem 0x0000000099a00000-0x00000000a07fffff] reserved
[    0.000000] BIOS-e820: [mem 0x00000000c0000000-0x00000000cfffffff] reserved
[    0.000000] BIOS-e820: [mem 0x00000000fed20000-0x00000000fed7ffff] reserved
[    0.000000] BIOS-e820: [mem 0x0000000100000000-0x000000045f7fffff] usable
[    0.000000] The simpledrm driver will not be probed
[    0.000000] The simpledrm driver will not be probed
--
[    0.704073] system 00:04: [mem 0xfed19000-0xfed19fff] has been reserved
[    0.704074] system 00:04: [mem 0xfeb00000-0xfebfffff] has been reserved
[    0.704075] system 00:04: [mem 0xfed20000-0xfed3ffff] has been reserved
[    0.704076] system 00:04: [mem 0xfed90000-0xfed93fff] could not be reserved
[    0.704568] pnp 00:05: disabling [mem 0xc0000000-0xcfffffff] because it overlaps 0000:00:02.0 BAR 9 [mem 0x00000000-0xdfffffff 64bit pref]
[    0.704583] system 00:05: [mem 0xfedc0000-0xfedc7fff] has been reserved
[    0.704584] system 00:05: [mem 0xfeda0000-0xfeda0fff] has been reserved
[    0.704585] system 00:05: [mem 0xfeda1000-0xfeda1fff] has been reserved
[    0.704586] system 00:05: [mem 0xfed20000-0xfed7ffff] could not be reserved
[    0.704587] system 00:05: [mem 0xfed90000-0xfed93fff] could not be reserved
[    0.704588] system 00:05: [mem 0xfed45000-0xfed8ffff] could not be reserved
[    0.704589] system 00:05: [mem 0xfee00000-0xfeefffff] has been reserved
[    0.704941] system 00:06: [io  0x1800-0x18fe] could not be reserved
[    0.704943] system 00:06: [mem 0xfe000000-0xfe01ffff] has been reserved
[    0.704944] system 00:06: [mem 0xfe04c000-0xfe04ffff] has been reserved
[    0.704945] system 00:06: [mem 0xfe050000-0xfe0affff] has been reserved
[    0.704948] system 00:06: [mem 0xfe0d0000-0xfe0fffff] has been reserved
--
[    1.372914] systemd[1]: Hostname set to <HOSTNAME>.
[    1.459603] usb 3-1: New USB device found, idVendor=0424, idProduct=2422, bcdDevice= 0.a0
[    1.459612] usb 3-1: New USB device strings: Mfr=0, Product=0, SerialNumber=0
[    1.461265] hub 3-1:1.0: USB hub found
[    1.461444] hub 3-1:1.0: 1 port detected
[    1.567606] psmouse serio1: trackpoint: Elan TrackPoint firmware: 0xa1, buttons: 3/3
[    1.573227] usb 4-2: new SuperSpeed USB device number 2 using xhci_hcd
[    1.580204] input: TPPS/2 Elan TrackPoint as /devices/platform/i8042/serio1/input/input5
[    1.589606] usb 4-2: New USB device found, idVendor=05e3, idProduct=0626, bcdDevice= 6.54
[    1.589614] usb 4-2: New USB device strings: Mfr=1, Product=2, SerialNumber=0
[    1.589617] usb 4-2: Product: USB3.1 Hub
[    1.589619] usb 4-2: Manufacturer: GenesysLogic
[    1.592571] hub 4-2:1.0: USB hub found
--
[    2.338850] thinkpad_acpi: rfkill switch tpacpi_bluetooth_sw: radio is unblocked
[    2.354959] usb 3-7: new high-speed USB device number 6 using xhci_hcd
[    2.370747] thinkpad_acpi: battery 1 registered (start 75, stop 80, behaviours: 0x7)
[    2.370754] ACPI: battery: new extension: ThinkPad Battery Extension
[    2.380749] input: ThinkPad Extra Buttons as /devices/platform/thinkpad_acpi/input/input6
[    2.403973] input: ELAN0674:00 04F3:3193 Mouse as /devices/pci0000:00/0000:00:15.0/i2c_designware.0/i2c-0/i2c-ELAN0674:00/0018:04F3:3193.0001/input/input7
[    2.404051] input: ELAN0674:00 04F3:3193 Touchpad as /devices/pci0000:00/0000:00:15.0/i2c_designware.0/i2c-0/i2c-ELAN0674:00/0018:04F3:3193.0001/input/input9
[    2.404100] hid-generic 0018:04F3:3193.0001: input,hidraw0: I2C HID v1.00 Mouse [ELAN0674:00 04F3:3193] on i2c-ELAN0674:00
[    2.446683] input: ELAN0674:00 04F3:3193 Mouse as /devices/pci0000:00/0000:00:15.0/i2c_designware.0/i2c-0/i2c-ELAN0674:00/0018:04F3:3193.0001/input/input10
[    2.446734] input: ELAN0674:00 04F3:3193 Touchpad as /devices/pci0000:00/0000:00:15.0/i2c_designware.0/i2c-0/i2c-ELAN0674:00/0018:04F3:3193.0001/input/input12
[    2.446764] hid-multitouch 0018:04F3:3193.0001: input,hidraw0: I2C HID v1.00 Mouse [ELAN0674:00 04F3:3193] on i2c-ELAN0674:00
[    2.482412] input: WACF2200:00 056A:528A Touchscreen as /devices/pci0000:00/0000:00:15.1/i2c_designware.1/i2c-1/i2c-WACF2200:00/0018:056A:528A.0002/input/input13
[    2.482457] input: WACF2200:00 056A:528A as /devices/pci0000:00/0000:00:15.1/i2c_designware.1/i2c-1/i2c-WACF2200:00/0018:056A:528A.0002/input/input14
[    2.482479] input: WACF2200:00 056A:528A Stylus as /devices/pci0000:00/0000:00:15.1/i2c_designware.1/i2c-1/i2c-WACF2200:00/0018:056A:528A.0002/input/input15
[    2.482515] input: WACF2200:00 056A:528A as /devices/pci0000:00/0000:00:15.1/i2c_designware.1/i2c-1/i2c-WACF2200:00/0018:056A:528A.0002/input/input16
[    2.482547] input: WACF2200:00 056A:528A Mouse as /devices/pci0000:00/0000:00:15.1/i2c_designware.1/i2c-1/i2c-WACF2200:00/0018:056A:528A.0002/input/input17
[    2.482584] hid-generic 0018:056A:528A.0002: input,hidraw1: I2C HID v1.00 Mouse [WACF2200:00 056A:528A] on i2c-WACF2200:00
[    2.487640] usb 3-7: New USB device found, idVendor=05e3, idProduct=0610, bcdDevice= 6.54
[    2.487644] usb 3-7: New USB device strings: Mfr=1, Product=2, SerialNumber=0
[    2.487646] usb 3-7: Product: USB2.1 Hub
[    2.487647] usb 3-7: Manufacturer: GenesysLogic
[    2.490258] hub 3-7:1.0: USB hub found
[    2.490557] hub 3-7:1.0: 4 ports detected
[    2.505299] nvme 0000:04:00.0: platform quirk: setting simple suspend
[    2.505328] nvme nvme0: pci function 0000:04:00.0
[    2.513755] nvme nvme0: 8/0/0 default/read/poll queues
[    2.516965]  nvme0n1: p1 p2 p3 p4
[    2.593037] input: Wacom HID 528A Pen as /devices/pci0000:00/0000:00:15.1/i2c_designware.1/i2c-1/i2c-WACF2200:00/0018:056A:528A.0002/input/input18
[    2.593079] input: Wacom HID 528A Finger as /devices/pci0000:00/0000:00:15.1/i2c_designware.1/i2c-1/i2c-WACF2200:00/0018:056A:528A.0002/input/input19
[    2.593115] wacom 0018:056A:528A.0002: hidraw1: I2C HID v1.00 Mouse [WACF2200:00 056A:528A] on i2c-WACF2200:00
[    2.606954] usb 3-10: new full-speed USB device number 7 using xhci_hcd
[    2.735974] usb 3-10: New USB device found, idVendor=8087, idProduct=0026, bcdDevice= 0.02
[    2.735979] usb 3-10: New USB device strings: Mfr=0, Product=0, SerialNumber=0
[    2.750399] typec port0: bound usb3-port5 (ops connector_ops)
[    2.750407] typec port0: bound usb2-port2 (ops connector_ops)
--
[    2.929364] usb 3-7.1: New USB device found, idVendor=046d, idProduct=c52b, bcdDevice=24.11
[    2.929369] usb 3-7.1: New USB device strings: Mfr=1, Product=2, SerialNumber=0
[    2.929370] usb 3-7.1: Product: USB Receiver
[    2.929371] usb 3-7.1: Manufacturer: Logitech
[    2.941936] input: Logitech USB Receiver as /devices/pci0000:00/0000:00:14.0/usb3/3-7/3-7.1/3-7.1:1.0/0003:046D:C52B.0003/input/input21
[    2.995232] hid-generic 0003:046D:C52B.0003: input,hidraw2: USB HID v1.11 Keyboard [Logitech USB Receiver] on usb-0000:00:14.0-7.1/input0
[    2.998964] input: Logitech USB Receiver Mouse as /devices/pci0000:00/0000:00:14.0/usb3/3-7/3-7.1/3-7.1:1.1/0003:046D:C52B.0004/input/input22
[    2.999118] input: Logitech USB Receiver Consumer Control as /devices/pci0000:00/0000:00:14.0/usb3/3-7/3-7.1/3-7.1:1.1/0003:046D:C52B.0004/input/input23
[    3.051042] input: Logitech USB Receiver System Control as /devices/pci0000:00/0000:00:14.0/usb3/3-7/3-7.1/3-7.1:1.1/0003:046D:C52B.0004/input/input24
[    3.051230] hid-generic 0003:046D:C52B.0004: input,hiddev96,hidraw3: USB HID v1.11 Mouse [Logitech USB Receiver] on usb-0000:00:14.0-7.1/input1
[    3.053740] hid-generic 0003:046D:C52B.0005: hiddev97,hidraw4: USB HID v1.11 Device [Logitech USB Receiver] on usb-0000:00:14.0-7.1/input2
[    3.126135] i915 0000:00:02.0: [drm] Protected Xe Path (PXP) protected content support initialized
[    3.144977] usb 3-7.3: new full-speed USB device number 9 using xhci_hcd
[    3.176989] ish-hid {33AECD58-B679-4E54-9BD9-A04D34F0C226}: [hid-ish]: enum_devices_done OK, num_hid_devices=2
[    3.183939] hid-generic 001F:8087:0AC2.0006: hidraw5: SENSOR HUB HID v2.00 Device [hid-ishtp 8087:0AC2] on 
[    3.188102] hid-generic 001F:8087:0AC2.0007: hidraw6: SENSOR HUB HID v2.00 Device [hid-ishtp 8087:0AC2] on 
[    3.251661] usb 3-7.3: New USB device found, idVendor=046d, idProduct=c53f, bcdDevice=44.00
[    3.251666] usb 3-7.3: New USB device strings: Mfr=1, Product=2, SerialNumber=0
[    3.251667] usb 3-7.3: Product: USB Receiver
[    3.251668] usb 3-7.3: Manufacturer: Logitech
[    3.262584] input: Logitech USB Receiver as /devices/pci0000:00/0000:00:14.0/usb3/3-7/3-7.3/3-7.3:1.0/0003:046D:C53F.0008/input/input26
[    3.314364] hid-generic 0003:046D:C53F.0008: input,hidraw5: USB HID v1.11 Keyboard [Logitech USB Receiver] on usb-0000:00:14.0-7.3/input0
[    3.317576] input: Logitech USB Receiver Mouse as /devices/pci0000:00/0000:00:14.0/usb3/3-7/3-7.3/3-7.3:1.1/0003:046D:C53F.0009/input/input27
[    3.317739] input: Logitech USB Receiver Consumer Control as /devices/pci0000:00/0000:00:14.0/usb3/3-7/3-7.3/3-7.3:1.1/0003:046D:C53F.0009/input/input28
[    3.369369] input: Logitech USB Receiver System Control as /devices/pci0000:00/0000:00:14.0/usb3/3-7/3-7.3/3-7.3:1.1/0003:046D:C53F.0009/input/input29
[    3.369519] hid-generic 0003:046D:C53F.0009: input,hiddev98,hidraw6: USB HID v1.11 Mouse [Logitech USB Receiver] on usb-0000:00:14.0-7.3/input1
[    3.372430] hid-generic 0003:046D:C53F.000A: hiddev99,hidraw7: USB HID v1.11 Device [Logitech USB Receiver] on usb-0000:00:14.0-7.3/input2
[    3.461069] usb 3-7.4: new full-speed USB device number 10 using xhci_hcd
[    3.567448] usb 3-7.4: New USB device found, idVendor=046d, idProduct=c547, bcdDevice= 4.02
[    3.567457] usb 3-7.4: New USB device strings: Mfr=1, Product=2, SerialNumber=0
[    3.567460] usb 3-7.4: Product: USB Receiver
[    3.567462] usb 3-7.4: Manufacturer: Logitech
[    3.578298] input: Logitech USB Receiver as /devices/pci0000:00/0000:00:14.0/usb3/3-7/3-7.4/3-7.4:1.0/0003:046D:C547.000B/input/input31
[    3.578435] hid-generic 0003:046D:C547.000B: input,hidraw8: USB HID v1.11 Mouse [Logitech USB Receiver] on usb-0000:00:14.0-7.4/input0
[    3.579917] input: Logitech USB Receiver Keyboard as /devices/pci0000:00/0000:00:14.0/usb3/3-7/3-7.4/3-7.4:1.1/0003:046D:C547.000C/input/input32
[    3.632471] hid-generic 0003:046D:C547.000C: input,hidraw9: USB HID v1.11 Keyboard [Logitech USB Receiver] on usb-0000:00:14.0-7.4/input1
[    3.633571] hid-generic 0003:046D:C547.000D: hiddev100,hidraw10: USB HID v1.11 Device [Logitech USB Receiver] on usb-0000:00:14.0-7.4/input2
[    3.772825] logitech-djreceiver 0003:046D:C52B.0005: hiddev96,hidraw2: USB HID v1.11 Device [Logitech USB Receiver] on usb-0000:00:14.0-7.1/input2
[    3.878669] input: Logitech Wireless Device PID:408a Keyboard as /devices/pci0000:00/0000:00:14.0/usb3/3-7/3-7.1/3-7.1:1.2/0003:046D:C52B.0005/0003:046D:408A.000E/input/input33
[    3.946373] input: Logitech Wireless Device PID:408a Mouse as /devices/pci0000:00/0000:00:14.0/usb3/3-7/3-7.1/3-7.1:1.2/0003:046D:C52B.0005/0003:046D:408A.000E/input/input34
[    3.946483] logitech-djreceiver 0003:046D:C53F.0008: hidraw3: USB HID v1.11 Keyboard [Logitech USB Receiver] on usb-0000:00:14.0-7.3/input0
[    3.946523] hid-generic 0003:046D:408A.000E: input,hidraw4: USB HID v1.11 Keyboard [Logitech Wireless Device PID:408a] on usb-0000:00:14.0-7.1/input2:1
[    4.055541] logitech-djreceiver 0003:046D:C53F.0009: hiddev97,hidraw5: USB HID v1.11 Mouse [Logitech USB Receiver] on usb-0000:00:14.0-7.3/input1
[    4.107759] logitech-djreceiver 0003:046D:C53F.000A: hiddev98,hidraw6: USB HID v1.11 Device [Logitech USB Receiver] on usb-0000:00:14.0-7.3/input2
[    4.161063] logitech-djreceiver 0003:046D:C53F.000A: device of type eQUAD Lightspeed 1.1 (0x0d) connected on slot 1
[    4.161535] input: Logitech Wireless Mouse PID:4074 Keyboard as /devices/pci0000:00/0000:00:14.0/usb3/3-7/3-7.3/3-7.3:1.2/0003:046D:C53F.000A/0003:046D:4074.000F/input/input38
[    4.169655] input: Logitech Wireless Mouse PID:4074 Mouse as /devices/pci0000:00/0000:00:14.0/usb3/3-7/3-7.3/3-7.3:1.2/0003:046D:C53F.000A/0003:046D:4074.000F/input/input39
[    4.169747] hid-generic 0003:046D:4074.000F: input,hidraw7: USB HID v1.11 Keyboard [Logitech Wireless Mouse PID:4074] on usb-0000:00:14.0-7.3/input2:1
[    4.248379] [drm] Initialized i915 1.6.0 20201103 for 0000:00:02.0 on minor 0
[    4.251547] ACPI: video: Video Device [GFX0] (multi-head: yes  rom: no  post: no)
[    4.252005] input: Video Bus as /devices/LNXSYSTM:00/LNXSYBUS:00/PNP0A08:00/LNXVIDEO:00/input/input43
[    4.287602] fbcon: i915drmfb (fb0) is primary device
[    4.287607] fbcon: Deferring console take-over
--
[  943.984485] usb 3-6: new full-speed USB device number 11 using xhci_hcd
[  944.174059] usb 3-6: New USB device found, idVendor=1050, idProduct=0120, bcdDevice= 5.27
[  944.174067] usb 3-6: New USB device strings: Mfr=1, Product=2, SerialNumber=0
[  944.174069] usb 3-6: Product: Security Key by Yubico
[  944.174071] usb 3-6: Manufacturer: Yubico
[  944.177130] hid-generic 0003:1050:0120.0010: hiddev99,hidraw11: USB HID v1.10 Device [Yubico Security Key by Yubico] on usb-0000:00:14.0-6/input0
