[    0.005061] ACPI: RSDP 0x00000000CCE3B014 000024 (v02 ALASKA)
[    0.005064] ACPI: XSDT 0x00000000CCE3A728 0000D4 (v01 ALASKA A M I    01072009 AMI  01000013)
[    0.005068] ACPI: FACP 0x00000000CB879000 000114 (v06 ALASKA A M I    01072009 AMI  00010013)
[    0.005071] ACPI: DSDT 0x00000000CB871000 007B42 (v02 ALASKA A M I    01072009 INTL 20120913)
[    0.005074] ACPI: FACS 0x00000000CCE35000 000040
[    0.005076] ACPI: SSDT 0x00000000CB87F000 008C98 (v02 AMD    AmdTable 00000002 MSFT 04000000)
[    0.005078] ACPI: SSDT 0x00000000CB87B000 003A78 (v01 AMD    AMD AOD  00000001 INTL 20120913)
[    0.005080] ACPI: SSDT 0x00000000CB87A000 000164 (v02 ALASKA CPUSSDT  01072009 AMI  01072009)
[    0.005082] ACPI: FIDT 0x00000000CB870000 00009C (v01 ALASKA A M I    01072009 AMI  00010013)
[    0.005084] ACPI: MCFG 0x00000000CB86F000 00003C (v01 ALASKA A M I    01072009 MSFT 00010013)
[    0.005086] ACPI: HPET 0x00000000CB86E000 000038 (v01 ALASKA A M I    01072009 AMI  00000005)
[    0.005088] ACPI: SSDT 0x00000000CB86D000 000024 (v01 AMD    BIXBY    00001000 INTL 20120913)
[    0.005090] ACPI: IVRS 0x00000000CB86C000 0000D0 (v02 AMD    AmdTable 00000001 AMD  00000000)
[    0.005092] ACPI: PCCT 0x00000000CB86B000 00006E (v02 AMD    AmdTable 00000001 AMD  00000000)
[    0.005094] ACPI: SSDT 0x00000000CB865000 005E09 (v02 AMD    AmdTable 00000001 AMD  00000001)
--
[    0.042999] printk: log_buf_len total cpu_extra contributions: 126976 bytes
[    0.043000] printk: log_buf_len min size: 131072 bytes
[    0.043118] printk: log_buf_len: 262144 bytes
[    0.043118] printk: early log buf free: 116728(89%)
[    0.044938] Dentry cache hash table entries: 4194304 (order: 13, 33554432 bytes, linear)
[    0.045832] Inode-cache hash table entries: 2097152 (order: 12, 16777216 bytes, linear)
[    0.045906] mem auto-init: stack:byref_all(zero), heap alloc:on, heap free:off
[    0.086630] Memory: 32656308K/33479304K available (14344K kernel code, 2040K rwdata, 8988K rodata, 1652K init, 4372K bss, 822736K reserved, 0K cma-reserved)
[    0.086635] random: get_random_u64 called from __kmem_cache_create+0x22/0x530 with crng_init=0
[    0.086735] SLUB: HWalign=64, Order=0-3, MinObjects=0, CPUs=32, Nodes=1
[    0.086745] ftrace: allocating 41908 entries in 164 pages
--
[    2.110359] usb 5-3: New USB device strings: Mfr=1, Product=2, SerialNumber=3
[    2.110360] usb 5-3: Product: G502 HERO SE
[    2.110361] usb 5-3: Manufacturer: Logitech
[    2.110362] usb 5-3: SerialNumber: 1579385F3038
[    2.120728] input: MSI MYSTIC LIGHT  as /devices/pci0000:00/0000:00:01.2/0000:20:00.0/0000:21:08.0/0000:2b:00.3/usb3/3-5/3-5:1.0/0003:1462:7C37.0001/input/input2
[    2.120805] hid-generic 0003:1462:7C37.0001: input,hiddev96,hidraw0: USB HID v1.10 Device [MSI MYSTIC LIGHT ] on usb-0000:2b:00.3-5/input0
[    2.128489] input: Logitech G502 HERO SE as /devices/pci0000:00/0000:00:08.1/0000:32:00.3/usb5/5-3/5-3:1.0/0003:046D:C08B.0002/input/input3
[    2.128619] hid-generic 0003:046D:C08B.0002: input,hidraw1: USB HID v1.11 Mouse [Logitech G502 HERO SE] on usb-0000:32:00.3-3/input0
[    2.136557] input: Logitech G502 HERO SE Keyboard as /devices/pci0000:00/0000:00:08.1/0000:32:00.3/usb5/5-3/5-3:1.1/0003:046D:C08B.0003/input/input4
[    2.191731] hid-generic 0003:046D:C08B.0003: input,hiddev97,hidraw2: USB HID v1.11 Keyboard [Logitech G502 HERO SE] on usb-0000:32:00.3-3/input1
[    2.191886] usbcore: registered new interface driver usbhid
[    2.191888] usbhid: USB HID core driver
[    2.201952] usb 4-3: new SuperSpeed Gen 1 USB device number 2 using xhci_hcd
[    2.224388] usb 4-3: New USB device found, idVendor=05dc, idProduct=a838, bcdDevice=11.00
[    2.224391] usb 4-3: New USB device strings: Mfr=1, Product=2, SerialNumber=3
--
[    2.227372] usbcore: registered new interface driver usb-storage
[    2.228222] usbcore: registered new interface driver uas
[    2.255171] firewire_core 0000:29:00.0: created device fw0: GUID 7856341278563412, S800
[    2.315303] usb 5-4: new full-speed USB device number 3 using xhci_hcd
[    2.341680] usb 3-6: new high-speed USB device number 3 using xhci_hcd
[    2.412081] usb 1-6: New USB device found, idVendor=256c, idProduct=006e, bcdDevice= 0.00
[    2.412086] usb 1-6: New USB device strings: Mfr=5, Product=6, SerialNumber=0
[    2.412087] usb 1-6: Product: Tablet Monitor
[    2.435183] hid-generic 0003:256C:006E.0004: hiddev98,hidraw3: USB HID v1.11 Device [Tablet Monitor] on usb-0000:2b:00.1-6/input0
[    2.442148] input: Tablet Monitor as /devices/pci0000:00/0000:00:01.2/0000:20:00.0/0000:21:08.0/0000:2b:00.1/usb1/1-6/1-6:1.1/0003:256C:006E.0005/input/input7
[    2.442232] hid-generic 0003:256C:006E.0005: input,hidraw4: USB HID v1.11 Device [Tablet Monitor] on usb-0000:2b:00.1-6/input1
[    2.451753] input: Tablet Monitor Pen as /devices/pci0000:00/0000:00:01.2/0000:20:00.0/0000:21:08.0/0000:2b:00.1/usb1/1-6/1-6:1.0/0003:256C:006E.0004/input/input8
[    2.451804] input: Tablet Monitor Pad as /devices/pci0000:00/0000:00:01.2/0000:20:00.0/0000:21:08.0/0000:2b:00.1/usb1/1-6/1-6:1.0/0003:256C:006E.0004/input/input9
[    2.451837] uclogic 0003:256C:006E.0004: input,hidraw3: USB HID v1.11 Keypad [Tablet Monitor] on usb-0000:2b:00.1-6/input0
[    2.472771] usb 5-4: New USB device found, idVendor=1b1c, idProduct=1b02, bcdDevice= 1.36
[    2.472775] usb 5-4: New USB device strings: Mfr=1, Product=2, SerialNumber=0
[    2.472777] usb 5-4: Product: Corsair Vengeance K90 Keyboard
[    2.472778] usb 5-4: Manufacturer: Corsair
[    2.481910] uclogic 0003:256C:006E.0005: No inputs registered, leaving
[    2.481948] uclogic 0003:256C:006E.0005: hidraw4: USB HID v1.11 Device [Tablet Monitor] on usb-0000:2b:00.1-6/input1
[    2.484925] usb 3-6: New USB device found, idVendor=05e3, idProduct=0608, bcdDevice=88.32
[    2.484929] usb 3-6: New USB device strings: Mfr=0, Product=1, SerialNumber=0
[    2.484931] usb 3-6: Product: USB2.0 Hub
[    2.496187] input: Corsair Corsair Vengeance K90 Keyboard as /devices/pci0000:00/0000:00:08.1/0000:32:00.3/usb5/5-4/5-4:1.0/0003:1B1C:1B02.0006/input/input11
[    2.524747] hub 3-6:1.0: USB hub found
--
[   57.260432] audit: type=1101 audit(1623832475.068:77): pid=8897 uid=0 auid=4294967295 ses=4294967295 msg='op=PAM:accounting grantors=pam_access,pam_unix,pam_permit,pam_time acct="r" exe="/usr/lib/systemd/systemd" hostname=? addr=? terminal=? res=success'
[   57.260445] audit: type=1103 audit(1623832475.068:78): pid=8897 uid=0 auid=4294967295 ses=4294967295 msg='op=PAM:setcred grantors=? acct="r" exe="/usr/lib/systemd/systemd" hostname=? addr=? terminal=? res=failed'
[   57.260471] audit: type=1006 audit(1623832475.068:79): pid=8897 uid=0 old-auid=4294967295 auid=1000 tty=(none) old-ses=4294967295 ses=3 res=1
[   59.522369] ------------[ cut here ]------------
[   59.522371] WARNING: CPU: 0 PID: 186 at drivers/gpu/drm/amd/amdgpu/../display/dc/dcn20/dcn20_resource.c:3240 dcn20_validate_bandwidth_fp+0x8b/0xc0 [amdgpu]
[   59.522499] Modules linked in: ccm vfat fat btusb btrtl btbcm btintel bluetooth ecdh_generic mousedev joydev ecc intel_rapl_msr wmi_bmof intel_rapl_common amdgpu edac_mce_amd snd_hda_codec_realtek snd_hda_codec_generic ledtrig_audio kvm_amd snd_hda_codec_hdmi ccp snd_hda_intel iwlmvm snd_intel_dspcfg rng_core snd_intel_sdw_acpi gpu_sched kvm i2c_algo_bit snd_hda_codec mac80211 drm_ttm_helper irqbypass btrfs ttm snd_hda_core libarc4 drm_kms_helper crct10dif_pclmul snd_hwdep crc32_pclmul iwlwifi snd_pcm cec ghash_clmulni_intel syscopyarea aesni_intel r8169 sysfillrect blake2b_generic snd_timer snd sp5100_tco realtek crypto_simd sysimgblt xor cfg80211 fb_sys_fops raid6_pq soundcore cryptd i2c_piix4 mdio_devres libcrc32c libphy rfkill pcspkr k10temp rapl mac_hid pinctrl_amd wmi acpi_cpufreq pkcs8_key_parser sg drm crypto_user fuse agpgart bpf_preload ip_tables x_tables ext4 crc32c_generic crc16 mbcache jbd2 hid_corsair hid_uclogic uas usb_storage usbhid firewire_ohci firewire_core xhci_pci
[   59.522536]  crc32c_intel xhci_pci_renesas crc_itu_t
[   59.522539] CPU: 0 PID: 186 Comm: kworker/0:2 Not tainted 5.12.10-arch1-1 #1
[   59.522540] Hardware name: Micro-Star International Co., Ltd. MS-7C37/MPG X570 GAMING EDGE WIFI (MS-7C37), BIOS 1.94 07/03/2020
[   59.522541] Workqueue: events drm_mode_rmfb_work_fn [drm]
[   59.522560] RIP: 0010:dcn20_validate_bandwidth_fp+0x8b/0xc0 [amdgpu]
--
[  470.059797] audit: type=1105 audit(1623832888.984:154): pid=92045 uid=1000 auid=1000 ses=3 msg='op=PAM:session_open grantors=pam_limits,pam_unix,pam_permit acct="USERNAME" exe="/usr/bin/sudo" hostname=? addr=? terminal=/dev/pts/0 res=success'
[  476.610978] audit: type=1106 audit(1623832895.534:155): pid=92045 uid=1000 auid=1000 ses=3 msg='op=PAM:session_close grantors=pam_limits,pam_unix,pam_permit acct="USERNAME" exe="/usr/bin/sudo" hostname=? addr=? terminal=/dev/pts/0 res=success'
[  476.611046] audit: type=1104 audit(1623832895.534:156): pid=92045 uid=1000 auid=1000 ses=3 msg='op=PAM:setcred grantors=pam_faillock,pam_permit,pam_env,pam_faillock acct="USERNAME" exe="/usr/bin/sudo" hostname=? addr=? terminal=/dev/pts/0 res=success'
[  490.706025] usb 1-6: USB disconnect, device number 3
[  497.752225] usb 1-6: new full-speed USB device number 4 using xhci_hcd
[  497.933124] usb 1-6: New USB device found, idVendor=256c, idProduct=006e, bcdDevice= 0.00
[  497.933131] usb 1-6: New USB device strings: Mfr=5, Product=6, SerialNumber=0
[  497.933133] usb 1-6: Product: Tablet Monitor
[  497.960581] input: Tablet Monitor Pen as /devices/pci0000:00/0000:00:01.2/0000:20:00.0/0000:21:08.0/0000:2b:00.1/usb1/1-6/1-6:1.0/0003:256C:006E.0009/input/input28
[  497.960703] input: Tablet Monitor Pad as /devices/pci0000:00/0000:00:01.2/0000:20:00.0/0000:21:08.0/0000:2b:00.1/usb1/1-6/1-6:1.0/0003:256C:006E.0009/input/input29
[  497.960774] uclogic 0003:256C:006E.0009: input,hidraw3: USB HID v1.11 Keypad [Tablet Monitor] on usb-0000:2b:00.1-6/input0
[  497.967490] uclogic 0003:256C:006E.000A: No inputs registered, leaving
[  497.967549] uclogic 0003:256C:006E.000A: hidraw4: USB HID v1.11 Device [Tablet Monitor] on usb-0000:2b:00.1-6/input1
[  509.358902] audit: type=1101 audit(1623832928.284:157): pid=92104 uid=1000 auid=1000 ses=3 msg='op=PAM:accounting grantors=pam_unix,pam_permit,pam_time acct="r" exe="/usr/bin/sudo" hostname=? addr=? terminal=/dev/pts/0 res=success'
[  509.359307] audit: type=1110 audit(1623832928.284:158): pid=92104 uid=1000 auid=1000 ses=3 msg='op=PAM:setcred grantors=pam_faillock,pam_permit,pam_env,pam_faillock acct="USERNAME" exe="/usr/bin/sudo" hostname=? addr=? terminal=/dev/pts/0 res=success'
[  509.361067] audit: type=1105 audit(1623832928.284:159): pid=92104 uid=1000 auid=1000 ses=3 msg='op=PAM:session_open grantors=pam_limits,pam_unix,pam_permit acct="USERNAME" exe="/usr/bin/sudo" hostname=? addr=? terminal=/dev/pts/0 res=success'
