[    0.000000] BIOS-e820: [mem 0x00000000fe000000-0x00000000fe010fff] reserved
[    0.000000] BIOS-e820: [mem 0x00000000fed10000-0x00000000fed19fff] reserved
[    0.000000] BIOS-e820: [mem 0x00000000fed84000-0x00000000fed84fff] reserved
[    0.000000] BIOS-e820: [mem 0x00000000fee00000-0x00000000fee00fff] reserved
[    0.000000] BIOS-e820: [mem 0x00000000ff380000-0x00000000ffffffff] reserved
[    0.000000] BIOS-e820: [mem 0x0000000100000000-0x000000045e7fffff] usable
[    0.000000] NX (Execute Disable) protection: active
[    0.000000] e820: update [mem 0x74c68018-0x74c94657] usable ==> usable
[    0.000000] e820: update [mem 0x74c68018-0x74c94657] usable ==> usable
[    0.000000] extended physical RAM map:
[    0.000000] reserve setup_data: [mem 0x0000000000000000-0x000000000009efff] usable
--
[    0.000000] reserve setup_data: [mem 0x00000000fe000000-0x00000000fe010fff] reserved
[    0.000000] reserve setup_data: [mem 0x00000000fed10000-0x00000000fed19fff] reserved
[    0.000000] reserve setup_data: [mem 0x00000000fed84000-0x00000000fed84fff] reserved
[    0.000000] reserve setup_data: [mem 0x00000000fee00000-0x00000000fee00fff] reserved
[    0.000000] reserve setup_data: [mem 0x00000000ff380000-0x00000000ffffffff] reserved
[    0.000000] reserve setup_data: [mem 0x0000000100000000-0x000000045e7fffff] usable
[    0.000000] efi: EFI v2.70 by INSYDE Corp.
[    0.000000] efi: ACPI=0x8fc4d000 ACPI 2.0=0x8fc4d014 TPMFinalLog=0x8fb74000 ESRT=0x8df14018 SMBIOS=0x8d902000 SMBIOS 3.0=0x8d900000 RNG=0x8d8fe898 TPMEventLog=0x74c95018 
[    0.000000] efi: seeding entropy pool
[    0.000000] random: fast init done
[    0.000000] secureboot: Secure boot disabled
--
[    0.007042] ACPI: UEFI 0x000000008F2CD000 00005C (v01 HPQOEM 86B2     00000000 HP   00040000)
[    0.007043] ACPI: FPDT 0x000000008FBD6000 000044 (v01 HPQOEM SLIC-MPC 00000002 HP   00040000)
[    0.007045] ACPI: BGRT 0x000000008FBD5000 000038 (v01 HPQOEM 86B2     00000001 HP   00040000)
[    0.007049] ACPI: Local APIC address 0xfee00000
[    0.007204] No NUMA configuration found
[    0.007205] Faking a node at [mem 0x0000000000000000-0x000000045e7fffff]
[    0.007211] NODE_DATA(0) allocated [mem 0x45e7d6000-0x45e7fffff]
[    0.007433] Zone ranges:
[    0.007434]   DMA      [mem 0x0000000000001000-0x0000000000ffffff]
[    0.007435]   DMA32    [mem 0x0000000001000000-0x00000000ffffffff]
[    0.007435]   Normal   [mem 0x0000000100000000-0x000000045e7fffff]
[    0.007436]   Device   empty
[    0.007436] Movable zone start for each node
[    0.007438] Early memory node ranges
[    0.007438]   node   0: [mem 0x0000000000001000-0x000000000009efff]
[    0.007439]   node   0: [mem 0x0000000000100000-0x000000008c65dfff]
[    0.007439]   node   0: [mem 0x000000008fc4e000-0x000000008fc4efff]
[    0.007440]   node   0: [mem 0x0000000100000000-0x000000045e7fffff]
[    0.007591] Zeroed struct page in unavailable ranges: 20995 pages
[    0.007592] Initmem setup node 0 [mem 0x0000000000001000-0x000000045e7fffff]
[    0.007592] On node 0 totalpages: 4107773
[    0.007593]   DMA zone: 64 pages used for memmap
[    0.007593]   DMA zone: 21 pages reserved
[    0.007594]   DMA zone: 3998 pages, LIFO batch:0
[    0.007608]   DMA32 zone: 8922 pages used for memmap
--
[    1.093903] [drm] Supports vblank timestamp caching Rev 2 (21.10.2013).
[    1.097759] i915 0000:00:02.0: vgaarb: changed VGA decodes: olddecodes=io+mem,decodes=io+mem:owns=io+mem
[    1.098135] i915 0000:00:02.0: [drm] Finished loading DMC firmware i915/kbl_dmc_ver1_04.bin (v1.4)
[    1.205669] intel-lpss 0000:00:15.1: enabling device (0004 -> 0006)
[    1.205914] idma64 idma64.1: Found Intel integrated DMA 64-bit
[    1.213824] i2c_hid i2c-ELAN2514:00: supply vdd not found, using dummy regulator
[    1.213831] i2c_hid i2c-ELAN2514:00: supply vddl not found, using dummy regulator
[    1.345664] usb 1-5: new full-speed USB device number 2 using xhci_hcd
[    1.376713] i2c_hid i2c-ELAN2514:00: i2c_hid_get_input: IRQ triggered but there's no data
[    1.378178] input: SYNA328C:00 06CB:CD4F Mouse as /devices/pci0000:00/0000:00:15.0/i2c_designware.0/i2c-1/i2c-SYNA328C:00/0018:06CB:CD4F.0001/input/input5
[    1.378242] input: SYNA328C:00 06CB:CD4F Touchpad as /devices/pci0000:00/0000:00:15.0/i2c_designware.0/i2c-1/i2c-SYNA328C:00/0018:06CB:CD4F.0001/input/input6
[    1.378296] hid-generic 0018:06CB:CD4F.0001: input,hidraw0: I2C HID v1.00 Mouse [SYNA328C:00 06CB:CD4F] on i2c-SYNA328C:00
[    1.378644] input: ELAN2514:00 04F3:23F3 Touchscreen as /devices/pci0000:00/0000:00:15.1/i2c_designware.1/i2c-6/i2c-ELAN2514:00/0018:04F3:23F3.0002/input/input8
[    1.378712] input: ELAN2514:00 04F3:23F3 as /devices/pci0000:00/0000:00:15.1/i2c_designware.1/i2c-6/i2c-ELAN2514:00/0018:04F3:23F3.0002/input/input9
[    1.378747] input: ELAN2514:00 04F3:23F3 as /devices/pci0000:00/0000:00:15.1/i2c_designware.1/i2c-6/i2c-ELAN2514:00/0018:04F3:23F3.0002/input/input10
[    1.378782] input: ELAN2514:00 04F3:23F3 as /devices/pci0000:00/0000:00:15.1/i2c_designware.1/i2c-6/i2c-ELAN2514:00/0018:04F3:23F3.0002/input/input11
[    1.378838] hid-generic 0018:04F3:23F3.0002: input,hidraw1: I2C HID v1.00 Device [ELAN2514:00 04F3:23F3] on i2c-ELAN2514:00
[    1.420989] [drm] Initialized i915 1.6.0 20200515 for 0000:00:02.0 on minor 0
[    1.423459] ACPI: Video Device [GFX0] (multi-head: yes  rom: no  post: no)
[    1.423798] input: Video Bus as /devices/LNXSYSTM:00/LNXSYBUS:00/PNP0A08:00/LNXVIDEO:00/input/input14
[    1.423898] [Firmware Bug]: ACPI(PXSX) defines _DOD but not _DOS
[    1.423906] ACPI: Video Device [PXSX] (multi-head: yes  rom: yes  post: no)
--
[    1.561755] tsc: Refined TSC clocksource calibration: 2303.998 MHz
[    1.561771] clocksource: tsc: mask: 0xffffffffffffffff max_cycles: 0x2135f5e6f15, max_idle_ns: 440795231538 ns
[    1.561842] clocksource: Switched to clocksource tsc
[    1.621787] usb 1-10: new full-speed USB device number 3 using xhci_hcd
[    1.633561] ish-hid {33AECD58-B679-4E54-9BD9-A04D34F0C226}: [hid-ish]: enum_devices_done OK, num_hid_devices=4
[    1.646468] hid-generic 001F:8087:0AC2.0003: hidraw2: <UNKNOWN> HID v2.00 Device [hid-ishtp 8087:0AC2] on 
[    1.661561] hid-generic 001F:8087:0AC2.0004: hidraw3: <UNKNOWN> HID v2.00 Device [hid-ishtp 8087:0AC2] on 
[    1.676992] hid-generic 001F:8087:0AC2.0005: hidraw4: <UNKNOWN> HID v2.00 Device [hid-ishtp 8087:0AC2] on 
[    1.682768] hid-generic 001F:8087:0AC3.0006: hidraw5: <UNKNOWN> HID v2.00 Device [hid-ishtp 8087:0AC3] on 
[    1.771948] usb 1-10: New USB device found, idVendor=8087, idProduct=0026, bcdDevice= 0.02
[    1.771953] usb 1-10: New USB device strings: Mfr=0, Product=0, SerialNumber=0
[    1.879766] system76_acpi: loading out-of-tree module taints kernel.
[    1.879783] system76_acpi: module verification failed: signature and/or required key missing - tainting kernel
[    1.881432] system76: Model does not utilize this driver
--
[    3.329352] systemd[1]: systemd 246.6-1ubuntu1.1pop0~1612220693~20.10~224c77d running in system mode. (+PAM +AUDIT +SELINUX +IMA +APPARMOR +SMACK +SYSVINIT +UTMP +LIBCRYPTSETUP +GCRYPT +GNUTLS +ACL +XZ +LZ4 +ZSTD +SECCOMP +BLKID +ELFUTILS +KMOD +IDN2 -IDN +PCRE2 default-hierarchy=hybrid)
[    3.346176] systemd[1]: Detected architecture x86-64.
[    3.368816] systemd[1]: Set hostname to <HOSTNAME>.
[    3.479461] systemd[1]: /lib/systemd/system/dbus.service:12: Unit configured to use KillMode=none. This is unsafe, as it disables systemd's process lifecycle management for the service. Please update your service to use a safer KillMode=, such as 'mixed' or 'control-group'. Support for KillMode=none is deprecated and will eventually be removed.
[    3.507831] systemd[1]: /lib/systemd/system/plymouth-start.service:17: Unit configured to use KillMode=none. This is unsafe, as it disables systemd's process lifecycle management for the service. Please update your service to use a safer KillMode=, such as 'mixed' or 'control-group'. Support for KillMode=none is deprecated and will eventually be removed.
[    3.519023] systemd[1]: /etc/systemd/system/teamviewerd.service:9: PIDFile= references a path below legacy directory /var/run/, updating /var/run/teamviewerd.pid \xe2\x86\x92 /run/teamviewerd.pid; please update the unit file accordingly.
[    3.549809] systemd[1]: Queued start job for default target Graphical Interface.
[    3.550669] systemd[1]: Created slice system-modprobe.slice.
[    3.550857] systemd[1]: Created slice User and Session Slice.
[    3.550913] systemd[1]: Started Forward Password Requests to Wall Directory Watch.
[    3.551034] systemd[1]: Set up automount Arbitrary Executable File Formats File System Automount Point.
--
[    3.966664] iwlwifi 0000:00:14.3: Found debug configuration: 0
[    3.967040] iwlwifi 0000:00:14.3: loaded firmware version 55.d9698065.0 QuZ-a0-hr-b0-55.ucode op_mode iwlmvm
[    3.968446] iwlwifi 0000:00:14.3: Direct firmware load for iwl-debug-yoyo.bin failed with error -2
[    3.988149] input: SYNA328C:00 06CB:CD4F Mouse as /devices/pci0000:00/0000:00:15.0/i2c_designware.0/i2c-1/i2c-SYNA328C:00/0018:06CB:CD4F.0001/input/input20
[    3.988218] input: SYNA328C:00 06CB:CD4F Touchpad as /devices/pci0000:00/0000:00:15.0/i2c_designware.0/i2c-1/i2c-SYNA328C:00/0018:06CB:CD4F.0001/input/input21
[    3.988275] hid-multitouch 0018:06CB:CD4F.0001: input,hidraw0: I2C HID v1.00 Mouse [SYNA328C:00 06CB:CD4F] on i2c-SYNA328C:00
[    4.045958] usbcore: registered new interface driver btusb
[    4.048160] Bluetooth: hci0: Bootloader revision 0.4 build 0 week 30 2018
[    4.049834] snd_hda_intel 0000:00:1f.3: DSP detected with PCI class/subclass/prog-if info 0x040100
[    4.049838] snd_hda_intel 0000:00:1f.3: Digital mics found on Skylake+ platform, using SOF driver
[    4.053141] Bluetooth: hci0: Device revision is 2
[    4.053142] Bluetooth: hci0: Secure boot is enabled
[    4.053143] Bluetooth: hci0: OTP lock is enabled
[    4.053143] Bluetooth: hci0: API lock is enabled
[    4.053144] Bluetooth: hci0: Debug lock is disabled
[    4.053145] Bluetooth: hci0: Minimum firmware build 1 week 10 2014
[    4.056565] iwlwifi 0000:00:14.3: Detected Intel(R) Wi-Fi 6 AX201 160MHz, REV=0x354
[    4.056597] Bluetooth: hci0: Found device firmware: intel/ibt-19-0-4.sfi
[    4.101216] intel_rapl_common: Found RAPL domain package
[    4.101218] intel_rapl_common: Found RAPL domain core
[    4.101218] intel_rapl_common: Found RAPL domain uncore
--
[    4.110508] sof-audio-pci 0000:00:1f.3: bound 0000:00:02.0 (ops i915_audio_component_bind_ops [i915])
[    4.117179] sof-audio-pci 0000:00:1f.3: use msi interrupt mode
[    4.160730] sof-audio-pci 0000:00:1f.3: hda codecs found, mask 5
[    4.160732] sof-audio-pci 0000:00:1f.3: using HDA machine driver skl_hda_dsp_generic now
[    4.160737] sof-audio-pci 0000:00:1f.3: DMICs detected in NHLT tables: 2
[    4.173194] input: ELAN2514:00 04F3:23F3 as /devices/pci0000:00/0000:00:15.1/i2c_designware.1/i2c-6/i2c-ELAN2514:00/0018:04F3:23F3.0002/input/input23
[    4.173305] input: ELAN2514:00 04F3:23F3 UNKNOWN as /devices/pci0000:00/0000:00:15.1/i2c_designware.1/i2c-6/i2c-ELAN2514:00/0018:04F3:23F3.0002/input/input24
[    4.173348] input: ELAN2514:00 04F3:23F3 UNKNOWN as /devices/pci0000:00/0000:00:15.1/i2c_designware.1/i2c-6/i2c-ELAN2514:00/0018:04F3:23F3.0002/input/input25
[    4.173390] input: ELAN2514:00 04F3:23F3 as /devices/pci0000:00/0000:00:15.1/i2c_designware.1/i2c-6/i2c-ELAN2514:00/0018:04F3:23F3.0002/input/input26
[    4.173454] hid-multitouch 0018:04F3:23F3.0002: input,hidraw1: I2C HID v1.00 Device [ELAN2514:00 04F3:23F3] on i2c-ELAN2514:00
[    4.234903] iwlwifi 0000:00:14.3: base HW address: 5c:87:9c:ec:d5:4c
[    4.247587] thermal thermal_zone7: failed to read out thermal zone (-61)
[    4.249389] iwlwifi 0000:00:14.3 wlo1: renamed from wlan0
[    4.249957] sof-audio-pci 0000:00:1f.3: Firmware info: version 1:4:2-66a5a
[    4.249959] sof-audio-pci 0000:00:1f.3: Firmware: ABI 3:11:0 Kernel ABI 3:16:0
