[    0.060857] setup_percpu: NR_CPUS:4 nr_cpumask_bits:4 nr_cpu_ids:4 nr_node_ids:1
[    0.061502] percpu: Embedded 53 pages/cpu s179480 r8192 d29416 u524288
[    0.061523] pcpu-alloc: s179480 r8192 d29416 u524288 alloc=1*2097152
[    0.061531] pcpu-alloc: [0] 0 1 2 3 
[    0.061593] Built 1 zonelists, mobility grouping on.  Total pages: 2014829
[    0.061600] Kernel command line: rd.luks.uuid=f5c2d8c8-3980-4890-a7e0-72527099a857 rd.luks.options=f5c2d8c8-3980-4890-a7e0-72527099a857=tpm2-device=auto rd.luks.allow-discards rd.lvm.lv=vg_lenovo_tablet/gentooUSERNAME USERNAME=UUID=234b2042-48cd-493a-b012-6954dfa1d813 USERNAMEflags=subvol=activeUSERNAME,noatime,ssd,compress=lzo,noautodefrag init=/lib/systemd/systemd quiet splash cfg80211.ieee80211_regdom=DE 
[    0.061819] Unknown kernel command line parameters "splash", will be passed to user space.
[    0.063837] Dentry cache hash table entries: 1048576 (order: 11, 8388608 bytes, linear)
[    0.064889] Inode-cache hash table entries: 524288 (order: 10, 4194304 bytes, linear)
[    0.064987] mem auto-init: stack:off, heap alloc:on, heap free:off
[    0.156468] Memory: 7823324K/8187788K available (18450K kernel code, 2961K rwdata, 5668K rodata, 29172K init, 1244K bss, 364204K reserved, 0K cma-reserved)
--
[    1.204425] TCP bind hash table entries: 65536 (order: 8, 1048576 bytes, linear)
[    1.204748] TCP: Hash tables configured (established 65536 bind 65536)
[    1.204846] UDP hash table entries: 4096 (order: 5, 131072 bytes, linear)
[    1.204919] UDP-Lite hash table entries: 4096 (order: 5, 131072 bytes, linear)
[    1.205036] NET: Registered PF_UNIX/PF_LOCAL protocol family
[    1.205319] RPC: Registered named UNIX socket transport module.
[    1.205323] RPC: Registered udp transport module.
[    1.205325] RPC: Registered tcp transport module.
[    1.205328] RPC: Registered tcp NFSv4.1 backchannel transport module.
[    1.205861] pci 0000:00:13.0: PCI bridge to [bus 01]
[    1.205879] pci 0000:00:13.0:   bridge window [mem 0xa1100000-0xa11fffff]
--
[    2.004184] ACPI: AC: AC Adapter [ADP1] (on-line)
[    2.004323] input: Lid Switch as /devices/LNXSYSTM:00/LNXSYBUS:00/PNP0A08:00/device:01/PNP0C09:00/PNP0C0D:00/input/input0
[    2.004368] ACPI: button: Lid Switch [LID0]
[    2.004466] input: Power Button as /devices/LNXSYSTM:00/LNXSYBUS:00/PNP0C0C:00/input/input1
[    2.004509] ACPI: button: Power Button [PWRB]
[    2.004580] input: Power Button as /devices/LNXSYSTM:00/LNXPWRBN:00/input/input2
[    2.013986] ACPI: button: Power Button [PWRF]
[    2.018224] thermal LNXTHERM:00: registered as thermal_zone0
[    2.018230] ACPI: thermal: Thermal Zone [TZ01] (50 C)
[    2.040515] Serial: 8250/16550 driver, 4 ports, IRQ sharing enabled
[    2.041690] Non-volatile memory driver v1.3
--
[    8.195700] usb 1-7: SerialNumber: 200901010001
[    8.320992] usb 1-9: new full-speed USB device number 5 using xhci_hcd
[    8.462255] usb 1-9: New USB device found, idVendor=8087, idProduct=0aaa, bcdDevice= 0.02
[    8.462275] usb 1-9: New USB device strings: Mfr=0, Product=0, SerialNumber=0
[    8.482103] input: HAILUCK CO.,LTD Duet 3 USB Composite Device as /devices/pci0000:00/0000:00:15.0/usb1/1-5/1-5:1.0/0003:17EF:60FA.0001/input/input8
[    8.538256] hid-generic 0003:17EF:60FA.0001: input,hidraw0: USB HID v1.11 Keyboard [HAILUCK CO.,LTD Duet 3 USB Composite Device] on usb-0000:00:15.0-5/input0
[    8.540069] input: HAILUCK CO.,LTD Duet 3 USB Composite Device Consumer Control as /devices/pci0000:00/0000:00:15.0/usb1/1-5/1-5:1.1/0003:17EF:60FA.0002/input/input9
[    8.594624] input: HAILUCK CO.,LTD Duet 3 USB Composite Device Mouse as /devices/pci0000:00/0000:00:15.0/usb1/1-5/1-5:1.1/0003:17EF:60FA.0002/input/input10
[    8.594982] input: HAILUCK CO.,LTD Duet 3 USB Composite Device Touchpad as /devices/pci0000:00/0000:00:15.0/usb1/1-5/1-5:1.1/0003:17EF:60FA.0002/input/input11
[    8.595435] input: HAILUCK CO.,LTD Duet 3 USB Composite Device Wireless Radio Control as /devices/pci0000:00/0000:00:15.0/usb1/1-5/1-5:1.1/0003:17EF:60FA.0002/input/input12
[    8.595980] hid-generic 0003:17EF:60FA.0002: input,hiddev96,hidraw1: USB HID v1.11 Mouse [HAILUCK CO.,LTD Duet 3 USB Composite Device] on usb-0000:00:15.0-5/input1
[    8.793376] input: HAILUCK CO.,LTD Duet 3 USB Composite Device Consumer Control as /devices/pci0000:00/0000:00:15.0/usb1/1-5/1-5:1.1/0003:17EF:60FA.0002/input/input13
[    8.847993] input: HAILUCK CO.,LTD Duet 3 USB Composite Device Mouse as /devices/pci0000:00/0000:00:15.0/usb1/1-5/1-5:1.1/0003:17EF:60FA.0002/input/input14
[    8.848377] input: HAILUCK CO.,LTD Duet 3 USB Composite Device Touchpad as /devices/pci0000:00/0000:00:15.0/usb1/1-5/1-5:1.1/0003:17EF:60FA.0002/input/input15
[    8.848836] input: HAILUCK CO.,LTD Duet 3 USB Composite Device Wireless Radio Control as /devices/pci0000:00/0000:00:15.0/usb1/1-5/1-5:1.1/0003:17EF:60FA.0002/input/input16
[    8.849377] hid-multitouch 0003:17EF:60FA.0002: input,hiddev96,hidraw1: USB HID v1.11 Mouse [HAILUCK CO.,LTD Duet 3 USB Composite Device] on usb-0000:00:15.0-5/input1
[   17.440280] BTRFS: device fsid 234b2042-48cd-493a-b012-6954dfa1d813 devid 1 transid 86514 /dev/dm-1 scanned by systemd-udevd (580)
[   17.645578] BTRFS info (device dm-1): flagging fs with big metadata feature
[   17.645589] BTRFS info (device dm-1): enabling ssd optimizations
[   17.645592] BTRFS info (device dm-1): use lzo compression, level 0
[   17.645596] BTRFS info (device dm-1): using free space tree
--
[   18.315564] systemd-journald[245]: Received SIGTERM from PID 1 (systemd).
[   18.767851] systemd[1]: systemd 249 running in system mode (+PAM -AUDIT -SELINUX -APPARMOR +IMA +SMACK +SECCOMP +GCRYPT +GNUTLS +OPENSSL +ACL +BLKID -CURL -ELFUTILS -FIDO2 +IDN2 -IDN -IPTC +KMOD +LIBCRYPTSETUP +LIBFDISK +PCRE2 -PWQUALITY -P11KIT -QRENCODE -BZIP2 +LZ4 +XZ -ZLIB +ZSTD -XKBCOMMON +UTMP +SYSVINIT default-hierarchy=unified)
[   18.784504] systemd[1]: Detected architecture x86-64.
[   18.789526] systemd[1]: Hostname set to <HOSTNAME>.
[   18.790358] Lockdown: systemd: /dev/mem,kmem,port is restricted; see man kernel_lockdown.7
[   19.752312] systemd-cryptsetup-generator[779]: Failed to create unit file /run/systemd/generator/systemd-cryptsetup@luks\x2df5c2d8c8\x2d3980\x2d4890\x2da7e0\x2d72527099a857.service: File exists
[   19.777003] systemd[773]: /lib/systemd/system-generators/systemd-cryptsetup-generator failed with exit status 1.
[   19.968059] systemd[1]: /etc/systemd/system/iwd.service.d/override.conf:1: Assignment outside of section. Ignoring.
[   19.984492] systemd[1]: /run/systemd/generator/systemd-cryptsetup@luks\x2df5c2d8c8\x2d3980\x2d4890\x2da7e0\x2d72527099a857.service:14: RequiresMountsFor= path is not absolute, ignoring: discard,tpm2-device=auto
[   19.984501] systemd[1]: /run/systemd/generator/systemd-cryptsetup@luks\x2df5c2d8c8\x2d3980\x2d4890\x2da7e0\x2d72527099a857.service:15: RequiresMountsFor= path is not absolute, ignoring: -
[   20.219746] systemd[1]: initrd-switch-USERNAME.service: Deactivated successfully.
[   20.219970] systemd[1]: Stopped Switch Root.
[   20.220262] systemd[1]: systemd-journald.service: Scheduled restart job, restart counter is at 1.
[   20.220657] systemd[1]: Created slice Slice /system/getty.
[   20.221009] systemd[1]: Created slice Slice /system/modprobe.
[   20.221300] systemd[1]: Created slice User and Session Slice.
[   20.221340] systemd[1]: Condition check resulted in Dispatch Password Requests to Console Directory Watch being skipped.
[   20.221421] systemd[1]: Started Forward Password Requests to Wall Directory Watch.
[   20.221627] systemd[1]: Set up automount Arbitrary Executable File Formats File System Automount Point.
[   20.221688] systemd[1]: Reached target Block Device Preparation for /dev/mapper/luks-f5c2d8c8-3980-4890-a7e0-72527099a857.
[   20.221724] systemd[1]: Reached target Local Encrypted Volumes.
[   20.221762] systemd[1]: Reached target Login Prompts.
[   20.221801] systemd[1]: Stopped target Switch Root.
[   20.221837] systemd[1]: Stopped target Initrd File Systems.
[   20.221869] systemd[1]: Stopped target Initrd Root File System.
--
[   24.006761] videodev: Linux video capture interface: v2.00
[   24.026278] iwlwifi 0000:00:0c.0: Detected Intel(R) Wireless-AC 9560, REV=0x318
[   24.032897] thermal thermal_zone7: failed to read out thermal zone (-61)
[   24.046136] bmi160_i2c i2c-10EC5280:00: mounting matrix not found: using identity...
[   24.079723] iwlwifi 0000:00:0c.0: base HW address: 60:f2:62:7c:de:ef
[   24.095587] i2c_hid_acpi i2c-ELAN901C:00: i2c_hid_get_input: IRQ triggered but there's no data
[   24.103257] input: ELAN901C:00 04F3:2BD6 as /devices/pci0000:00/0000:00:16.3/i2c_designware.1/i2c-7/i2c-ELAN901C:00/0018:04F3:2BD6.0003/input/input17
[   24.103448] input: ELAN901C:00 04F3:2BD6 UNKNOWN as /devices/pci0000:00/0000:00:16.3/i2c_designware.1/i2c-7/i2c-ELAN901C:00/0018:04F3:2BD6.0003/input/input18
[   24.103544] input: ELAN901C:00 04F3:2BD6 UNKNOWN as /devices/pci0000:00/0000:00:16.3/i2c_designware.1/i2c-7/i2c-ELAN901C:00/0018:04F3:2BD6.0003/input/input19
[   24.103627] input: ELAN901C:00 04F3:2BD6 Stylus as /devices/pci0000:00/0000:00:16.3/i2c_designware.1/i2c-7/i2c-ELAN901C:00/0018:04F3:2BD6.0003/input/input20
[   24.103769] hid-multitouch 0018:04F3:2BD6.0003: input,hidraw2: I2C HID v1.00 Device [ELAN901C:00 04F3:2BD6] on i2c-ELAN901C:00
[   24.133626] iio iio:device0: Not setting up IRQ trigger
[   24.148725] ieee80211 phy0: Selected rate control algorithm 'iwl-mvm-rs'
[   24.413588] snd_hda_intel 0000:00:0e.0: bound 0000:00:02.0 (ops 0xffffffffa3703f00)
[   24.687756] usb 1-4: Found UVC 1.00 device Intergrated Camera 2M (0bda:5609)
[   24.692397] input: Intergrated Camera 2M: Intergra as /devices/pci0000:00/0000:00:15.0/usb1/1-4/1-4:1.0/input/input23
--
[   78.119791] usb 1-5: New USB device found, idVendor=17ef, idProduct=60fa, bcdDevice= 0.08
[   78.119799] usb 1-5: New USB device strings: Mfr=1, Product=2, SerialNumber=0
[   78.119801] usb 1-5: Product: Duet 3 USB Composite Device
[   78.119803] usb 1-5: Manufacturer: HAILUCK CO.,LTD
[   78.121911] input: HAILUCK CO.,LTD Duet 3 USB Composite Device as /devices/pci0000:00/0000:00:15.0/usb1/1-5/1-5:1.0/0003:17EF:60FA.0004/input/input33
[   78.177630] hid-generic 0003:17EF:60FA.0004: input,hidraw0: USB HID v1.11 Keyboard [HAILUCK CO.,LTD Duet 3 USB Composite Device] on usb-0000:00:15.0-5/input0
[   78.186229] input: HAILUCK CO.,LTD Duet 3 USB Composite Device Consumer Control as /devices/pci0000:00/0000:00:15.0/usb1/1-5/1-5:1.1/0003:17EF:60FA.0005/input/input34
[   78.240670] input: HAILUCK CO.,LTD Duet 3 USB Composite Device Mouse as /devices/pci0000:00/0000:00:15.0/usb1/1-5/1-5:1.1/0003:17EF:60FA.0005/input/input35
[   78.240815] input: HAILUCK CO.,LTD Duet 3 USB Composite Device Touchpad as /devices/pci0000:00/0000:00:15.0/usb1/1-5/1-5:1.1/0003:17EF:60FA.0005/input/input36
[   78.240951] input: HAILUCK CO.,LTD Duet 3 USB Composite Device Wireless Radio Control as /devices/pci0000:00/0000:00:15.0/usb1/1-5/1-5:1.1/0003:17EF:60FA.0005/input/input37
[   78.241108] hid-multitouch 0003:17EF:60FA.0005: input,hiddev96,hidraw1: USB HID v1.11 Mouse [HAILUCK CO.,LTD Duet 3 USB Composite Device] on usb-0000:00:15.0-5/input1
[  428.447411] ext4 filesystem being remounted at /run/systemd/unit-USERNAME/run/media/hendrik/7e210ef3-2c6b-4d62-9070-20da572d4876 supports timestamps until 2038 (0x7fffffff)
[  428.465176] ext4 filesystem being remounted at /run/systemd/unit-USERNAME/run/media/hendrik/7e210ef3-2c6b-4d62-9070-20da572d4876 supports timestamps until 2038 (0x7fffffff)
