[    0.000000] BIOS-e820: [mem 0x000000008ef6f000-0x0000000093f2efff] reserved
[    0.000000] BIOS-e820: [mem 0x0000000093f2f000-0x0000000094b2efff] ACPI NVS
[    0.000000] BIOS-e820: [mem 0x0000000094b2f000-0x0000000094bfefff] ACPI data
[    0.000000] BIOS-e820: [mem 0x0000000094bff000-0x0000000094bfffff] usable
[    0.000000] BIOS-e820: [mem 0x0000000094c00000-0x00000000991fffff] reserved
[    0.000000] BIOS-e820: [mem 0x0000000099a00000-0x00000000a07fffff] reserved
[    0.000000] BIOS-e820: [mem 0x00000000c0000000-0x00000000cfffffff] reserved
[    0.000000] BIOS-e820: [mem 0x00000000fed20000-0x00000000fed7ffff] reserved
[    0.000000] BIOS-e820: [mem 0x0000000100000000-0x000000085f7fffff] usable
[    0.000000] NX (Execute Disable) protection: active
[    0.000000] efi: EFI v2.70 by Lenovo
--
[    2.555709] nouveau: detected PR support, will not use DSM
[    2.555730] nouveau 0000:01:00.0: enabling device (0000 -> 0003)
[    2.651423] typec port0: bound usb3-port5 (ops connector_ops)
[    2.651433] typec port0: bound usb2-port1 (ops connector_ops)
[    2.712468] e1000e 0000:00:1f.6 0000:00:1f.6 (uninitialized): registered PHC clock
[    2.731725] psmouse serio2: trackpoint: Elan TrackPoint firmware: 0x12, buttons: 3/3
[    2.756751] nouveau 0000:01:00.0: NVIDIA TU117 (167000a1)
[    2.799566] e1000e 0000:00:1f.6 eth0: (PCI Express:2.5GT/s:Width x1) 6c:24:08:d2:ea:08
[    2.799569] e1000e 0000:00:1f.6 eth0: Intel(R) PRO/1000 Network Connection
[    2.799724] e1000e 0000:00:1f.6 eth0: MAC: 14, PHY: 12, PBA No: FFFFFF-0FF
[    2.800419] e1000e 0000:00:1f.6 enp0s31f6: renamed from eth0
--
[    2.801289] i915 0000:00:02.0: [drm] VT-d active for gfx access
[    2.801290] i915 0000:00:02.0: vgaarb: deactivate vga console
[    2.801328] i915 0000:00:02.0: [drm] Using Transparent Hugepages
[    2.801671] i915 0000:00:02.0: vgaarb: changed VGA decodes: olddecodes=io+mem,decodes=io+mem:owns=mem
[    2.802994] i915 0000:00:02.0: [drm] Finished loading DMC firmware i915/tgl_dmc_ver2_12.bin (v2.12)
[    2.837439] usb 3-5: New USB device found, idVendor=256c, idProduct=0064, bcdDevice= 1.12
[    2.837442] usb 3-5: New USB device strings: Mfr=1, Product=2, SerialNumber=3
[    2.837443] usb 3-5: Product: Huion Tablet_H580X
[    2.837444] usb 3-5: Manufacturer: HUION
[    2.837444] usb 3-5: SerialNumber: 20210221
[    2.911142] nouveau 0000:01:00.0: bios: version 90.17.77.00.36
--
[    3.015019] nouveau 0000:01:00.0: DRM: Pointer to TMDS table not found
[    3.015020] nouveau 0000:01:00.0: DRM: DCB version 4.1
[    3.017410] nouveau 0000:01:00.0: DRM: MM: using COPY for buffer copies
[    3.017557] [drm] Initialized nouveau 1.3.1 20120801 for 0000:01:00.0 on minor 1
[    3.069889] i915 0000:00:02.0: [drm] Protected Xe Path (PXP) protected content support initialized
[    3.087568] hid-generic 0003:256C:0064.0001: hiddev96,hidraw0: USB HID v1.10 Device [HUION Huion Tablet_H580X] on usb-0000:00:14.0-5/input0
[    3.087680] [drm] Initialized i915 1.6.0 20201103 for 0000:00:02.0 on minor 0
[    3.087857] ACPI: video: [Firmware Bug]: ACPI(PEGP) defines _DOD but not _DOS
[    3.087874] ACPI: video: Video Device [PEGP] (multi-head: yes  rom: yes  post: no)
[    3.088047] input: Video Bus as /devices/LNXSYSTM:00/LNXSYBUS:00/PNP0A08:00/device:02/LNXVIDEO:00/input/input7
[    3.095540] ACPI: video: Video Device [GFX0] (multi-head: yes  rom: no  post: no)
[    3.097698] input: Video Bus as /devices/LNXSYSTM:00/LNXSYBUS:00/PNP0A08:00/LNXVIDEO:01/input/input8
[    3.097918] vga_switcheroo: enabled
[    3.103706] fbcon: i915drmfb (fb0) is primary device
[    3.103708] fbcon: Deferring console take-over
[    3.103709] i915 0000:00:02.0: [drm] fb0: i915drmfb frame buffer device
[    3.106615] input: HUION Huion Tablet_H580X as /devices/pci0000:00/0000:00:14.0/usb3/3-5/3-5:1.1/0003:256C:0064.0002/input/input9
[    3.106855] hid-generic 0003:256C:0064.0002: input,hidraw1: USB HID v1.10 Device [HUION Huion Tablet_H580X] on usb-0000:00:14.0-5/input1
[    3.132019] input: HUION Huion Tablet_H580X as /devices/pci0000:00/0000:00:14.0/usb3/3-5/3-5:1.2/0003:256C:0064.0003/input/input10
[    3.184690] hid-generic 0003:256C:0064.0003: input,hidraw2: USB HID v1.10 Keyboard [HUION Huion Tablet_H580X] on usb-0000:00:14.0-5/input2
[    3.188425] input: TPPS/2 Elan TrackPoint as /devices/platform/i8042/serio1/serio2/input/input6
[    3.299333] usb 3-14: new full-speed USB device number 5 using xhci_hcd
[    3.429137] usb 3-14: New USB device found, idVendor=8087, idProduct=0026, bcdDevice= 0.02
[    3.429148] usb 3-14: New USB device strings: Mfr=0, Product=0, SerialNumber=0
[   10.875151] nouveau 0000:01:00.0: sec2: unhandled intr 00000010
[   14.374531] kauditd_printk_skb: 18 callbacks suppressed
--
[   17.254233] NET: Registered PF_QIPCRTR protocol family
[   18.072240] Bluetooth: hci0: Waiting for firmware download to complete
[   18.073805] Bluetooth: hci0: Firmware loaded in 1619627 usecs
[   18.073879] Bluetooth: hci0: Waiting for device to boot
[   18.088812] Bluetooth: hci0: Device booted in 14592 usecs
[   18.088816] Bluetooth: hci0: Malformed MSFT vendor event: 0x02
[   18.089164] Bluetooth: hci0: Found Intel DDC parameters: intel/ibt-19-0-4.ddc
[   18.090829] Bluetooth: hci0: Applying Intel DDC parameters completed
[   18.091827] Bluetooth: hci0: Firmware revision 0.4 build 106 week 39 2022
[   18.157061] Bluetooth: MGMT ver 1.22
[   21.454125] wlp0s20f3: authenticate with 00:23:89:8b:c9:82
--
[   42.410871] nouveau 0000:01:00.0: gr: init failed, -16
[   42.780915] rfkill: input handler disabled
[   50.132340] SELinux:  Context unconfined_u:object_r:snappy_home_t:s0 is not valid (left unmapped).
[   67.520511] usb 3-5: USB disconnect, device number 4
[   69.766860] usb 3-5: new full-speed USB device number 6 using xhci_hcd
[   69.957289] usb 3-5: New USB device found, idVendor=256c, idProduct=0064, bcdDevice= 1.12
[   69.957303] usb 3-5: New USB device strings: Mfr=1, Product=2, SerialNumber=3
[   69.957308] usb 3-5: Product: Huion Tablet_H580X
[   69.957312] usb 3-5: Manufacturer: HUION
[   69.957316] usb 3-5: SerialNumber: 20210221
[   69.961819] hid-generic 0003:256C:0064.0004: hiddev96,hidraw0: USB HID v1.10 Device [HUION Huion Tablet_H580X] on usb-0000:00:14.0-5/input0
[   69.963218] input: HUION Huion Tablet_H580X as /devices/pci0000:00/0000:00:14.0/usb3/3-5/3-5:1.1/0003:256C:0064.0005/input/input21
[   69.963467] hid-generic 0003:256C:0064.0005: input,hidraw1: USB HID v1.10 Device [HUION Huion Tablet_H580X] on usb-0000:00:14.0-5/input1
[   69.964676] input: HUION Huion Tablet_H580X as /devices/pci0000:00/0000:00:14.0/usb3/3-5/3-5:1.2/0003:256C:0064.0006/input/input22
[   70.016994] hid-generic 0003:256C:0064.0006: input,hidraw2: USB HID v1.10 Keyboard [HUION Huion Tablet_H580X] on usb-0000:00:14.0-5/input2
[  181.895152] nouveau 0000:01:00.0: sec2: unhandled intr 00000010
[  182.954714] nouveau 0000:01:00.0: sec2: cmdq: timeout waiting for queue ready
[  182.954725] nouveau 0000:01:00.0: gr: init failed, -110
[  182.973932] nouveau 0000:01:00.0: gr: fecs falcon already acquired by gr!
[  182.973940] nouveau 0000:01:00.0: gr: init failed, -16
--
[ 2367.841233] wlp0s20f3: send auth to 00:23:89:8b:c9:82 (try 1/3)
[ 2367.870225] wlp0s20f3: authenticated
[ 2367.870294] wlp0s20f3: VHT capa missing/short, disabling VHT/HE/EHT
[ 2367.875961] wlp0s20f3: associate with 00:23:89:8b:c9:82 (try 1/3)
[ 2367.878532] wlp0s20f3: RX ReassocResp from 00:23:89:8b:c9:82 (capab=0x8001 status=0 aid=251)
[ 2367.885543] wlp0s20f3: associated
[ 2472.357571] wlp0s20f3: disconnect from AP 00:23:89:8b:c9:82 for new auth to 3c:e5:a6:25:e0:42
[ 2472.393740] wlp0s20f3: authenticate with 3c:e5:a6:25:e0:42
[ 2472.402754] wlp0s20f3: bad VHT capabilities, disabling VHT
[ 2472.402755] wlp0s20f3: Invalid HE elem, Disable HE
[ 2472.408224] wlp0s20f3: send auth to 3c:e5:a6:25:e0:42 (try 1/3)
