[    0.000000] Linux version 6.5.0-14-generic (buildd@lcy02-amd64-031) (x86_64-linux-gnu-gcc-13 (Ubuntu 13.2.0-4ubuntu3) 13.2.0, GNU ld (GNU Binutils for Ubuntu) 2.41) #14-Ubuntu SMP PREEMPT_DYNAMIC Tue Nov 14 14:59:49 UTC 2023 (Ubuntu 6.5.0-14.14-generic 6.5.3)
[    0.000000] Command line: BOOT_IMAGE=/boot/vmlinuz-6.5.0-14-generic USERNAME=UUID=dad164d7-75b3-4c2a-b40a-32e099affdd2 ro quiet splash vt.handoff=7
[    0.000000] KERNEL supported cpus:
[    0.000000]   Intel GenuineIntel
[    0.000000]   AMD AuthenticAMD
[    0.000000]   Hygon HygonGenuine
[    0.000000]   Centaur CentaurHauls
--
[    0.008442] ACPI: MCFG 0x000000005FF73000 00003C (v01                 00000001      00000000)
[    0.008445] ACPI: SSDT 0x000000005FF72000 000144 (v02 Intel  ADebTabl 00001000 INTL 20191018)
[    0.008447] ACPI: UEFI 0x000000005FCE3000 00063A (v01 INTEL  RstVmdE  00000000 ??   00000000)
[    0.008449] ACPI: UEFI 0x000000005FCE2000 00005C (v01 INTEL  RstVmdV  00000000 ??   00000000)
[    0.008452] ACPI: ASF! 0x000000005FF71000 0000A0 (v32 DELL   Dell Inc 00000002      01000013)
[    0.008454] ACPI: PTDT 0x000000005FF70000 000D44 (v00 DELL   Dell Inc 00000005 MSFT 0100000D)
[    0.008456] ACPI: BGRT 0x000000005FF6F000 000038 (v01 DELL   Dell Inc 00000002      01000013)
[    0.008458] ACPI: FPDT 0x000000005FF6E000 000034 (v01 DELL   Dell Inc 00000002      01000013)
[    0.008460] ACPI: Reserving FACP table memory at [mem 0x5fff2000-0x5fff2113]
[    0.008461] ACPI: Reserving DSDT table memory at [mem 0x5ff95000-0x5ffef38b]
[    0.008462] ACPI: Reserving FACS table memory at [mem 0x5fd1b000-0x5fd1b03f]
--
[    0.028278] clocksource: refined-jiffies: mask: 0xffffffff max_cycles: 0xffffffff, max_idle_ns: 7645519600211568 ns
[    0.028283] setup_percpu: NR_CPUS:8192 nr_cpumask_bits:8 nr_cpu_ids:8 nr_node_ids:1
[    0.028520] percpu: Embedded 63 pages/cpu s221184 r8192 d28672 u262144
[    0.028523] pcpu-alloc: s221184 r8192 d28672 u262144 alloc=1*2097152
[    0.028525] pcpu-alloc: [0] 0 1 2 3 4 5 6 7 
[    0.028538] Kernel command line: BOOT_IMAGE=/boot/vmlinuz-6.5.0-14-generic USERNAME=UUID=dad164d7-75b3-4c2a-b40a-32e099affdd2 ro quiet splash vt.handoff=7
[    0.028588] Unknown kernel command line parameters "splash BOOT_IMAGE=/boot/vmlinuz-6.5.0-14-generic", will be passed to user space.
[    0.029749] Dentry cache hash table entries: 2097152 (order: 12, 16777216 bytes, linear)
[    0.030319] Inode-cache hash table entries: 1048576 (order: 11, 8388608 bytes, linear)
[    0.030407] Fallback order for Node 0: 0 
[    0.030409] Built 1 zonelists, mobility grouping on.  Total pages: 4043714
--
[    0.204275] ACPI: Enabled 8 GPEs in block 00 to 7F
[    0.208485] ACPI: \_SB_.PC00.XHCI.RHUB.SS03.UWW3: New power resource
[    0.209042] ACPI: \_SB_.PC00.XHCI.RHUB.HS10.BTRT: New power resource
[    0.217671] ACPI: \_SB_.PC00.SAT0.VOL0.V0PR: New power resource
[    0.217789] ACPI: \_SB_.PC00.SAT0.VOL1.V1PR: New power resource
[    0.217904] ACPI: \_SB_.PC00.SAT0.VOL2.V2PR: New power resource
[    0.226257] ACPI: \_SB_.PC00.CNVW.WRST: New power resource
[    0.226257] ACPI: \_SB_.PC00.VMD0.VOL0.V0PR: New power resource
[    0.226257] ACPI: \_SB_.PC00.VMD0.VOL1.V1PR: New power resource
[    0.226257] ACPI: \_SB_.PC00.VMD0.VOL2.V2PR: New power resource
[    0.226257] ACPI: \_SB_.PC00.VMD0.VOL3.V3PR: New power resource
--
[    0.489553] pci 0000:00:0e.0: reg 0x20: [mem 0x6056100000-0x60561fffff 64bit]
[    0.489935] pci 0000:00:12.0: [8086:a0fc] type 00 class 0x070000
[    0.489958] pci 0000:00:12.0: reg 0x10: [mem 0x6056270000-0x605627ffff 64bit]
[    0.490033] pci 0000:00:12.0: PME# supported from D0 D3hot
[    0.490435] pci 0000:00:14.0: [8086:a0ed] type 00 class 0x0c0330
[    0.490458] pci 0000:00:14.0: reg 0x10: [mem 0x6056260000-0x605626ffff 64bit]
[    0.490551] pci 0000:00:14.0: PME# supported from D3hot D3cold
[    0.490893] pci 0000:00:14.2: [8086:a0ef] type 00 class 0x050000
[    0.490914] pci 0000:00:14.2: reg 0x10: [mem 0x60562a0000-0x60562a3fff 64bit]
[    0.490929] pci 0000:00:14.2: reg 0x18: [mem 0x60562a9000-0x60562a9fff 64bit]
[    0.491642] pci 0000:00:14.3: [8086:a0f0] type 00 class 0x028000
--
[    1.032501] pcieport 10000:e0:06.0: can't derive routing for PCI INT D
[    1.032503] pcieport 10000:e0:06.0: PCI INT D: no GSI
[    1.032582] pcieport 10000:e0:06.0: PME: Signaling with IRQ 164
[    1.032721] vmd 0000:00:0e.0: Bound to PCI domain 10000
[    1.116379] usb 3-2: new full-speed USB device number 2 using xhci_hcd
[    1.136080] input: WCOM49A5:00 056A:49A5 Touchscreen as /devices/pci0000:00/0000:00:15.0/i2c_designware.0/i2c-0/i2c-WCOM49A5:00/0018:056A:49A5.0001/input/input4
[    1.136142] input: WCOM49A5:00 056A:49A5 as /devices/pci0000:00/0000:00:15.0/i2c_designware.0/i2c-0/i2c-WCOM49A5:00/0018:056A:49A5.0001/input/input5
[    1.136174] input: WCOM49A5:00 056A:49A5 Stylus as /devices/pci0000:00/0000:00:15.0/i2c_designware.0/i2c-0/i2c-WCOM49A5:00/0018:056A:49A5.0001/input/input6
[    1.136226] input: WCOM49A5:00 056A:49A5 as /devices/pci0000:00/0000:00:15.0/i2c_designware.0/i2c-0/i2c-WCOM49A5:00/0018:056A:49A5.0001/input/input7
[    1.136268] input: WCOM49A5:00 056A:49A5 Mouse as /devices/pci0000:00/0000:00:15.0/i2c_designware.0/i2c-0/i2c-WCOM49A5:00/0018:056A:49A5.0001/input/input8
[    1.136338] hid-generic 0018:056A:49A5.0001: input,hidraw0: I2C HID v1.00 Mouse [WCOM49A5:00 056A:49A5] on i2c-WCOM49A5:00
[    1.138200] usbcore: registered new interface driver usbhid
[    1.138202] usbhid: USB HID core driver
[    1.145697] nvme nvme0: pci function 10000:e1:00.0
[    1.145864] pcieport 10000:e0:06.0: can't derive routing for PCI INT A
[    1.145866] nvme 10000:e1:00.0: PCI INT A: not connected
[    1.176097] nvme nvme0: allocated 64 MiB host memory buffer.
[    1.193974] nvme nvme0: 8/0/0 default/read/poll queues
[    1.200026]  nvme0n1: p1 p2 p3 p4 p5 p6 p7
[    1.265782] usb 3-2: New USB device found, idVendor=27c6, idProduct=6384, bcdDevice= 1.00
[    1.265785] usb 3-2: New USB device strings: Mfr=1, Product=2, SerialNumber=3
[    1.265787] usb 3-2: Product: Goodix USB2.0 MISC
[    1.265788] usb 3-2: Manufacturer: Goodix Technology Co., Ltd.
[    1.265789] usb 3-2: SerialNumber: UIDEACA1734_XXXX_MOC_B0
[    1.392377] usb 3-3: new high-speed USB device number 3 using xhci_hcd
[    1.393726] input: Wacom HID 49A5 Pen as /devices/pci0000:00/0000:00:15.0/i2c_designware.0/i2c-0/i2c-WCOM49A5:00/0018:056A:49A5.0001/input/input9
[    1.393991] input: Wacom HID 49A5 Finger as /devices/pci0000:00/0000:00:15.0/i2c_designware.0/i2c-0/i2c-WCOM49A5:00/0018:056A:49A5.0001/input/input10
[    1.394268] wacom 0018:056A:49A5.0001: hidraw0: I2C HID v1.00 Mouse [WCOM49A5:00 056A:49A5] on i2c-WCOM49A5:00
[    1.543258] usb 3-3: New USB device found, idVendor=0a5c, idProduct=5842, bcdDevice= 1.01
[    1.543262] usb 3-3: New USB device strings: Mfr=1, Product=2, SerialNumber=3
[    1.543263] usb 3-3: Product: 58200
[    1.543264] usb 3-3: Manufacturer: Broadcom Corp
[    1.543265] usb 3-3: SerialNumber: 0123456789ABCD
[    1.676451] usb 3-4: new full-speed USB device number 4 using xhci_hcd
[    1.753146] ish-hid {33AECD58-B679-4E54-9BD9-A04D34F0C226}: [hid-ish]: enum_devices_done OK, num_hid_devices=6
[    1.759497] hid-generic 001F:8087:0AC2.0002: hidraw1: SENSOR HUB HID v2.00 Device [hid-ishtp 8087:0AC2] on 
[    1.765848] hid-generic 001F:8087:0AC2.0003: hidraw2: SENSOR HUB HID v2.00 Device [hid-ishtp 8087:0AC2] on 
[    1.772019] hid-generic 001F:8087:0AC2.0004: hidraw3: SENSOR HUB HID v2.00 Device [hid-ishtp 8087:0AC2] on 
[    1.778004] hid-generic 001F:8087:0AC2.0005: hidraw4: SENSOR HUB HID v2.00 Device [hid-ishtp 8087:0AC2] on 
[    1.780232] hid-generic 001F:8087:0AC2.0006: hidraw5: SENSOR HUB HID v2.00 Device [hid-ishtp 8087:0AC2] on 
[    1.781877] hid-generic 001F:8087:0AC3.0007: hidraw6: SENSOR HUB HID v2.00 Device [hid-ishtp 8087:0AC3] on 
[    1.825515] usb 3-4: New USB device found, idVendor=044e, idProduct=1218, bcdDevice= 6.05
[    1.825519] usb 3-4: New USB device strings: Mfr=1, Product=2, SerialNumber=0
[    1.825521] usb 3-4: Product: Alps Touchpad
[    1.825522] usb 3-4: Manufacturer: Alps
[    1.827423] input: Alps Alps Touchpad Mouse as /devices/pci0000:00/0000:00:14.0/usb3/3-4/3-4:1.0/0003:044E:1218.0008/input/input12
[    1.827651] input: Alps Alps Touchpad as /devices/pci0000:00/0000:00:14.0/usb3/3-4/3-4:1.0/0003:044E:1218.0008/input/input13
[    1.827812] input: Alps Alps Touchpad as /devices/pci0000:00/0000:00:14.0/usb3/3-4/3-4:1.0/0003:044E:1218.0008/input/input14
[    1.827973] hid-generic 0003:044E:1218.0008: input,hiddev0,hidraw1: USB HID v1.11 Mouse [Alps Alps Touchpad] on usb-0000:00:14.0-4/input0
[    1.952406] usb 3-10: new full-speed USB device number 5 using xhci_hcd
[    2.102136] usb 3-10: New USB device found, idVendor=8087, idProduct=0026, bcdDevice= 0.02
[    2.102139] usb 3-10: New USB device strings: Mfr=0, Product=0, SerialNumber=0
[    2.154013] EXT4-fs (nvme0n1p6): mounted filesystem dad164d7-75b3-4c2a-b40a-32e099affdd2 ro with ordered data mode. Quota mode: none.
[    2.217617] systemd[1]: RTC configured in localtime, applying delta of 60 minutes to system time.
[    2.226387] systemd[1]: Inserted module 'autofs4'
[    2.250881] systemd[1]: systemd 253.5-1ubuntu6.1 running in system mode (+PAM +AUDIT +SELINUX +APPARMOR +IMA +SMACK +SECCOMP +GCRYPT -GNUTLS +OPENSSL +ACL +BLKID +CURL +ELFUTILS +FIDO2 +IDN2 -IDN +IPTC +KMOD +LIBCRYPTSETUP +LIBFDISK +PCRE2 -PWQUALITY +P11KIT +QRENCODE +TPM2 +BZIP2 +LZ4 +XZ +ZLIB +ZSTD -BPF_FRAMEWORK -XKBCOMMON +UTMP +SYSVINIT default-hierarchy=unified)
[    2.250885] systemd[1]: Detected architecture x86-64.
[    2.251622] systemd[1]: Hostname set to <HOSTNAME>.
--
[    2.483907] systemd[1]: Finished modprobe@efi_pstore.service - Load Kernel Module efi_pstore.
[    2.484138] systemd[1]: modprobe@fuse.service: Deactivated successfully.
[    2.484256] systemd[1]: Finished modprobe@fuse.service - Load Kernel Module fuse.
[    2.484518] systemd[1]: modprobe@loop.service: Deactivated successfully.
[    2.484779] systemd[1]: Finished modprobe@loop.service - Load Kernel Module loop.
[    2.485637] EXT4-fs (nvme0n1p6): re-mounted dad164d7-75b3-4c2a-b40a-32e099affdd2 r/w. Quota mode: none.
[    2.486265] systemd[1]: Mounting sys-fs-fuse-connections.mount - FUSE Control File System...
[    2.487275] systemd[1]: Mounting sys-kernel-config.mount - Kernel Configuration File System...
[    2.487521] systemd[1]: systemd-repart.service - Repartition Root Disk was skipped because no trigger condition checks were met.
[    2.489855] systemd[1]: Finished systemd-remount-fs.service - Remount Root and Kernel File Systems.
[    2.490000] systemd[1]: Mounted sys-fs-fuse-connections.mount - FUSE Control File System.
--
[    2.494831] systemd[1]: Starting systemd-sysusers.service - Create System Users...
[    2.502166] Adding 2097148k swap on /swapfile.  Priority:-2 extents:5928 across:4795916k SSFS
[    2.502474] systemd[1]: Activated swap swapfile.swap - /swapfile.
[    2.502969] systemd[1]: Reached target swap.target - Swaps.
[    2.503513] ACPI: bus type drm_connector registered
[    2.504584] systemd[1]: modprobe@drm.service: Deactivated successfully.
[    2.504711] systemd[1]: Finished modprobe@drm.service - Load Kernel Module drm.
[    2.504969] systemd[1]: Finished systemd-random-seed.service - Load/Save OS Random Seed.
[    2.505052] systemd[1]: first-boot-complete.target - First Boot Complete was skipped because of an unmet condition check (ConditionFirstBoot=yes).
[    2.505373] lp: driver loaded but no devices found
[    2.507500] ppdev: user-space parallel port driver
--
[    2.915524] intel-ipu6 0000:00:05.0: cpd file name: intel/ipu6_fw.bin
[    2.919651] intel-ipu6 0000:00:05.0: FW version: 20210414
[    2.923037] input: Alps Alps Touchpad Mouse as /devices/pci0000:00/0000:00:14.0/usb3/3-4/3-4:1.0/0003:044E:1218.0008/input/input16
[    2.923221] input: Alps Alps Touchpad as /devices/pci0000:00/0000:00:14.0/usb3/3-4/3-4:1.0/0003:044E:1218.0008/input/input17
[    2.923821] input: Alps Alps Touchpad UNKNOWN as /devices/pci0000:00/0000:00:14.0/usb3/3-4/3-4:1.0/0003:044E:1218.0008/input/input18
[    2.923900] hid-multitouch 0003:044E:1218.0008: input,hiddev0,hidraw1: USB HID v1.11 Mouse [Alps Alps Touchpad] on usb-0000:00:14.0-4/input0
[    2.924256] intel-ipu6 0000:00:05.0: Device 0x9a19 (rev: 0x1)
[    2.924295] intel-ipu6 0000:00:05.0: physical base address 0x6054000000
[    2.924297] intel-ipu6 0000:00:05.0: mapped as: 0x00000000abe9b68d
[    2.925437] intel-ipu6 0000:00:05.0: IPU in secure mode
[    2.925440] intel-ipu6 0000:00:05.0: IPU secure touch = 0x0
--
[    4.994525] ACPI Error: Aborting method \_SB.IETM._OSC due to previous error (AE_NOT_FOUND) (20230331/psparse-529)
[    5.213030] Bluetooth: hci0: Waiting for firmware download to complete
[    5.213102] Bluetooth: hci0: Firmware loaded in 1788476 usecs
[    5.213436] Bluetooth: hci0: Waiting for device to boot
[    5.228093] Bluetooth: hci0: Device booted in 14622 usecs
[    5.228192] Bluetooth: hci0: Malformed MSFT vendor event: 0x02
[    5.228509] Bluetooth: hci0: Found Intel DDC parameters: intel/ibt-19-0-4.ddc
[    5.230154] Bluetooth: hci0: Applying Intel DDC parameters completed
[    5.231089] Bluetooth: hci0: Firmware revision 0.4 build 249 week 27 2023
[    5.233203] Bluetooth: hci0: HCI LE Coded PHY feature bit is set, but its usage is not supported.
[    5.299681] Bluetooth: MGMT ver 1.22
--
                exe="/usr/bin/dbus-daemon" sauid=103 hostname=? addr=? terminal=?'
[  136.412017] audit: type=1107 audit(1704469582.739:132): pid=1000 uid=103 auid=4294967295 ses=4294967295 subj=unconfined msg='apparmor="DENIED" operation="dbus_method_call"  bus="system" path="/org/freedesktop/PolicyKit1/Authority" interface="org.freedesktop.DBus.Properties" member="GetAll" mask="send" name=":1.15" pid=2777 label="snap.snap-store.ubuntu-software" peer_pid=1032 peer_label="unconfined"
                exe="/usr/bin/dbus-daemon" sauid=103 hostname=? addr=? terminal=?'
[  136.412154] audit: type=1107 audit(1704469582.739:133): pid=1000 uid=103 auid=4294967295 ses=4294967295 subj=unconfined msg='apparmor="DENIED" operation="dbus_method_call"  bus="system" path="/org/freedesktop/PolicyKit1/Authority" interface="org.freedesktop.PolicyKit1.Authority" member="CheckAuthorization" mask="send" name=":1.15" pid=2777 label="snap.snap-store.ubuntu-software" peer_pid=1032 peer_label="unconfined"
                exe="/usr/bin/dbus-daemon" sauid=103 hostname=? addr=? terminal=?'
[  136.705543] audit: type=1400 audit(1704469583.038:134): apparmor="DENIED" operation="open" class="file" profile="snap.snap-store.ubuntu-software" name="/etc/appstream.conf" pid=2777 comm="snap-store" requested_mask="r" denied_mask="r" fsuid=1000 ouid=0
[  138.242556] audit: type=1400 audit(1704469584.570:135): apparmor="DENIED" operation="capable" class="cap" profile="/snap/snapd/20671/usr/lib/snapd/snap-confine" pid=4161 comm="snap-confine" capability=12  capname="net_admin"
[  138.242568] audit: type=1400 audit(1704469584.570:136): apparmor="DENIED" operation="capable" class="cap" profile="/snap/snapd/20671/usr/lib/snapd/snap-confine" pid=4161 comm="snap-confine" capability=38  capname="perfmon"
[  138.317137] audit: type=1400 audit(1704469584.641:137): apparmor="DENIED" operation="open" class="file" profile="snap-update-ns.firefox" name="/usr/local/share/" pid=4197 comm="5" requested_mask="r" denied_mask="r" fsuid=0 ouid=0
[  138.322725] audit: type=1400 audit(1704469584.649:138): apparmor="DENIED" operation="open" class="file" profile="snap-update-ns.firefox" name="/var/lib/" pid=4197 comm="5" requested_mask="r" denied_mask="r" fsuid=0 ouid=0
[  138.323024] audit: type=1400 audit(1704469584.649:139): apparmor="DENIED" operation="open" class="file" profile="snap-update-ns.firefox" name="/var/lib/" pid=4197 comm="5" requested_mask="r" denied_mask="r" fsuid=0 ouid=0
