[    0.000000] Linux version 6.11.3-200.fc40.x86_64 (mockbuild@4786ea1e4860458caf0f0f3344c01d01) (gcc (GCC) 14.2.1 20240912 (Red Hat 14.2.1-3), GNU ld version 2.41-37.fc40) #1 SMP PREEMPT_DYNAMIC Thu Oct 10 22:31:19 UTC 2024
[    0.000000] Command line: BOOT_IMAGE=(hd0,gpt2)/vmlinuz-6.11.3-200.fc40.x86_64 USERNAME=UUID=64cd6d1d-411d-4f4c-b30e-7e5ef1e6af67 ro USERNAMEflags=subvol=USERNAME rd.luks.uuid=luks-732647fa-6de8-4f47-8b22-437d523f040b rhgb quiet
[    0.000000] x86/split lock detection: #AC: crashing the kernel on kernel split_locks and warning on user-space split_locks
[    0.000000] BIOS-provided physical RAM map:
[    0.000000] BIOS-e820: [mem 0x0000000000000000-0x000000000009efff] usable
[    0.000000] BIOS-e820: [mem 0x000000000009f000-0x00000000000fffff] reserved
--
[    0.000000] BIOS-e820: [mem 0x000000003a899000-0x00000000434aefff] usable
[    0.000000] BIOS-e820: [mem 0x00000000434af000-0x00000000452fefff] reserved
[    0.000000] BIOS-e820: [mem 0x00000000452ff000-0x0000000045b2efff] ACPI NVS
[    0.000000] BIOS-e820: [mem 0x0000000045b2f000-0x0000000045bfefff] ACPI data
[    0.000000] BIOS-e820: [mem 0x0000000045bff000-0x0000000045bfffff] usable
[    0.000000] BIOS-e820: [mem 0x0000000045c00000-0x000000004f3fffff] reserved
[    0.000000] BIOS-e820: [mem 0x00000000fe010000-0x00000000fe010fff] reserved
[    0.000000] BIOS-e820: [mem 0x00000000fed20000-0x00000000fed7ffff] reserved
[    0.000000] BIOS-e820: [mem 0x00000000ff500000-0x00000000ffffffff] reserved
[    0.000000] BIOS-e820: [mem 0x0000000100000000-0x00000004b0bfffff] usable
[    0.000000] NX (Execute Disable) protection: active
--
[    0.008108] ACPI: SSDT 0x0000000045B7F000 0000F8 (v01 INSYDE PcdTabl  00001000 INTL 20160422)
[    0.008110] ACPI: FPDT 0x0000000045B7E000 000044 (v01 INSYDE TGL-ULT  00000002 ACPI 00040000)
[    0.008112] ACPI: PTDT 0x0000000045B7C000 000CFE (v00 INSYDE TGL-ULT  00000005 ACPI 00040000)
[    0.008114] ACPI: BGRT 0x0000000045B7D000 000038 (v01 INSYDE TGL-ULT  00000001 ACPI 00040000)
[    0.008115] ACPI: Reserving FACP table memory at [mem 0x45bfd000-0x45bfd10b]
[    0.008116] ACPI: Reserving DSDT table memory at [mem 0x45b81000-0x45bd099a]
[    0.008117] ACPI: Reserving FACS table memory at [mem 0x45aa1000-0x45aa103f]
[    0.008118] ACPI: Reserving UEFI table memory at [mem 0x45b2e000-0x45b2e235]
[    0.008118] ACPI: Reserving SSDT table memory at [mem 0x45bfa000-0x45bfc5cd]
[    0.008119] ACPI: Reserving SSDT table memory at [mem 0x45bf6000-0x45bf9664]
[    0.008119] ACPI: Reserving SSDT table memory at [mem 0x45bf3000-0x45bf5afd]
--
[    0.080738] DMAR: dmar1: reg_base_addr fed84000 ver 1:0 cap d2008c40660462 ecap f050da
[    0.080740] DMAR: DRHD base: 0x000000fed85000 flags: 0x0
[    0.080743] DMAR: dmar2: reg_base_addr fed85000 ver 1:0 cap d2008c40660462 ecap f050da
[    0.080744] DMAR: DRHD base: 0x000000fed91000 flags: 0x1
[    0.080749] DMAR: dmar3: reg_base_addr fed91000 ver 1:0 cap d2008c40660462 ecap f050da
[    0.080750] DMAR: RMRR base: 0x0000004b000000 end: 0x0000004f3fffff
[    0.080754] DMAR-IR: IOAPIC id 2 under DRHD base  0xfed91000 IOMMU 3
[    0.080755] DMAR-IR: HPET id 0 under DRHD base 0xfed91000
[    0.080755] DMAR-IR: Queued invalidation will be enabled to support x2apic and Intr-remapping.
[    0.086272] DMAR-IR: Enabled IRQ remapping in x2apic mode
[    0.086273] x2apic enabled
--
[    1.531714] systemd[1]: Starting systemd-sysctl.service - Apply Kernel Variables...
[    1.534022] systemd[1]: Finished systemd-sysusers.service - Create System Users.
[    1.534489] systemd[1]: Starting systemd-tmpfiles-setup-dev.service - Create Static Device Nodes in /dev...
[    1.536818] systemd[1]: Finished systemd-sysctl.service - Apply Kernel Variables.
[    1.540295] systemd[1]: Started systemd-journald.service - Journal Service.
[    1.623089] usb 3-6: New USB device found, idVendor=27c6, idProduct=6a94, bcdDevice= 1.00
[    1.623094] usb 3-6: New USB device strings: Mfr=1, Product=2, SerialNumber=3
[    1.623096] usb 3-6: Product: Goodix USB2.0 MISC
[    1.623097] usb 3-6: Manufacturer: Goodix Technology Co., Ltd.
[    1.623098] usb 3-6: SerialNumber: UID3487E1D5_XXXX_MOC_B0
[    1.738564] usb 3-10: new full-speed USB device number 4 using xhci_hcd
[    1.757143] wmi_bus wmi_bus-PNP0C14:00: [Firmware Bug]: WMBA method block execution control method not found
[    1.866062] usb 3-10: New USB device found, idVendor=8087, idProduct=0026, bcdDevice= 0.02
[    1.866065] usb 3-10: New USB device strings: Mfr=0, Product=0, SerialNumber=0
[    1.930123] input: PXIC2642:00 04CA:00B1 Touchpad as /devices/pci0000:00/0000:00:15.1/i2c_designware.1/i2c-1/i2c-PXIC2642:00/0018:04CA:00B1.0001/input/input5
[    1.930192] input: PXIC2642:00 04CA:00B1 Mouse as /devices/pci0000:00/0000:00:15.1/i2c_designware.1/i2c-1/i2c-PXIC2642:00/0018:04CA:00B1.0001/input/input6
[    1.930246] hid-generic 0018:04CA:00B1.0001: input,hidraw0: I2C HID v1.00 Mouse [PXIC2642:00 04CA:00B1] on i2c-PXIC2642:00
[    1.941603] input: WCOM5283:00 056A:5283 Touchscreen as /devices/pci0000:00/0000:00:15.0/i2c_designware.0/i2c-0/i2c-WCOM5283:00/0018:056A:5283.0002/input/input7
[    1.954706] input: WCOM5283:00 056A:5283 as /devices/pci0000:00/0000:00:15.0/i2c_designware.0/i2c-0/i2c-WCOM5283:00/0018:056A:5283.0002/input/input8
[    1.968805] input: WCOM5283:00 056A:5283 Stylus as /devices/pci0000:00/0000:00:15.0/i2c_designware.0/i2c-0/i2c-WCOM5283:00/0018:056A:5283.0002/input/input9
[    1.968908] input: WCOM5283:00 056A:5283 as /devices/pci0000:00/0000:00:15.0/i2c_designware.0/i2c-0/i2c-WCOM5283:00/0018:056A:5283.0002/input/input10
[    1.968999] input: WCOM5283:00 056A:5283 Mouse as /devices/pci0000:00/0000:00:15.0/i2c_designware.0/i2c-0/i2c-WCOM5283:00/0018:056A:5283.0002/input/input11
[    1.969104] hid-generic 0018:056A:5283.0002: input,hidraw0: I2C HID v1.00 Mouse [WCOM5283:00 056A:5283] on i2c-WCOM5283:00
[    1.983072] input: PXIC2642:00 04CA:00B1 Touchpad as /devices/pci0000:00/0000:00:15.1/i2c_designware.1/i2c-1/i2c-PXIC2642:00/0018:04CA:00B1.0001/input/input12
[    1.994590] input: PXIC2642:00 04CA:00B1 Mouse as /devices/pci0000:00/0000:00:15.1/i2c_designware.1/i2c-1/i2c-PXIC2642:00/0018:04CA:00B1.0001/input/input13
[    2.002617] hid-multitouch 0018:04CA:00B1.0001: input,hidraw1: I2C HID v1.00 Mouse [PXIC2642:00 04CA:00B1] on i2c-PXIC2642:00
[    2.005979] nvme 0000:5a:00.0: platform quirk: setting simple suspend
[    2.006056] nvme nvme0: pci function 0000:5a:00.0
[    2.012978] nvme nvme0: missing or invalid SUBNQN field.
[    2.013141] nvme nvme0: D3 entry latency set to 8 seconds
[    2.024461] nvme nvme0: 8/0/0 default/read/poll queues
[    2.028374]  nvme0n1: p1 p2 p3
[    2.059499] wacom 0018:056A:5283.0002: hidraw0: I2C HID v1.00 Mouse [WCOM5283:00 056A:5283] on i2c-WCOM5283:00
[    2.059519] input: Wacom HID 5283 Pen as /devices/pci0000:00/0000:00:15.0/i2c_designware.0/i2c-0/i2c-WCOM5283:00/0018:056A:5283.0002/input/input14
[    2.059559] input: Wacom HID 5283 Finger as /devices/pci0000:00/0000:00:15.0/i2c_designware.0/i2c-0/i2c-WCOM5283:00/0018:056A:5283.0002/input/input15
[    2.373368] i915 0000:00:02.0: [drm] Found TIGERLAKE/UY (device ID 9a49) display version 12.00
[    2.373894] i915 0000:00:02.0: [drm] VT-d active for gfx access
[    2.387902] i915 0000:00:02.0: vgaarb: deactivate vga console
[    2.387953] i915 0000:00:02.0: [drm] Using Transparent Hugepages
[    2.389391] i915 0000:00:02.0: vgaarb: VGA decodes changed: olddecodes=io+mem,decodes=io+mem:owns=io+mem
--
[    2.433690] input: Video Bus as /devices/LNXSYSTM:00/LNXSYBUS:00/PNP0A08:00/LNXVIDEO:00/input/input17
[    2.457741] fbcon: i915drmfb (fb0) is primary device
[    2.457742] fbcon: Deferring console take-over
[    2.457744] i915 0000:00:02.0: [drm] fb0: i915drmfb frame buffer device
[    2.668073] ish-hid {33AECD58-B679-4E54-9BD9-A04D34F0C226}: [hid-ish]: enum_devices_done OK, num_hid_devices=4
[    2.676552] hid-generic 001F:8087:0AC2.0003: hidraw2: SENSOR HUB HID v2.00 Device [hid-ishtp 8087:0AC2] on 
[    2.686909] hid-generic 001F:8087:0AC2.0004: hidraw3: SENSOR HUB HID v2.00 Device [hid-ishtp 8087:0AC2] on 
[    2.691661] hid-generic 001F:8087:0AC2.0005: hidraw4: SENSOR HUB HID v2.00 Device [hid-ishtp 8087:0AC2] on 
[    2.695835] hid-generic 001F:8087:0AC3.0006: hidraw5: SENSOR HUB HID v2.00 Device [hid-ishtp 8087:0AC3] on 
[    2.698983] hid-sensor-hub 001F:8087:0AC2.0003: hidraw2: SENSOR HUB HID v2.00 Device [hid-ishtp 8087:0AC2] on 
[    2.699852] hid-sensor-hub 001F:8087:0AC2.0004: hidraw3: SENSOR HUB HID v2.00 Device [hid-ishtp 8087:0AC2] on 
[    2.700280] hid-sensor-hub 001F:8087:0AC2.0005: hidraw4: SENSOR HUB HID v2.00 Device [hid-ishtp 8087:0AC2] on 
[    2.700668] hid-sensor-hub 001F:8087:0AC3.0006: hidraw5: SENSOR HUB HID v2.00 Device [hid-ishtp 8087:0AC3] on 
[    2.701119] i915 0000:00:02.0: [drm] Selective fetch area calculation failed in pipe A
--
[   37.900115] iwlwifi 0000:00:14.3: Registered PHC clock: iwlwifi-PTP, with index: 0
[   38.437853] Bluetooth: hci0: Waiting for firmware download to complete
[   38.438245] Bluetooth: hci0: Firmware loaded in 1768926 usecs
[   38.438319] Bluetooth: hci0: Waiting for device to boot
[   38.453493] Bluetooth: hci0: Device booted in 14857 usecs
[   38.453553] Bluetooth: hci0: Malformed MSFT vendor event: 0x02
[   38.462596] Bluetooth: hci0: Found Intel DDC parameters: intel/ibt-19-0-4.ddc
[   38.464376] Bluetooth: hci0: Applying Intel DDC parameters completed
[   38.465394] Bluetooth: hci0: Firmware revision 0.4 build 132 week 3 2024
[   38.467389] Bluetooth: hci0: HCI LE Coded PHY feature bit is set, but its usage is not supported.
[   38.534839] Bluetooth: MGMT ver 1.23
[   43.355486] Bluetooth: RFCOMM TTY layer initialized
[   43.355496] Bluetooth: RFCOMM socket layer initialized
[   43.355500] Bluetooth: RFCOMM ver 1.11
[   44.786678] warning: `QSampleCache::L' uses wireless extensions which will stop working for Wi-Fi 7 hardware; use nl80211
[   82.964968] wacom 0018:056A:5283.0002: wacom_idleprox_timeout: tool appears to be hung in-prox. forcing it out.
[   85.729315] systemd-journald[1505]: /var/log/journal/MACHINEID/user-1000.journal: Journal file uses a different sequence number ID, rotating.
[   89.559875] wacom 0018:056A:5283.0002: wacom_idleprox_timeout: tool appears to be hung in-prox. forcing it out.
[   89.736767] wlp0s20f3: authenticate with 00:e6:0e:24:61:26 (local address=62:59:5e:a5:80:6b)
[   89.737838] wlp0s20f3: send auth to 00:e6:0e:24:61:26 (try 1/3)
[   89.774611] wlp0s20f3: authenticated
[   89.775897] wlp0s20f3: associate with 00:e6:0e:24:61:26 (try 1/3)
[   89.777813] wlp0s20f3: RX AssocResp from 00:e6:0e:24:61:26 (capab=0x11 status=0 aid=34)
[   89.794900] wlp0s20f3: associated
[   89.966527] wlp0s20f3: Limiting TX power to 23 (23 - 0) dBm as advertised by 00:e6:0e:24:61:26
[   90.676845] input: solaar-keyboard as /devices/virtual/input/input28
[   93.243836] wacom 0018:056A:5283.0002: wacom_idleprox_timeout: tool appears to be hung in-prox. forcing it out.
[   97.279783] wacom 0018:056A:5283.0002: wacom_idleprox_timeout: tool appears to be hung in-prox. forcing it out.
[  106.311682] wacom 0018:056A:5283.0002: wacom_idleprox_timeout: tool appears to be hung in-prox. forcing it out.
[  116.835435] wacom 0018:056A:5283.0002: wacom_idleprox_timeout: tool appears to be hung in-prox. forcing it out.
[  117.515429] wacom 0018:056A:5283.0002: wacom_idleprox_timeout: tool appears to be hung in-prox. forcing it out.
[  120.580415] wacom 0018:056A:5283.0002: wacom_idleprox_timeout: tool appears to be hung in-prox. forcing it out.
[  120.894380] wacom 0018:056A:5283.0002: wacom_idleprox_timeout: tool appears to be hung in-prox. forcing it out.
[  121.266386] wacom 0018:056A:5283.0002: wacom_idleprox_timeout: tool appears to be hung in-prox. forcing it out.
[  142.354136] wacom 0018:056A:5283.0002: wacom_idleprox_timeout: tool appears to be hung in-prox. forcing it out.
[  154.594008] wacom 0018:056A:5283.0002: wacom_idleprox_timeout: tool appears to be hung in-prox. forcing it out.
[  157.021982] wacom 0018:056A:5283.0002: wacom_idleprox_timeout: tool appears to be hung in-prox. forcing it out.
[  187.954040] wacom 0018:056A:5283.0002: wacom_idleprox_timeout: tool appears to be hung in-prox. forcing it out.
[  289.257332] wacom 0018:056A:5283.0002: wacom_idleprox_timeout: tool appears to be hung in-prox. forcing it out.
[  290.397890] wacom 0018:056A:5283.0002: wacom_idleprox_timeout: tool appears to be hung in-prox. forcing it out.
[  292.016951] wacom 0018:056A:5283.0002: wacom_idleprox_timeout: tool appears to be hung in-prox. forcing it out.
[  998.430371] wacom 0018:056A:5283.0002: wacom_idleprox_timeout: tool appears to be hung in-prox. forcing it out.
[ 1133.389261] usb 3-6: reset full-speed USB device number 3 using xhci_hcd
[ 1133.654140] usb 3-6: reset full-speed USB device number 3 using xhci_hcd
[ 1223.445697] wacom 0018:056A:5283.0002: wacom_idleprox_timeout: tool appears to be hung in-prox. forcing it out.
