[    0.558960] NetLabel:  protocols = UNLABELED CIPSOv4 CALIPSO
[    0.558960] NetLabel:  unlabeled traffic allowed by default
[    0.558960] mctp: management component transport protocol core
[    0.558960] NET: Registered PF_MCTP protocol family
[    0.558960] PCI: Using ACPI for IRQ routing
[    0.570458] PCI: pci_cache_line_size set to 64 bytes
[    0.570952] pci 0000:00:1f.5: BAR 0 [mem 0xfe010000-0xfe010fff]: can't claim; no compatible bridge window
[    0.571414] e820: reserve RAM buffer [mem 0x0009f000-0x0009ffff]
[    0.571416] e820: reserve RAM buffer [mem 0x5d3f6000-0x5fffffff]
[    0.571417] e820: reserve RAM buffer [mem 0x5e4d5000-0x5fffffff]
[    0.571418] e820: reserve RAM buffer [mem 0x63f9b000-0x63ffffff]
--
[    1.658303] usbcore: registered new interface driver usbhid
[    1.658304] usbhid: USB HID core driver
[    1.661465] i915 0000:00:02.0: [drm] GT0: GUC: submission enabled
[    1.661467] i915 0000:00:02.0: [drm] GT0: GUC: SLPC enabled
[    1.661659] i915 0000:00:02.0: [drm] GT0: GUC: RC enabled
[    1.662466] hid-generic 0003:17EF:F006.0001: hiddev96,hidraw0: USB HID v1.10 Device [ZEPHYR Idea5003] on usb-0000:00:14.0-5/input0
[    1.671202] i915 0000:00:02.0: [drm] GT1: GuC firmware i915/mtl_guc_70.bin version 70.20.0
[    1.671208] i915 0000:00:02.0: [drm] GT1: HuC firmware i915/mtl_huc_gsc.bin version 8.5.4
[    1.694616] i915 0000:00:02.0: [drm] GT1: HuC: authenticated for clear media
[    1.694942] i915 0000:00:02.0: [drm] GT1: GUC: submission enabled
[    1.694944] i915 0000:00:02.0: [drm] GT1: GUC: SLPC enabled
--
[    1.698415] i915 0000:00:02.0: [drm] Protected Xe Path (PXP) protected content support initialized
[    1.698511] i915 0000:00:02.0: [drm] Selective fetch area calculation failed in pipe A
[    1.776159] usb 3-6: new full-speed USB device number 3 using xhci_hcd
[    1.841186] i915 0000:00:02.0: [drm] GT1: Loaded GSC firmware i915/mtl_gsc_1.bin (cv1.0, r102.0.0.1655, svn 1)
[    1.861307] i915 0000:00:02.0: [drm] GT1: HuC: authenticated for all workloads
[    1.920832] usb 3-6: New USB device found, idVendor=27c6, idProduct=650c, bcdDevice= 1.00
[    1.920838] usb 3-6: New USB device strings: Mfr=1, Product=2, SerialNumber=3
[    1.920840] usb 3-6: Product: Goodix USB2.0 MISC
[    1.920841] usb 3-6: Manufacturer: Goodix Technology Co., Ltd.
[    1.920842] usb 3-6: SerialNumber: UIDA60E279B_XXXX_MOC_B0
[    2.046176] usb 3-8: new high-speed USB device number 4 using xhci_hcd
--
[   23.244184] systemd[1]: Finished Load Kernel Module configfs.
[   23.244379] systemd[1]: modprobe@dm_mod.service: Deactivated successfully.
[   23.244487] systemd[1]: Finished Load Kernel Module dm_mod.
[   23.244670] systemd[1]: modprobe@drm.service: Deactivated successfully.
[   23.244772] systemd[1]: Finished Load Kernel Module drm.
[   23.245543] systemd[1]: Mounting Kernel Configuration File System...
[   23.246666] systemd[1]: Starting Create Static Device Nodes in /dev gracefully...
[   23.251518] systemd[1]: Mounted Kernel Configuration File System.
[   23.254001] fuse: init (API version 7.39)
[   23.254418] loop: module loaded
[   23.254734] systemd[1]: modprobe@fuse.service: Deactivated successfully.
--
[   23.844136] Loaded X.509 cert 'wens: 61c038651aabdcf94bd0ac7ff06c7248db18c600'
[   23.846556] Adding 2097148k swap on /dev/nvme0n1p6.  Priority:-2 extents:1 across:2097148k SS
[   23.859499] intel-lpss 0000:00:19.1: enabling device (0000 -> 0002)
[   23.864219] mc: Linux media interface: v0.10
[   23.876649] EXT4-fs (nvme0n1p5): mounted filesystem e1ea9a6e-8ed3-4ddb-ac36-cfca35309744 r/w with ordered data mode. Quota mode: none.
[   23.883165] input: ELAN06FA:00 04F3:3293 Mouse as /devices/pci0000:00/0000:00:15.0/i2c_designware.0/i2c-15/i2c-ELAN06FA:00/0018:04F3:3293.0002/input/input9
[   23.883199] input: ELAN06FA:00 04F3:3293 Touchpad as /devices/pci0000:00/0000:00:15.0/i2c_designware.0/i2c-15/i2c-ELAN06FA:00/0018:04F3:3293.0002/input/input11
[   23.883235] hid-generic 0018:04F3:3293.0002: input,hidraw1: I2C HID v1.00 Mouse [ELAN06FA:00 04F3:3293] on i2c-ELAN06FA:00
[   23.933219] iTCO_vendor_support: vendor-support=0
[   23.933290] intel_rapl_msr: PL4 support detected.
[   23.933325] intel_rapl_common: Found RAPL domain package
[   23.933328] intel_rapl_common: Found RAPL domain core
[   23.933329] intel_rapl_common: Found RAPL domain uncore
[   23.954768] input: WACF2200:00 056A:53A7 Touchscreen as /devices/pci0000:00/0000:00:15.1/i2c_designware.1/i2c-16/i2c-WACF2200:00/0018:056A:53A7.0003/input/input12
[   23.954838] input: WACF2200:00 056A:53A7 as /devices/pci0000:00/0000:00:15.1/i2c_designware.1/i2c-16/i2c-WACF2200:00/0018:056A:53A7.0003/input/input13
[   23.954883] input: WACF2200:00 056A:53A7 Stylus as /devices/pci0000:00/0000:00:15.1/i2c_designware.1/i2c-16/i2c-WACF2200:00/0018:056A:53A7.0003/input/input14
[   23.954931] input: WACF2200:00 056A:53A7 as /devices/pci0000:00/0000:00:15.1/i2c_designware.1/i2c-16/i2c-WACF2200:00/0018:056A:53A7.0003/input/input15
[   23.954970] input: WACF2200:00 056A:53A7 Mouse as /devices/pci0000:00/0000:00:15.1/i2c_designware.1/i2c-16/i2c-WACF2200:00/0018:056A:53A7.0003/input/input16
[   23.955024] hid-generic 0018:056A:53A7.0003: input,hidraw2: I2C HID v1.00 Mouse [WACF2200:00 056A:53A7] on i2c-WACF2200:00
[   23.962726] mei_gsc_proxy 0000:00:16.0-0f73db04-97ab-4125-b893-e904ad0d5464: bound 0000:00:02.0 (ops i915_gsc_proxy_component_ops [i915])
[   23.967101] iTCO_wdt iTCO_wdt: Found a Intel PCH TCO device (Version=6, TCOBASE=0x0400)
[   23.967204] iTCO_wdt iTCO_wdt: initialized. heartbeat=30 sec (nowayout=0)
[   23.968655] Creating 1 MTD partitions on "0000:00:1f.5":
[   23.968660] 0x000000000000-0x000002000000 : "BIOS"
--
[   24.202042] ACPI Warning: \_SB.PC00.XHCI.RHUB.HS10._DSM: Argument #4 type mismatch - Found [Integer], ACPI requires [Package] (20230628/nsarguments-61)
[   24.202536] Bluetooth: hci0: DSM reset method type: 0x00
[   24.205730] Bluetooth: hci0: Found device firmware: intel/ibt-0180-0041.sfi
[   24.205746] Bluetooth: hci0: Boot Address: 0x100800
[   24.205747] Bluetooth: hci0: Firmware Version: 39-48.23
[   24.217191] wacom 0018:056A:53A7.0003: hidraw2: I2C HID v1.00 Mouse [WACF2200:00 056A:53A7] on i2c-WACF2200:00
[   24.217268] input: Wacom HID 53A7 Pen as /devices/pci0000:00/0000:00:15.1/i2c_designware.1/i2c-16/i2c-WACF2200:00/0018:056A:53A7.0003/input/input17
[   24.226861] sof-audio-pci-intel-mtl 0000:00:1f.3: hda codecs found, mask 5
[   24.226864] sof-audio-pci-intel-mtl 0000:00:1f.3: using HDA machine driver skl_hda_dsp_generic now
[   24.226867] sof-audio-pci-intel-mtl 0000:00:1f.3: DMICs detected in NHLT tables: 2
[   24.230607] sof-audio-pci-intel-mtl 0000:00:1f.3: Firmware paths/files for ipc type 1:
[   24.230610] sof-audio-pci-intel-mtl 0000:00:1f.3:  Firmware file:     intel/sof-ipc4/mtl/sof-mtl.ri
[   24.230612] sof-audio-pci-intel-mtl 0000:00:1f.3:  Firmware lib path: intel/sof-ipc4-lib/mtl
[   24.230613] sof-audio-pci-intel-mtl 0000:00:1f.3:  Topology file:     intel/sof-ace-tplg/sof-hda-generic-2ch.tplg
[   24.231304] sof-audio-pci-intel-mtl 0000:00:1f.3: Loaded firmware library: ADSPFW, version: 2.8.1.1
[   24.262979] input: Wacom HID 53A7 Finger as /devices/pci0000:00/0000:00:15.1/i2c_designware.1/i2c-16/i2c-WACF2200:00/0018:056A:53A7.0003/input/input18
[   24.268728] mousedev: PS/2 mouse device common for all mice
[   24.273362] input: ELAN06FA:00 04F3:3293 Mouse as /devices/pci0000:00/0000:00:15.0/i2c_designware.0/i2c-15/i2c-ELAN06FA:00/0018:04F3:3293.0002/input/input20
[   24.273459] input: ELAN06FA:00 04F3:3293 Touchpad as /devices/pci0000:00/0000:00:15.0/i2c_designware.0/i2c-15/i2c-ELAN06FA:00/0018:04F3:3293.0002/input/input22
[   24.273539] hid-multitouch 0018:04F3:3293.0002: input,hidraw1: I2C HID v1.00 Mouse [ELAN06FA:00 04F3:3293] on i2c-ELAN06FA:00
[   24.310311] iwlwifi 0000:00:14.3: Not valid error log pointer 0x0027B0C0 for RT uCode
[   24.310334] iwlwifi 0000:00:14.3: WFPM_UMAC_PD_NOTIFICATION: 0x1f
[   24.310357] iwlwifi 0000:00:14.3: WFPM_LMAC2_PD_NOTIFICATION: 0x1f
[   24.310365] iwlwifi 0000:00:14.3: WFPM_AUTH_KEY_0: 0x80
[   24.310382] iwlwifi 0000:00:14.3: CNVI_SCU_SEQ_DATA_DW9: 0x0
--
[   24.367038] snd_hda_codec_realtek ehdaudio0D0:      Mic=0x19
[   24.393757] iwlwifi 0000:00:14.3: base HW address: f8:fe:5e:4a:7d:06
[   24.408309] iwlwifi 0000:00:14.3 wlp0s20f3: renamed from wlan0
[   24.411941] skl_hda_dsp_generic skl_hda_dsp_generic: hda_dsp_hdmi_build_controls: no PCM in topology for HDMI converter 3
[   24.419158] ish-hid {33AECD58-B679-4E54-9BD9-A04D34F0C226}: [hid-ish]: enum_devices_done OK, num_hid_devices=3
[   24.425185] hid-generic 001F:8087:0AC2.0004: hidraw3: SENSOR HUB HID v2.00 Device [hid-ishtp 8087:0AC2] on 
[   24.428876] input: sof-hda-dsp Mic as /devices/pci0000:00/0000:00:1f.3/skl_hda_dsp_generic/sound/card0/input23
[   24.428928] input: sof-hda-dsp Headphone as /devices/pci0000:00/0000:00:1f.3/skl_hda_dsp_generic/sound/card0/input24
[   24.428969] input: sof-hda-dsp HDMI/DP,pcm=3 as /devices/pci0000:00/0000:00:1f.3/skl_hda_dsp_generic/sound/card0/input25
[   24.429014] input: sof-hda-dsp HDMI/DP,pcm=4 as /devices/pci0000:00/0000:00:1f.3/skl_hda_dsp_generic/sound/card0/input26
[   24.429092] input: sof-hda-dsp HDMI/DP,pcm=5 as /devices/pci0000:00/0000:00:1f.3/skl_hda_dsp_generic/sound/card0/input27
[   24.431084] hid-generic 001F:8087:0AC2.0005: hidraw4: SENSOR HUB HID v2.00 Device [hid-ishtp 8087:0AC2] on 
[   24.435226] hid-generic 001F:8087:0AC2.0006: hidraw5: SENSOR HUB HID v2.00 Device [hid-ishtp 8087:0AC2] on 
[   24.438775] hid-sensor-hub 001F:8087:0AC2.0004: hidraw3: SENSOR HUB HID v2.00 Device [hid-ishtp 8087:0AC2] on 
[   24.439567] hid-sensor-hub 001F:8087:0AC2.0005: hidraw4: SENSOR HUB HID v2.00 Device [hid-ishtp 8087:0AC2] on 
[   24.439986] hid-sensor-hub 001F:8087:0AC2.0006: hidraw5: SENSOR HUB HID v2.00 Device [hid-ishtp 8087:0AC2] on 
[   24.473461] Bluetooth: BNEP (Ethernet Emulation) ver 1.3
[   24.473463] Bluetooth: BNEP filters: protocol multicast
--
[   25.066600] iwlwifi 0000:00:14.3: RFIm is deactivated, reason = 4
[   25.716998] Bluetooth: hci0: Waiting for firmware download to complete
[   25.717934] Bluetooth: hci0: Firmware loaded in 1476757 usecs
[   25.717985] Bluetooth: hci0: Waiting for device to boot
[   25.759928] Bluetooth: hci0: Device booted in 40975 usecs
[   25.759930] Bluetooth: hci0: Malformed MSFT vendor event: 0x02
[   25.763936] Bluetooth: hci0: Found Intel DDC parameters: intel/ibt-0180-0041.ddc
[   25.765935] Bluetooth: hci0: Applying Intel DDC parameters completed
[   25.768960] Bluetooth: hci0: Firmware timestamp 2023.48 buildtype 1 build 94759
[   25.768963] Bluetooth: hci0: Firmware SHA1: 0x23bac558
[   25.908054] Bluetooth: MGMT ver 1.22
