[    0.000000] BIOS-e820: [mem 0x0000000100000000-0x000000027effffff] usable
[    0.000000] NX (Execute Disable) protection: active
[    0.000000] SMBIOS 2.7 present.
[    0.000000] DMI: Google Nami/Nami, BIOS  09/19/2019
[    0.000000] tsc: Detected 1800.000 MHz processor
[    0.000531] e820: update [mem 0x00000000-0x00000fff] usable ==> reserved
[    0.000537] e820: remove [mem 0x000a0000-0x000fffff] usable
[    0.000544] last_pfn = 0x27f000 max_arch_pfn = 0x400000000
[    0.000721] x86/PAT: Configuration [0-7]: WB  WC  UC- UC  WB  WP  UC- WT  
[    0.001804] last_pfn = 0x7a963 max_arch_pfn = 0x400000000
[    0.015781] Using GB pages for direct mapping
--
[    1.489007] usb usb2: Manufacturer: Linux 5.13.0-19-generic xhci-hcd
[    1.489009] usb usb2: SerialNumber: 0000:00:14.0
[    1.489167] hub 2-0:1.0: USB hub found
[    1.489184] hub 2-0:1.0: 6 ports detected
[    1.491055] sdhci-pci 0000:00:1e.4: SDHCI controller found [8086:9d2b] (rev 21)
[    1.491427] elants_i2c i2c-ELAN0001:00: supply vcc33 not found, using dummy regulator
[    1.491464] elants_i2c i2c-ELAN0001:00: supply vccio not found, using dummy regulator
[    1.492208] mmc0: SDHCI controller on PCI [0000:00:1e.4] using ADMA 64-bit
[    1.492794] cros_ec_lpcs GOOG0004:00: Chrome EC device registered
[    1.493181] idma64 idma64.1: Found Intel integrated DMA 64-bit
[    1.496426] idma64 idma64.2: Found Intel integrated DMA 64-bit
[    1.499779] idma64 idma64.3: Found Intel integrated DMA 64-bit
--
[    1.630323] i915 0000:00:02.0: [drm] [ENCODER:102:DDI B/PHY B] is disabled/in DSI mode with an ungated DDI clock, gate it
[    1.630328] i915 0000:00:02.0: [drm] [ENCODER:118:DDI C/PHY C] is disabled/in DSI mode with an ungated DDI clock, gate it
[    1.641136] [drm] Initialized i915 1.6.0 20201103 for 0000:00:02.0 on minor 0
[    1.654605] fbcon: i915drmfb (fb0) is primary device
[    1.656632] Console: switching to colour frame buffer device 141x47
[    1.675954] input: WCOM005C:00 2D1F:0066 as /devices/pci0000:00/0000:00:15.2/i2c_designware.2/i2c-3/i2c-WCOM005C:00/0018:2D1F:0066.0001/input/input4
[    1.676161] input: WCOM005C:00 2D1F:0066 as /devices/pci0000:00/0000:00:15.2/i2c_designware.2/i2c-3/i2c-WCOM005C:00/0018:2D1F:0066.0001/input/input5
[    1.676228] hid-generic 0018:2D1F:0066.0001: input,hidraw0: I2C HID v1.00 Device [WCOM005C:00 2D1F:0066] on i2c-WCOM005C:00
[    1.678755] i915 0000:00:02.0: [drm] fb0: i915drmfb frame buffer device
[    1.775860] cros-ec-spi spi-PRP0001:02: EC failed to respond in time
[    1.827658] usb 2-3: new SuperSpeed USB device number 2 using xhci_hcd
[    1.849777] usb 2-3: New USB device found, idVendor=054c, idProduct=09c2, bcdDevice= 1.10
[    1.849784] usb 2-3: New USB device strings: Mfr=1, Product=2, SerialNumber=3
--
[    2.428420] usb 1-7: Manufacturer: Chicony Electronics Co.,Ltd.
[    2.428424] usb 1-7: SerialNumber: 0001
[    2.515575] i2c_designware i2c_designware.0: controller timed out
[    2.547181] i2c_designware i2c_designware.0: timeout in disabling adapter
[    2.567539] i2c_designware i2c_designware.0: timeout waiting for bus ready
[    2.567559] elants_i2c i2c-ELAN0001:00: nothing at this address
[    2.868413] scsi 0:0:0:0: Direct-Access     Sony     Storage Media    PMAP PQ: 0 ANSI: 6
[    2.868613] sd 0:0:0:0: Attached scsi generic sg0 type 0
[    2.868940] sd 0:0:0:0: [sda] 60555264 512-byte logical blocks: (31.0 GB/28.9 GiB)
[    2.869244] sd 0:0:0:0: [sda] Write Protect is off
[    2.869246] sd 0:0:0:0: [sda] Mode Sense: 45 00 00 00
--
[    8.359626] chromeos ramoops using acpi device.
[    8.395011] input: Tablet Mode Switch as /devices/LNXSYSTM:00/LNXSYBUS:00/PNP0A08:00/device:03/PNP0C09:00/GOOG0006:00/input/input7
[    8.396426] cros-usbpd-notify-acpi GOOG0003:00: Couldn't get Chrome EC device pointer.
[    8.443563] raydium_ts i2c-RAYD0001:00: supply avdd not found, using dummy regulator
[    8.443590] raydium_ts i2c-RAYD0001:00: supply vccio not found, using dummy regulator
[    8.451551] elan_i2c i2c-ELAN0000:00: supply vcc not found, using dummy regulator
[    8.515271] tpm_tis_spi spi-PRP0001:01: TPM ready IRQ confirmed on attempt 2
[    8.526841] tpm_tis_spi spi-PRP0001:01: 2.0 TPM (device-id 0x28, rev-id 0)
[    8.568361] elan_i2c i2c-ELAN0000:00: Elan Touchpad: Module ID: 0x00bb, Firmware: 0x0002, Sample: 0x0003, IAP: 0x0000
[    8.569948] input: Elan Touchpad as /devices/pci0000:00/0000:00:15.1/i2c_designware.1/i2c-2/i2c-ELAN0000:00/input/input8
[    8.579910] dw-apb-uart.4: ttyS4 at MMIO 0xd1137000 (irq = 32, base_baud = 7500000) is a 16550A
[    8.586388] proc_thermal 0000:00:04.0: Creating sysfs group for PROC_THERMAL_PCI
[    8.586454] intel_rapl_common: Found RAPL domain package
[    8.586457] intel_rapl_common: Found RAPL domain dram
[    8.599675] dw-apb-uart.5: ttyS5 at MMIO 0xd1139000 (irq = 20, base_baud = 115200) is a 16550A
