[    0.000000] BIOS-e820: [mem 0x000000003a899000-0x00000000434aefff] usable
[    0.000000] BIOS-e820: [mem 0x00000000434af000-0x00000000452fefff] reserved
[    0.000000] BIOS-e820: [mem 0x00000000452ff000-0x0000000045b2efff] ACPI NVS
[    0.000000] BIOS-e820: [mem 0x0000000045b2f000-0x0000000045bfefff] ACPI data
[    0.000000] BIOS-e820: [mem 0x0000000045bff000-0x0000000045bfffff] usable
[    0.000000] BIOS-e820: [mem 0x0000000045c00000-0x000000004f3fffff] reserved
[    0.000000] BIOS-e820: [mem 0x00000000fe010000-0x00000000fe010fff] reserved
[    0.000000] BIOS-e820: [mem 0x00000000fed20000-0x00000000fed7ffff] reserved
[    0.000000] BIOS-e820: [mem 0x00000000ff000000-0x00000000ffffffff] reserved
[    0.000000] BIOS-e820: [mem 0x0000000100000000-0x00000004b0bfffff] usable
[    0.000000] NX (Execute Disable) protection: active
--
[    0.081394] DMAR: dmar0: reg_base_addr fed90000 ver 4:0 cap 1c0000c40660462 ecap 69e2ff0505e
[    0.081396] DMAR: DRHD base: 0x000000fed84000 flags: 0x0
[    0.081399] DMAR: dmar1: reg_base_addr fed84000 ver 1:0 cap d2008c40660462 ecap f050da
[    0.081401] DMAR: DRHD base: 0x000000fed91000 flags: 0x1
[    0.081405] DMAR: dmar2: reg_base_addr fed91000 ver 1:0 cap d2008c40660462 ecap f050da
[    0.081407] DMAR: RMRR base: 0x0000004b000000 end: 0x0000004f3fffff
[    0.081409] DMAR-IR: IOAPIC id 2 under DRHD base  0xfed91000 IOMMU 2
[    0.081410] DMAR-IR: HPET id 0 under DRHD base 0xfed91000
[    0.081411] DMAR-IR: Queued invalidation will be enabled to support x2apic and Intr-remapping.
[    0.083221] DMAR-IR: Enabled IRQ remapping in x2apic mode
[    0.083223] x2apic enabled
--
[    1.791158] usb 3-2: New USB device strings: Mfr=1, Product=2, SerialNumber=3
[    1.791161] usb 3-2: Product: Razer Barracuda Pro 2.4
[    1.791163] usb 3-2: Manufacturer: Macronix
[    1.791165] usb 3-2: SerialNumber: 1234
[    1.807179] input: Macronix Razer Barracuda Pro 2.4 Consumer Control as /devices/pci0000:00/0000:00:14.0/usb3/3-2/3-2:1.3/0003:1532:053A.0001/input/input4
[    1.864086] hid-generic 0003:1532:053A.0001: input,hiddev96,hidraw0: USB HID v1.10 Device [Macronix Razer Barracuda Pro 2.4] on usb-0000:00:14.0-2/input3
[    1.864125] usbcore: registered new interface driver usbhid
[    1.864127] usbhid: USB HID core driver
[    1.913657] usb 3-7: new high-speed USB device number 3 using xhci_hcd
[    2.066525] usb 3-7: New USB device found, idVendor=5986, idProduct=212b, bcdDevice=56.14
[    2.066534] usb 3-7: New USB device strings: Mfr=1, Product=2, SerialNumber=0
--
[    9.778311] iwlwifi 0000:00:14.3: PCI dev a0f0/0074, rev=0x351, rfid=0x10a100
[    9.801675] iwlwifi 0000:00:14.3: api flags index 2 larger than supported by driver
[    9.801700] iwlwifi 0000:00:14.3: TLV_FW_FSEQ_VERSION: FSEQ Version: 89.3.35.37
[    9.802147] iwlwifi 0000:00:14.3: loaded firmware version 77.2df8986f.0 QuZ-a0-hr-b0-77.ucode op_mode iwlmvm
[    9.813527] intel-lpss 0000:00:15.1: enabling device (0004 -> 0006)
[    9.874818] input: ELAN06FA:00 04F3:3140 Mouse as /devices/pci0000:00/0000:00:15.0/i2c_designware.0/i2c-13/i2c-ELAN06FA:00/0018:04F3:3140.0002/input/input9
[    9.874902] input: ELAN06FA:00 04F3:3140 Touchpad as /devices/pci0000:00/0000:00:15.0/i2c_designware.0/i2c-13/i2c-ELAN06FA:00/0018:04F3:3140.0002/input/input10
[    9.874962] hid-generic 0018:04F3:3140.0002: input,hidraw1: I2C HID v1.00 Mouse [ELAN06FA:00 04F3:3140] on i2c-ELAN06FA:00
[    9.895729] RAPL PMU: API unit is 2^-32 Joules, 3 fixed counters, 655360 ms ovfl timer
[    9.895735] RAPL PMU: hw unit of domain pp0-core 2^-14 Joules
[    9.895736] RAPL PMU: hw unit of domain package 2^-14 Joules
[    9.895737] RAPL PMU: hw unit of domain pp1-gpu 2^-14 Joules
[    9.897914] idma64 idma64.1: Found Intel integrated DMA 64-bit
--
[   10.023700] Bluetooth: hci0: Firmware Version: 206-22.23
[   10.037973] iTCO_vendor_support: vendor-support=0
[   10.066981] mei_pxp 0000:00:16.0-fbf6fcf1-96cf-4e2e-a6a6-1bab8cbe36b1: bound 0000:00:02.0 (ops i915_pxp_tee_component_ops [i915])
[   10.068394] mei_hdcp 0000:00:16.0-b638ab7e-94e2-4ea2-a552-d1c54b627f04: bound 0000:00:02.0 (ops i915_hdcp_ops [i915])
[   10.096311] ee1004 12-0050: 512 byte EE1004-compliant SPD EEPROM, read-only
[   10.148528] input: WACF2200:00 056A:5269 Touchscreen as /devices/pci0000:00/0000:00:15.3/i2c_designware.2/i2c-15/i2c-WACF2200:00/0018:056A:5269.0003/input/input11
[   10.148593] input: WACF2200:00 056A:5269 as /devices/pci0000:00/0000:00:15.3/i2c_designware.2/i2c-15/i2c-WACF2200:00/0018:056A:5269.0003/input/input12
[   10.148629] input: WACF2200:00 056A:5269 Stylus as /devices/pci0000:00/0000:00:15.3/i2c_designware.2/i2c-15/i2c-WACF2200:00/0018:056A:5269.0003/input/input13
[   10.148665] input: WACF2200:00 056A:5269 as /devices/pci0000:00/0000:00:15.3/i2c_designware.2/i2c-15/i2c-WACF2200:00/0018:056A:5269.0003/input/input14
[   10.148699] input: WACF2200:00 056A:5269 Mouse as /devices/pci0000:00/0000:00:15.3/i2c_designware.2/i2c-15/i2c-WACF2200:00/0018:056A:5269.0003/input/input15
[   10.148749] hid-generic 0018:056A:5269.0003: input,hidraw2: I2C HID v1.00 Mouse [WACF2200:00 056A:5269] on i2c-WACF2200:00
[   10.154493] hid-generic 0018:0CF2:9540.0004: hidraw3: I2C HID v1.00 Device [0416C300:00 0CF2:9540] on i2c-0416C300:00
[   10.184730] iTCO_wdt iTCO_wdt: Found a Intel PCH TCO device (Version=6, TCOBASE=0x0400)
[   10.185571] iTCO_wdt iTCO_wdt: initialized. heartbeat=30 sec (nowayout=0)
[   10.186663] snd_hda_intel 0000:00:1f.3: DSP detected with PCI class/subclass/prog-if info 0x040100
[   10.202168] snd_hda_intel 0000:00:1f.3: Digital mics found on Skylake+ platform, using SOF driver
[   10.202790] iwlwifi 0000:00:14.3: Detected Intel(R) Wi-Fi 6 AX201 160MHz, REV=0x351
--
[   10.351946] iwlwifi 0000:00:14.3: Detected RF HR B5, rfid=0x10a100
[   10.388116] EXT4-fs (dm-2): barriers disabled
[   10.405863] EXT4-fs (dm-2): mounted filesystem 8b7e0427-3873-4aa1-9b7c-32a9e8e48cb3 r/w with ordered data mode. Quota mode: none.
[   10.418576] iwlwifi 0000:00:14.3: base HW address: 70:cd:0d:c8:13:2e
[   10.479438] intel_tcc_cooling: TCC Offset locked
[   10.486736] input: ELAN06FA:00 04F3:3140 Mouse as /devices/pci0000:00/0000:00:15.0/i2c_designware.0/i2c-13/i2c-ELAN06FA:00/0018:04F3:3140.0002/input/input16
[   10.520588] input: ELAN06FA:00 04F3:3140 Touchpad as /devices/pci0000:00/0000:00:15.0/i2c_designware.0/i2c-13/i2c-ELAN06FA:00/0018:04F3:3140.0002/input/input17
[   10.521075] hid-multitouch 0018:04F3:3140.0002: input,hidraw1: I2C HID v1.00 Mouse [ELAN06FA:00 04F3:3140] on i2c-ELAN06FA:00
[   10.560638] mousedev: PS/2 mouse device common for all mice
[   10.569985] input: Wacom HID 5269 Pen as /devices/pci0000:00/0000:00:15.3/i2c_designware.2/i2c-15/i2c-WACF2200:00/0018:056A:5269.0003/input/input18
[   10.570147] input: Wacom HID 5269 Finger as /devices/pci0000:00/0000:00:15.3/i2c_designware.2/i2c-15/i2c-WACF2200:00/0018:056A:5269.0003/input/input19
[   10.570467] wacom 0018:056A:5269.0003: hidraw2: I2C HID v1.00 Mouse [WACF2200:00 056A:5269] on i2c-WACF2200:00
[   10.799178] sof-audio-pci-intel-tgl 0000:00:1f.3: DSP detected with PCI class/subclass/prog-if info 0x040100
[   10.799337] sof-audio-pci-intel-tgl 0000:00:1f.3: Digital mics found on Skylake+ platform, using SOF driver
[   10.799365] sof-audio-pci-intel-tgl 0000:00:1f.3: enabling device (0000 -> 0002)
[   10.799636] sof-audio-pci-intel-tgl 0000:00:1f.3: DSP detected with PCI class/subclass/prog-if 0x040100
[   10.799755] sof-audio-pci-intel-tgl 0000:00:1f.3: bound 0000:00:02.0 (ops i915_audio_component_bind_ops [i915])
--
[   11.320362] Bluetooth: BNEP socket layer initialized
[   11.767579] Bluetooth: hci0: Waiting for firmware download to complete
[   11.768495] Bluetooth: hci0: Firmware loaded in 1704079 usecs
[   11.768565] Bluetooth: hci0: Waiting for device to boot
[   11.776055] NET: Registered PF_QIPCRTR protocol family
[   11.783507] Bluetooth: hci0: Malformed MSFT vendor event: 0x02
[   11.783955] Bluetooth: hci0: Device booted in 15070 usecs
[   11.785117] Bluetooth: hci0: Found Intel DDC parameters: intel/ibt-19-0-4.ddc
[   11.786482] Bluetooth: hci0: Applying Intel DDC parameters completed
[   11.787496] Bluetooth: hci0: Firmware revision 0.4 build 206 week 22 2023
[   11.789505] Bluetooth: hci0: HCI LE Coded PHY feature bit is set, but its usage is not supported.
--
[   22.998150] input: XP-Pen Eraser as /devices/virtual/input/input28
[   65.418738] atkbd serio0: Unknown key pressed (translated set 2, code 0x6a on isa0060/serio0).
[   65.418749] atkbd serio0: Use 'setkeycodes 6a <keycode>' to make it known.
[   65.421854] atkbd serio0: Unknown key released (translated set 2, code 0x6a on isa0060/serio0).
[   65.421864] atkbd serio0: Use 'setkeycodes 6a <keycode>' to make it known.
[   78.573419] wacom 0018:056A:5269.0003: wacom_idleprox_timeout: tool appears to be hung in-prox. forcing it out.
[   81.188486] wacom 0018:056A:5269.0003: wacom_idleprox_timeout: tool appears to be hung in-prox. forcing it out.
[   81.405035] wacom 0018:056A:5269.0003: wacom_idleprox_timeout: tool appears to be hung in-prox. forcing it out.
[   83.197625] wacom 0018:056A:5269.0003: wacom_idleprox_timeout: tool appears to be hung in-prox. forcing it out.
[   87.955742] wacom 0018:056A:5269.0003: wacom_idleprox_timeout: tool appears to be hung in-prox. forcing it out.
[  111.503616] wacom 0018:056A:5269.0003: wacom_idleprox_timeout: tool appears to be hung in-prox. forcing it out.
[  113.783302] wacom 0018:056A:5269.0003: wacom_idleprox_timeout: tool appears to be hung in-prox. forcing it out.
[  138.914282] wacom 0018:056A:5269.0003: wacom_idleprox_timeout: tool appears to be hung in-prox. forcing it out.
[  140.897932] wacom 0018:056A:5269.0003: wacom_idleprox_timeout: tool appears to be hung in-prox. forcing it out.
[  146.828541] wacom 0018:056A:5269.0003: wacom_idleprox_timeout: tool appears to be hung in-prox. forcing it out.
[  158.872997] process '/usr/bin/telegram-desktop' started with executable stack
[  163.469404] wacom 0018:056A:5269.0003: wacom_idleprox_timeout: tool appears to be hung in-prox. forcing it out.
[  166.242984] wacom 0018:056A:5269.0003: wacom_idleprox_timeout: tool appears to be hung in-prox. forcing it out.
[  166.509624] wacom 0018:056A:5269.0003: wacom_idleprox_timeout: tool appears to be hung in-prox. forcing it out.
[  168.086180] wacom 0018:056A:5269.0003: wacom_idleprox_timeout: tool appears to be hung in-prox. forcing it out.
[  168.986203] wacom 0018:056A:5269.0003: wacom_idleprox_timeout: tool appears to be hung in-prox. forcing it out.
[  169.599620] wacom 0018:056A:5269.0003: wacom_idleprox_timeout: tool appears to be hung in-prox. forcing it out.
[  172.642931] wacom 0018:056A:5269.0003: wacom_idleprox_timeout: tool appears to be hung in-prox. forcing it out.
[  196.136110] wacom 0018:056A:5269.0003: wacom_idleprox_timeout: tool appears to be hung in-prox. forcing it out.
[  254.093574] wacom 0018:056A:5269.0003: wacom_idleprox_timeout: tool appears to be hung in-prox. forcing it out.
[  257.649903] wacom 0018:056A:5269.0003: wacom_idleprox_timeout: tool appears to be hung in-prox. forcing it out.
[  281.627605] wacom 0018:056A:5269.0003: wacom_idleprox_timeout: tool appears to be hung in-prox. forcing it out.
[  291.711600] wacom 0018:056A:5269.0003: wacom_idleprox_timeout: tool appears to be hung in-prox. forcing it out.
[  297.942019] wacom 0018:056A:5269.0003: wacom_idleprox_timeout: tool appears to be hung in-prox. forcing it out.
[  298.381969] wacom 0018:056A:5269.0003: wacom_idleprox_timeout: tool appears to be hung in-prox. forcing it out.
[  318.887330] wlan0: disconnect from AP 8c:de:f9:bf:a1:81 for new auth to 8c:de:f9:bf:a1:82
[  318.934484] wlan0: authenticate with 8c:de:f9:bf:a1:82
[  318.938599] wlan0: send auth to 8c:de:f9:bf:a1:82 (try 1/3)
[  318.966258] wlan0: 8c:de:f9:bf:a1:82 denied authentication (status 53)
[  319.158270] wlan0: authenticate with 8c:de:f9:bf:a1:81
--
[  935.541249] wlan0: associated
[  965.907383] atkbd serio0: Unknown key pressed (translated set 2, code 0x6a on isa0060/serio0).
[  965.907392] atkbd serio0: Use 'setkeycodes 6a <keycode>' to make it known.
[  965.912244] atkbd serio0: Unknown key released (translated set 2, code 0x6a on isa0060/serio0).
[  965.912254] atkbd serio0: Use 'setkeycodes 6a <keycode>' to make it known.
[  968.601026] wacom 0018:056A:5269.0003: wacom_idleprox_timeout: tool appears to be hung in-prox. forcing it out.
[ 1095.476434] atkbd serio0: Unknown key pressed (translated set 2, code 0x6b on isa0060/serio0).
[ 1095.476445] atkbd serio0: Use 'setkeycodes 6b <keycode>' to make it known.
[ 1095.482852] atkbd serio0: Unknown key released (translated set 2, code 0x6b on isa0060/serio0).
[ 1095.482866] atkbd serio0: Use 'setkeycodes 6b <keycode>' to make it known.
[ 1126.382923] atkbd serio0: Unknown key pressed (translated set 2, code 0x6a on isa0060/serio0).
