[    0.000000] BIOS-e820: [mem 0x000000008bf00000-0x000000008f7fffff] reserved
[    0.000000] BIOS-e820: [mem 0x00000000e0000000-0x00000000efffffff] reserved
[    0.000000] BIOS-e820: [mem 0x00000000fe010000-0x00000000fe010fff] reserved
[    0.000000] BIOS-e820: [mem 0x0000000100000000-0x000000026f7fffff] usable
[    0.000000] NX (Execute Disable) protection: active
[    0.000000] efi: EFI v2.60 by MSFT
[    0.000000] efi:  ACPI=0x8befe000  ACPI 2.0=0x8befe014  SMBIOS=0x8bdde000  SMBIOS 3.0=0x8bddc000  ESRT=0x8bddf598  MEMATTR=0x8966e018 
[    0.000000] SMBIOS 3.1.1 present.
[    0.000000] DMI: Microsoft Corporation Surface Book 2/Surface Book 2, BIOS 389.2370.769 10/02/2018
[    0.000000] tsc: Detected 2100.000 MHz processor
[    0.001411] tsc: Detected 2112.000 MHz TSC
--
[    0.020127] BRK [0x3aa06000, 0x3aa06fff] PGTABLE
[    0.020177] BRK [0x3aa07000, 0x3aa07fff] PGTABLE
[    0.020235] Secure boot could not be determined
[    0.020236] RAMDISK: [mem 0x36a3d000-0x37515fff]
[    0.020244] ACPI: Early table checksum verification disabled
[    0.020248] ACPI: RSDP 0x000000008BEFE014 000024 (v02 MSFT  )
[    0.020257] ACPI: XSDT 0x000000008BEFD0E8 0000B4 (v01 MSFT   MSFT     00000000 MSFT 0000005F)
[    0.020264] ACPI: FACP 0x000000008BED9000 00010C (v05 MSFT   MSFT     00000000 MSFT 0000005F)
[    0.020270] ACPI: DSDT 0x000000008BEBB000 01918C (v02 MSFT   MSFT     00000000 INTL 20160422)
[    0.020274] ACPI: FACS 0x000000008BE7C000 000040
[    0.020277] ACPI: SSDT 0x000000008BEE1000 01B0C2 (v02 DptfTa DptfTabl 00001000 INTL 20160422)
[    0.020280] ACPI: SSDT 0x000000008BEE0000 000346 (v02 MSFT   Tpm2Tabl 00001000 INTL 20160422)
[    0.020284] ACPI: TPM2 0x000000008BEDF000 000034 (v03 MSFT   MSFT     00000002 MSFT 0000005F)
[    0.020287] ACPI: MSDM 0x000000008BEDE000 000055 (v01 MSFT            00000001 MSFT 00000001)
[    0.020291] ACPI: SSDT 0x000000008BEDA000 00312B (v02 SaSsdt SaSsdt   00003000 INTL 20160422)
[    0.020294] ACPI: HPET 0x000000008BED8000 000038 (v01 MSFT   MSFT     00000001 MSFT 0000005F)
[    0.020297] ACPI: APIC 0x000000008BED7000 00012C (v03 MSFT   MSFT     00000001 MSFT 0000005F)
[    0.020301] ACPI: MCFG 0x000000008BED6000 00003C (v01 MSFT   MSFT     00000001 MSFT 0000005F)
[    0.020304] ACPI: LPIT 0x000000008BED5000 000094 (v01 MSFT   MSFT     00000000 MSFT 0000005F)
[    0.020307] ACPI: SSDT 0x000000008BEB8000 0024E8 (v02 MSFT   RTD3ApNV 00001000 INTL 20160422)
[    0.020311] ACPI: SSDT 0x000000008BEB7000 0007CF (v02 MSFT   xh_sh000 00000000 INTL 20160422)
[    0.020314] ACPI: SSDT 0x000000008BEB5000 0017AE (v02 CpuRef CpuSsdt  00003000 INTL 20160422)
[    0.020317] ACPI: DMAR 0x000000008BEB4000 00015C (v01 MSFT   MSFT     00000001 INTL 00000001)
[    0.020320] ACPI: NHLT 0x000000008BEB3000 00002D (v00 MSFT   MSFT     00000002 MSFT 0000005F)
[    0.020324] ACPI: FPDT 0x000000008BEB2000 000034 (v01 MSFT   MSFT     00000002 MSFT 0000005F)
[    0.020327] ACPI: BGRT 0x000000008BEB1000 000038 (v01 MSFT   MSFT     00000002 MSFT 0000005F)
[    0.020330] ACPI: WSMT 0x000000008BEB0000 000028 (v01 MSFT   MSFT     00000002 MSFT 0000005F)
[    0.020341] ACPI: Local APIC address 0xfee00000
[    0.020570] No NUMA configuration found
[    0.020572] Faking a node at [mem 0x0000000000000000-0x000000026f7fffff]
[    0.020577] NODE_DATA(0) allocated [mem 0x26f7fa000-0x26f7fdfff]
[    0.020604] Zone ranges:
--
[    3.292062] usb 1-1: new high-speed USB device number 2 using xhci_hcd
[    3.315362] raid6: avx2x1   xor() 17167 MB/s
[    3.372037] raid6: sse2x4   gen() 16143 MB/s
[    3.428693] raid6: sse2x4   xor() 10751 MB/s
[    3.452176] random: fast init done
[    3.452180] usb 1-1: New USB device found, idVendor=045e, idProduct=0942, bcdDevice=62.79
[    3.452182] usb 1-1: New USB device strings: Mfr=1, Product=2, SerialNumber=0
[    3.452183] usb 1-1: Product: L1 USB2 Hub
[    3.452184] usb 1-1: Manufacturer: Microsoft
[    3.455548] hub 1-1:1.0: USB hub found
[    3.459666] hub 1-1:1.0: 3 ports detected
[    3.485360] raid6: sse2x2   gen() 13857 MB/s
[    3.542027] raid6: sse2x2   xor() 10355 MB/s
[    3.562252] usb 2-1: new SuperSpeed Gen 1 USB device number 2 using xhci_hcd
[    3.581607] usb 2-1: New USB device found, idVendor=045e, idProduct=0941, bcdDevice=62.79
[    3.581608] usb 2-1: New USB device strings: Mfr=1, Product=2, SerialNumber=0
[    3.581609] usb 2-1: Product: L1 USB3 Gen1 Hub
[    3.581610] usb 2-1: Manufacturer: Microsoft
[    3.583059] hub 2-1:1.0: USB hub found
[    3.583362] hub 2-1:1.0: 2 ports detected
--
[    4.048860] vboxdrv: Successfully loaded version 6.0.6 (interface 0x00290008)
[    4.049920] VBoxPciLinuxInit
[    4.049922] vboxpci: IOMMU not found (not registered)
[    4.050432] VBoxNetAdp: Successfully started.
[    4.051273] VBoxNetFlt: Successfully started.
[    4.099772] usb 1-4: New USB device found, idVendor=045e, idProduct=0901, bcdDevice=47.53
[    4.099774] usb 1-4: New USB device strings: Mfr=1, Product=2, SerialNumber=0
[    4.099775] usb 1-4: Product: Surface Dock USB2Hub
[    4.099776] usb 1-4: Manufacturer: Microsoft
[    4.100984] hub 1-4:1.0: USB hub found
[    4.102325] hub 1-4:1.0: 4 ports detected
[    4.191087] audit: type=1130 audit(1557928827.470:2): pid=1 uid=0 auid=4294967295 ses=4294967295 msg='unit=systemd-journald comm="systemd" exe="/usr/lib/systemd/systemd" hostname=? addr=? terminal=? res=success'
[    4.199064] systemd-journald[314]: Received request to flush runtime journal from PID 1
[    4.215563] usb 2-4: new SuperSpeed Gen 1 USB device number 3 using xhci_hcd
[    4.234662] usb 2-4: New USB device found, idVendor=045e, idProduct=0900, bcdDevice=47.53
[    4.234664] usb 2-4: New USB device strings: Mfr=1, Product=2, SerialNumber=0
[    4.234666] usb 2-4: Product: Surface Dock USB3Hub
[    4.234667] usb 2-4: Manufacturer: Microsoft
[    4.236493] hub 2-4:1.0: USB hub found
[    4.236755] hub 2-4:1.0: 2 ports detected
[    4.328736] usb 1-1.1: new high-speed USB device number 4 using xhci_hcd
[    4.385213] audit: type=1130 audit(1557928827.663:3): pid=1 uid=0 auid=4294967295 ses=4294967295 msg='unit=systemd-journal-flush comm="systemd" exe="/usr/lib/systemd/systemd" hostname=? addr=? terminal=? res=success'
[    4.387515] audit: type=1130 audit(1557928827.666:4): pid=1 uid=0 auid=4294967295 ses=4294967295 msg='unit=systemd-hwdb-update comm="systemd" exe="/usr/lib/systemd/systemd" hostname=? addr=? terminal=? res=success'
[    4.444615] usb 1-1.1: New USB device found, idVendor=045e, idProduct=0944, bcdDevice=62.88
[    4.444617] usb 1-1.1: New USB device strings: Mfr=1, Product=2, SerialNumber=0
[    4.444619] usb 1-1.1: Product: L2 USB2 Hub
[    4.444621] usb 1-1.1: Manufacturer: Microsoft
[    4.445609] hub 1-1.1:1.0: USB hub found
[    4.445870] hub 1-1.1:1.0: 3 ports detected
[    4.515563] usb 2-1.1: new SuperSpeed Gen 1 USB device number 4 using xhci_hcd
[    4.535132] usb 2-1.1: New USB device found, idVendor=045e, idProduct=0943, bcdDevice=62.88
[    4.535133] usb 2-1.1: New USB device strings: Mfr=1, Product=2, SerialNumber=0
[    4.535134] usb 2-1.1: Product: L2 USB3 Gen1 Hub
[    4.535135] usb 2-1.1: Manufacturer: Microsoft
[    4.537390] hub 2-1.1:1.0: USB hub found
[    4.537709] hub 2-1.1:1.0: 3 ports detected
--
[    4.662516] ACPI: AC Adapter [ADP1] (off-line)
[    4.665587] acpi-tad ACPI000E:00: Missing _PRW
[    4.674420] ACPI Warning: \_SB.SHPS._DSM: Argument #4 type mismatch - Found [Integer], ACPI requires [Package] (20181213/nsarguments-66)
[    4.683518] hidraw: raw HID events driver (C) Jiri Kosina
[    4.702130] tpm_tis NTC0103:00: 2.0 TPM (device-id 0xFE, rev-id 4)
[    4.709155] usb 1-4.1: New USB device found, idVendor=045e, idProduct=0903, bcdDevice=47.54
[    4.709158] usb 1-4.1: New USB device strings: Mfr=1, Product=2, SerialNumber=0
[    4.709160] usb 1-4.1: Product: Surface Dock USB2Hub
[    4.709162] usb 1-4.1: Manufacturer: Microsoft
[    4.710726] hub 1-4.1:1.0: USB hub found
[    4.712363] hub 1-4.1:1.0: 4 ports detected
--
[    4.772570] intel-lpss 0000:00:15.2: enabling device (0000 -> 0002)
[    4.772863] idma64 idma64.2: Found Intel integrated DMA 64-bit
[    4.775477] usb 2-4.1: new SuperSpeed Gen 1 USB device number 5 using xhci_hcd
[    4.782218] cryptd: max_cpu_qlen set to 1000
[    4.793225] audit: type=1130 audit(1557928828.073:6): pid=1 uid=0 auid=4294967295 ses=4294967295 msg='unit=systemd-backlight@backlight:intel_backlight comm="systemd" exe="/usr/lib/systemd/systemd" hostname=? addr=? terminal=? res=success'
[    4.794576] usb 2-4.1: New USB device found, idVendor=045e, idProduct=0902, bcdDevice=47.54
[    4.794578] usb 2-4.1: New USB device strings: Mfr=1, Product=2, SerialNumber=0
[    4.794580] usb 2-4.1: Product: Surface Dock USB3Hub
[    4.794582] usb 2-4.1: Manufacturer: Microsoft
[    4.796657] hub 2-4.1:1.0: USB hub found
[    4.796919] hub 2-4.1:1.0: 4 ports detected
--
[    4.866293] probing Intel Precise Touch & Stylus
[    4.866294] IPTS using DMA_BIT_MASK(64)
[    4.878503] mwifiex_pcie 0000:01:00.0: enabling device (0000 -> 0002)
[    4.878793] mwifiex_pcie: try set_consistent_dma_mask(32)
[    4.878824] mwifiex_pcie: PCI memory map Virt0: 00000000c6cc468b PCI memory map Virt2: 0000000039739f69
[    4.882725] input: ipts 045E:0021 as /devices/pci0000:00/0000:00:16.4/mei::3e8d0870-271a-4208-8eb5-9acb9402ae04:0F/0044:045E:0021.0001/input/input5
[    4.882805] input: ipts 045E:0021 as /devices/pci0000:00/0000:00:16.4/mei::3e8d0870-271a-4208-8eb5-9acb9402ae04:0F/0044:045E:0021.0001/input/input6
[    4.882858] input: ipts 045E:0021 as /devices/pci0000:00/0000:00:16.4/mei::3e8d0870-271a-4208-8eb5-9acb9402ae04:0F/0044:045E:0021.0001/input/input7
[    4.882911] input: ipts 045E:0021 as /devices/pci0000:00/0000:00:16.4/mei::3e8d0870-271a-4208-8eb5-9acb9402ae04:0F/0044:045E:0021.0001/input/input8
[    4.882964] input: ipts 045E:0021 Touchscreen as /devices/pci0000:00/0000:00:16.4/mei::3e8d0870-271a-4208-8eb5-9acb9402ae04:0F/0044:045E:0021.0001/input/input9
[    4.883033] input: ipts 045E:0021 Mouse as /devices/pci0000:00/0000:00:16.4/mei::3e8d0870-271a-4208-8eb5-9acb9402ae04:0F/0044:045E:0021.0001/input/input10
[    4.883084] input: ipts 045E:0021 as /devices/pci0000:00/0000:00:16.4/mei::3e8d0870-271a-4208-8eb5-9acb9402ae04:0F/0044:045E:0021.0001/input/input11
[    4.883136] input: ipts 045E:0021 as /devices/pci0000:00/0000:00:16.4/mei::3e8d0870-271a-4208-8eb5-9acb9402ae04:0F/0044:045E:0021.0001/input/input12
[    4.883190] input: ipts 045E:0021 as /devices/pci0000:00/0000:00:16.4/mei::3e8d0870-271a-4208-8eb5-9acb9402ae04:0F/0044:045E:0021.0001/input/input13
[    4.883249] hid-generic 0044:045E:0021.0001: input,hidraw0: <UNKNOWN> HID v2ee00.00 Mouse [ipts 045E:0021] on heci3
[    4.888709] usb 1-1.3: new full-speed USB device number 6 using xhci_hcd
[    4.896179] ipts mei::3e8d0870-271a-4208-8eb5-9acb9402ae04:0F: touch enabled 4
[    4.915792] snd_hda_codec_realtek hdaudioC0D0: autoconfig for ALC298: line_outs=1 (0x14/0x0/0x0/0x0/0x0) type:speaker
[    4.915794] snd_hda_codec_realtek hdaudioC0D0:    speaker_outs=0 (0x0/0x0/0x0/0x0/0x0)
[    4.915797] snd_hda_codec_realtek hdaudioC0D0:    hp_outs=1 (0x21/0x0/0x0/0x0/0x0)
--
[    4.995590] surfacegen5_acpi_san MSHW0091:00: Linked as a consumer to serial0-0
[    4.995615] acpi ACPI000E:00: Linked as a consumer to MSHW0091:00
[    4.995668] ac ACPI0003:00: Linked as a consumer to MSHW0091:00
[    4.995676] acpi PNP0C0A:00: Linked as a consumer to MSHW0091:00
[    4.995683] acpi PNP0C0A:01: Linked as a consumer to MSHW0091:00
[    5.003620] usb 1-1.3: New USB device found, idVendor=045e, idProduct=0922, bcdDevice= b.01
[    5.003643] usb 1-1.3: New USB device strings: Mfr=1, Product=2, SerialNumber=0
[    5.003650] usb 1-1.3: Product: Surface Keyboard
[    5.003655] usb 1-1.3: Manufacturer: Microsoft
[    5.011955] input: HDA Intel PCH Mic as /devices/pci0000:00/0000:00:1f.3/sound/card0/input14
[    5.012315] surfacegen5_acpi_dtx MSHW0133:00: Linked as a consumer to serial0-0
--
[    5.042809] input: HDA Intel PCH HDMI/DP,pcm=7 as /devices/pci0000:00/0000:00:1f.3/sound/card0/input17
[    5.049236] battery: ACPI: Battery Slot [BAT2] (battery present)
[    5.060730] input: HDA Intel PCH HDMI/DP,pcm=8 as /devices/pci0000:00/0000:00:1f.3/sound/card0/input18
[    5.082046] usb 1-4.3: new full-speed USB device number 7 using xhci_hcd
[    5.082289] input: HDA Intel PCH HDMI/DP,pcm=9 as /devices/pci0000:00/0000:00:1f.3/sound/card0/input19
[    5.094235] input: Microsoft Surface Keyboard as /devices/pci0000:00/0000:00:14.0/usb1/1-1/1-1.3/1-1.3:1.0/0003:045E:0922.0002/input/input22
[    5.098379] audit: type=1130 audit(1557928828.376:9): pid=1 uid=0 auid=4294967295 ses=4294967295 msg='unit=systemd-tmpfiles-setup comm="systemd" exe="/usr/lib/systemd/systemd" hostname=? addr=? terminal=? res=success'
[    5.102161] input: HDA Intel PCH HDMI/DP,pcm=10 as /devices/pci0000:00/0000:00:1f.3/sound/card0/input20
[    5.106030] input: ipts 045E:0021 UNKNOWN as /devices/pci0000:00/0000:00:16.4/mei::3e8d0870-271a-4208-8eb5-9acb9402ae04:0F/0044:045E:0021.0001/input/input43
[    5.106627] audit: type=1127 audit(1557928828.386:10): pid=538 uid=0 auid=4294967295 ses=4294967295 msg=' comm="systemd-update-utmp" exe="/usr/lib/systemd/systemd-update-utmp" hostname=? addr=? terminal=? res=success'
[    5.158797] input: Microsoft Surface Keyboard Mouse as /devices/pci0000:00/0000:00:14.0/usb1/1-1/1-1.3/1-1.3:1.0/0003:045E:0922.0002/input/input23
[    5.158836] input: ipts 045E:0021 as /devices/pci0000:00/0000:00:16.4/mei::3e8d0870-271a-4208-8eb5-9acb9402ae04:0F/0044:045E:0021.0001/input/input45
[    5.158906] input: Microsoft Surface Keyboard Consumer Control as /devices/pci0000:00/0000:00:14.0/usb1/1-1/1-1.3/1-1.3:1.0/0003:045E:0922.0002/input/input24
[    5.158950] input: Microsoft Surface Keyboard UNKNOWN as /devices/pci0000:00/0000:00:14.0/usb1/1-1/1-1.3/1-1.3:1.0/0003:045E:0922.0002/input/input25
[    5.159002] input: ipts 045E:0021 Touchscreen as /devices/pci0000:00/0000:00:16.4/mei::3e8d0870-271a-4208-8eb5-9acb9402ae04:0F/0044:045E:0021.0001/input/input46
[    5.159076] input: Microsoft Surface Keyboard Touchpad as /devices/pci0000:00/0000:00:14.0/usb1/1-1/1-1.3/1-1.3:1.0/0003:045E:0922.0002/input/input26
[    5.159079] input: ipts 045E:0021 Mouse as /devices/pci0000:00/0000:00:16.4/mei::3e8d0870-271a-4208-8eb5-9acb9402ae04:0F/0044:045E:0021.0001/input/input47
[    5.159134] input: Microsoft Surface Keyboard UNKNOWN as /devices/pci0000:00/0000:00:14.0/usb1/1-1/1-1.3/1-1.3:1.0/0003:045E:0922.0002/input/input27
[    5.159176] input: Microsoft Surface Keyboard UNKNOWN as /devices/pci0000:00/0000:00:14.0/usb1/1-1/1-1.3/1-1.3:1.0/0003:045E:0922.0002/input/input28
[    5.159213] input: Microsoft Surface Keyboard UNKNOWN as /devices/pci0000:00/0000:00:14.0/usb1/1-1/1-1.3/1-1.3:1.0/0003:045E:0922.0002/input/input29
[    5.159350] input: Microsoft Surface Keyboard UNKNOWN as /devices/pci0000:00/0000:00:14.0/usb1/1-1/1-1.3/1-1.3:1.0/0003:045E:0922.0002/input/input30
[    5.159381] input: Microsoft Surface Keyboard UNKNOWN as /devices/pci0000:00/0000:00:14.0/usb1/1-1/1-1.3/1-1.3:1.0/0003:045E:0922.0002/input/input31
[    5.159413] input: ipts 045E:0021 UNKNOWN as /devices/pci0000:00/0000:00:16.4/mei::3e8d0870-271a-4208-8eb5-9acb9402ae04:0F/0044:045E:0021.0001/input/input50
[    5.159415] input: Microsoft Surface Keyboard UNKNOWN as /devices/pci0000:00/0000:00:14.0/usb1/1-1/1-1.3/1-1.3:1.0/0003:045E:0922.0002/input/input32
[    5.159622] hid-multitouch 0044:045E:0021.0001: input,hidraw0: <UNKNOWN> HID v2ee00.00 Mouse [ipts 045E:0021] on heci3
[    5.159652] input: Microsoft Surface Keyboard UNKNOWN as /devices/pci0000:00/0000:00:14.0/usb1/1-1/1-1.3/1-1.3:1.0/0003:045E:0922.0002/input/input33
[    5.159741] input: Microsoft Surface Keyboard UNKNOWN as /devices/pci0000:00/0000:00:14.0/usb1/1-1/1-1.3/1-1.3:1.0/0003:045E:0922.0002/input/input34
[    5.159900] input: Microsoft Surface Keyboard UNKNOWN as /devices/pci0000:00/0000:00:14.0/usb1/1-1/1-1.3/1-1.3:1.0/0003:045E:0922.0002/input/input35
[    5.159950] input: Microsoft Surface Keyboard UNKNOWN as /devices/pci0000:00/0000:00:14.0/usb1/1-1/1-1.3/1-1.3:1.0/0003:045E:0922.0002/input/input36
[    5.160109] input: Microsoft Surface Keyboard UNKNOWN as /devices/pci0000:00/0000:00:14.0/usb1/1-1/1-1.3/1-1.3:1.0/0003:045E:0922.0002/input/input37
[    5.160243] input: Microsoft Surface Keyboard UNKNOWN as /devices/pci0000:00/0000:00:14.0/usb1/1-1/1-1.3/1-1.3:1.0/0003:045E:0922.0002/input/input38
[    5.160360] input: Microsoft Surface Keyboard UNKNOWN as /devices/pci0000:00/0000:00:14.0/usb1/1-1/1-1.3/1-1.3:1.0/0003:045E:0922.0002/input/input39
[    5.160707] hid-multitouch 0003:045E:0922.0002: input,hiddev0,hidraw1: USB HID v1.11 Keyboard [Microsoft Surface Keyboard] on usb-0000:00:14.0-1.3/input0
[    5.160747] usbcore: registered new interface driver usbhid
[    5.160748] usbhid: USB HID core driver
[    5.167145] mousedev: PS/2 mouse device common for all mice
[    5.176920] usb 1-4.3: New USB device found, idVendor=045e, idProduct=0904, bcdDevice=70.07
[    5.176923] usb 1-4.3: New USB device strings: Mfr=1, Product=2, SerialNumber=0
[    5.176925] usb 1-4.3: Product: Surface Dock Extender
[    5.176926] usb 1-4.3: Manufacturer: Microsoft
[    5.184241] hid-generic 0003:045E:0904.0003: hiddev1,hidraw2: USB HID v1.11 Device [Microsoft Surface Dock Extender] on usb-0000:00:14.0-4.3/input0
[    5.249569] usb 2-1.1.1: new SuperSpeed Gen 1 USB device number 6 using xhci_hcd
[    5.293023] usb 2-1.1.1: New USB device found, idVendor=045e, idProduct=090c, bcdDevice=29.10
[    5.293026] usb 2-1.1.1: New USB device strings: Mfr=1, Product=2, SerialNumber=3
[    5.293027] usb 2-1.1.1: Product: SD Card
[    5.293029] usb 2-1.1.1: Manufacturer: Microsoft
[    5.293031] usb 2-1.1.1: SerialNumber: 201408282030
[    5.343121] usb-storage 2-1.1.1:1.0: USB Mass Storage device detected
--
[    5.343974] usbcore: registered new interface driver usb-storage
[    5.345469] usb 2-4.2: new SuperSpeed Gen 1 USB device number 7 using xhci_hcd
[    5.346509] usbcore: registered new interface driver uas
[    5.360680] random: surface-dtx-dae: uninitialized urandom read (16 bytes read)
[    5.361194] random: dbus-daemon: uninitialized urandom read (12 bytes read)
[    5.367185] usb 2-4.2: New USB device found, idVendor=045e, idProduct=07c6, bcdDevice=30.00
[    5.367186] usb 2-4.2: New USB device strings: Mfr=1, Product=2, SerialNumber=6
[    5.367188] usb 2-4.2: Product: Surface Dock GigE
[    5.367189] usb 2-4.2: Manufacturer: Microsoft
[    5.367190] usb 2-4.2: SerialNumber: 000001000000
[    5.368397] random: python: uninitialized urandom read (24 bytes read)
[    5.391986] 8021q: 802.1Q VLAN Support v1.8
[    5.408549] usbcore: registered new interface driver r8152
[    5.416994] usbcore: registered new interface driver cdc_ether
[    5.438706] usb 1-4.4: new full-speed USB device number 8 using xhci_hcd
[    5.451420] ish-hid {33AECD58-B679-4E54-9BD9-A04D34F0C226}: [hid-ish]: enum_devices_done OK, num_hid_devices=1
[    5.457652] hid-generic 001F:8086:22D8.0004: hidraw3: <UNKNOWN> HID v2.00 Device [hid-ishtp 8086:22D8] on 
[    5.499498] random: crng init done
[    5.499500] random: 2 urandom warning(s) missed due to ratelimiting
[    5.528590] input: py-evdev-uinput as /devices/virtual/input/input51
[    5.615729] usb 2-4.2: reset SuperSpeed Gen 1 USB device number 7 using xhci_hcd
[    5.654222] kauditd_printk_skb: 16 callbacks suppressed
[    5.654223] audit: type=1130 audit(1557928828.933:27): pid=1 uid=0 auid=4294967295 ses=4294967295 msg='unit=systemd-hostnamed comm="systemd" exe="/usr/lib/systemd/systemd" hostname=? addr=? terminal=? res=success'
[    5.666196] audit: type=1130 audit(1557928828.946:28): pid=1 uid=0 auid=4294967295 ses=4294967295 msg='unit=NetworkManager-dispatcher comm="systemd" exe="/usr/lib/systemd/systemd" hostname=? addr=? terminal=? res=success'
[    5.669731] r8152 2-4.2:1.0 eth0: v1.09.9
[    5.679011] r8152 2-4.2:1.0 enp0s20f0u4u2: renamed from eth0
[    5.710016] usb 1-4.4: New USB device found, idVendor=045e, idProduct=0905, bcdDevice= 0.01
[    5.710018] usb 1-4.4: New USB device strings: Mfr=1, Product=2, SerialNumber=3
[    5.710019] usb 1-4.4: Product: Surface Dock
[    5.710020] usb 1-4.4: Manufacturer: Microsoft
[    5.710021] usb 1-4.4: SerialNumber: 000000000000
[    5.750194] audit: type=1130 audit(1557928829.030:29): pid=1 uid=0 auid=4294967295 ses=4294967295 msg='unit=polkit comm="systemd" exe="/usr/lib/systemd/systemd" hostname=? addr=? terminal=? res=success'
[    5.757135] hid-generic 0003:045E:0905.0005: No inputs registered, leaving
[    5.757231] hid-generic 0003:045E:0905.0005: hidraw3: USB HID v1.11 Device [Microsoft Surface Dock] on usb-0000:00:14.0-4.4/input3
[    5.840118] usbcore: registered new interface driver snd-usb-audio
[    6.073272] audit: type=1130 audit(1557928829.353:30): pid=1 uid=0 auid=4294967295 ses=4294967295 msg='unit=systemd-logind comm="systemd" exe="/usr/lib/systemd/systemd" hostname=? addr=? terminal=? res=success'
[    6.098031] audit: type=1130 audit(1557928829.376:31): pid=1 uid=0 auid=4294967295 ses=4294967295 msg='unit=accounts-daemon comm="systemd" exe="/usr/lib/systemd/systemd" hostname=? addr=? terminal=? res=success'
[    6.155710] audit: type=1130 audit(1557928829.436:32): pid=1 uid=0 auid=4294967295 ses=4294967295 msg='unit=user-runtime-dir@120 comm="systemd" exe="/usr/lib/systemd/systemd" hostname=? addr=? terminal=? res=success'
[    6.160916] audit: type=1006 audit(1557928829.440:33): pid=739 uid=0 old-auid=4294967295 auid=120 tty=(none) old-ses=4294967295 ses=1 res=1
