-- Logs begin at Mon 2017-11-20 22:24:02 GMT, end at Mon 2017-11-20 22:24:47 GMT. --
Nov 20 22:24:02 flappy1 kernel: random: get_random_bytes called from start_kernel+0x42/0x4e1 with crng_init=0
Nov 20 22:24:02 flappy1 kernel: Linux version 4.13.14-041314-generic (kernel@tangerine) (gcc version 7.2.0 (Ubuntu 7.2.0-8ubuntu3)) #201711180632 SMP Sat Nov 18 11:34:18 UTC 2017
Nov 20 22:24:02 flappy1 kernel: Command line: BOOT_IMAGE=/boot/vmlinuz-4.13.14-041314-generic root=UUID=75192895-003b-49ee-b224-4d4ae99ffddc ro i8042.kbdreset=1 i8042.reset=1 i8042.nomux=1 i8042.nopnp=1 i8042.noloop=1 quiet reset
Nov 20 22:24:02 flappy1 kernel: KERNEL supported cpus:
Nov 20 22:24:02 flappy1 kernel:   Intel GenuineIntel
Nov 20 22:24:02 flappy1 kernel:   AMD AuthenticAMD
Nov 20 22:24:02 flappy1 kernel:   Centaur CentaurHauls
Nov 20 22:24:02 flappy1 kernel: x86/fpu: Supporting XSAVE feature 0x001: 'x87 floating point registers'
Nov 20 22:24:02 flappy1 kernel: x86/fpu: Supporting XSAVE feature 0x002: 'SSE registers'
Nov 20 22:24:02 flappy1 kernel: x86/fpu: Supporting XSAVE feature 0x004: 'AVX registers'
Nov 20 22:24:02 flappy1 kernel: x86/fpu: Supporting XSAVE feature 0x008: 'MPX bounds registers'
Nov 20 22:24:02 flappy1 kernel: x86/fpu: Supporting XSAVE feature 0x010: 'MPX CSR'
Nov 20 22:24:02 flappy1 kernel: x86/fpu: xstate_offset[2]:  576, xstate_sizes[2]:  256
Nov 20 22:24:02 flappy1 kernel: x86/fpu: xstate_offset[3]:  832, xstate_sizes[3]:   64
Nov 20 22:24:02 flappy1 kernel: x86/fpu: xstate_offset[4]:  896, xstate_sizes[4]:   64
Nov 20 22:24:02 flappy1 kernel: x86/fpu: Enabled xstate features 0x1f, context size is 960 bytes, using 'compacted' format.
Nov 20 22:24:02 flappy1 kernel: e820: BIOS-provided physical RAM map:
Nov 20 22:24:02 flappy1 kernel: BIOS-e820: [mem 0x0000000000000000-0x0000000000057fff] usable
Nov 20 22:24:02 flappy1 kernel: BIOS-e820: [mem 0x0000000000058000-0x0000000000058fff] reserved
Nov 20 22:24:02 flappy1 kernel: BIOS-e820: [mem 0x0000000000059000-0x000000000009dfff] usable
Nov 20 22:24:02 flappy1 kernel: BIOS-e820: [mem 0x000000000009e000-0x00000000000fffff] reserved
Nov 20 22:24:02 flappy1 kernel: BIOS-e820: [mem 0x0000000000100000-0x000000006d4e1fff] usable
Nov 20 22:24:02 flappy1 kernel: BIOS-e820: [mem 0x000000006d4e2000-0x000000006d4e2fff] ACPI NVS
Nov 20 22:24:02 flappy1 kernel: BIOS-e820: [mem 0x000000006d4e3000-0x000000006d4e3fff] reserved
Nov 20 22:24:02 flappy1 kernel: BIOS-e820: [mem 0x000000006d4e4000-0x000000008856efff] usable
Nov 20 22:24:02 flappy1 kernel: BIOS-e820: [mem 0x000000008856f000-0x000000008887efff] type 20
Nov 20 22:24:02 flappy1 kernel: BIOS-e820: [mem 0x000000008887f000-0x000000008ae7efff] reserved
Nov 20 22:24:02 flappy1 kernel: BIOS-e820: [mem 0x000000008ae7f000-0x000000008ce7efff] ACPI NVS
Nov 20 22:24:02 flappy1 kernel: BIOS-e820: [mem 0x000000008ce7f000-0x000000008cefefff] ACPI data
Nov 20 22:24:02 flappy1 kernel: BIOS-e820: [mem 0x000000008ceff000-0x000000008cefffff] usable
Nov 20 22:24:02 flappy1 kernel: BIOS-e820: [mem 0x000000008cf00000-0x000000008fffffff] reserved
Nov 20 22:24:02 flappy1 kernel: BIOS-e820: [mem 0x00000000e0000000-0x00000000efffffff] reserved
Nov 20 22:24:02 flappy1 kernel: BIOS-e820: [mem 0x00000000fd000000-0x00000000fe7fffff] reserved
Nov 20 22:24:02 flappy1 kernel: BIOS-e820: [mem 0x00000000fec00000-0x00000000fec00fff] reserved
Nov 20 22:24:02 flappy1 kernel: BIOS-e820: [mem 0x00000000fed00000-0x00000000fed00fff] reserved
Nov 20 22:24:02 flappy1 kernel: BIOS-e820: [mem 0x00000000fed10000-0x00000000fed19fff] reserved
Nov 20 22:24:02 flappy1 kernel: BIOS-e820: [mem 0x00000000fed84000-0x00000000fed84fff] reserved
Nov 20 22:24:02 flappy1 kernel: BIOS-e820: [mem 0x00000000fee00000-0x00000000fee00fff] reserved
Nov 20 22:24:02 flappy1 kernel: BIOS-e820: [mem 0x00000000ffa00000-0x00000000ffffffff] reserved
Nov 20 22:24:02 flappy1 kernel: BIOS-e820: [mem 0x0000000100000000-0x000000026effffff] usable
Nov 20 22:24:02 flappy1 kernel: NX (Execute Disable) protection: active
Nov 20 22:24:02 flappy1 kernel: efi: EFI v2.50 by INSYDE Corp.
Nov 20 22:24:02 flappy1 kernel: efi:  ACPI 2.0=0x8cefe014  SMBIOS=0x88bba000  SMBIOS 3.0=0x88bb8000  ESRT=0x88bb6918  PROP=0x6d4de858 
Nov 20 22:24:02 flappy1 kernel: random: fast init done
Nov 20 22:24:02 flappy1 kernel: SMBIOS 3.0.0 present.
Nov 20 22:24:02 flappy1 kernel: DMI: HP HP Spectre x2 Detachable 12-c0XX/82CB, BIOS F.04 06/06/2017
Nov 20 22:24:02 flappy1 kernel: e820: update [mem 0x00000000-0x00000fff] usable ==> reserved
Nov 20 22:24:02 flappy1 kernel: e820: remove [mem 0x000a0000-0x000fffff] usable
Nov 20 22:24:02 flappy1 kernel: e820: last_pfn = 0x26f000 max_arch_pfn = 0x400000000
Nov 20 22:24:02 flappy1 kernel: MTRR default type: write-back
Nov 20 22:24:02 flappy1 kernel: MTRR fixed ranges enabled:
Nov 20 22:24:02 flappy1 kernel:   00000-9FFFF write-back
Nov 20 22:24:02 flappy1 kernel:   A0000-BFFFF uncachable
Nov 20 22:24:02 flappy1 kernel:   C0000-FFFFF write-protect
Nov 20 22:24:02 flappy1 kernel: MTRR variable ranges enabled:
Nov 20 22:24:02 flappy1 kernel:   0 base 00C0000000 mask 7FC0000000 uncachable
Nov 20 22:24:02 flappy1 kernel:   1 base 00A0000000 mask 7FE0000000 uncachable
Nov 20 22:24:02 flappy1 kernel:   2 base 0090000000 mask 7FF0000000 uncachable
Nov 20 22:24:02 flappy1 kernel:   3 base 008E000000 mask 7FFE000000 uncachable
Nov 20 22:24:02 flappy1 kernel:   4 base 008D800000 mask 7FFF800000 uncachable
Nov 20 22:24:02 flappy1 kernel:   5 disabled
Nov 20 22:24:02 flappy1 kernel:   6 disabled
Nov 20 22:24:02 flappy1 kernel:   7 disabled
Nov 20 22:24:02 flappy1 kernel:   8 disabled
Nov 20 22:24:02 flappy1 kernel:   9 disabled
Nov 20 22:24:02 flappy1 kernel: x86/PAT: Configuration [0-7]: WB  WC  UC- UC  WB  WC  UC- WT  
Nov 20 22:24:02 flappy1 kernel: e820: last_pfn = 0x8cf00 max_arch_pfn = 0x400000000
Nov 20 22:24:02 flappy1 kernel: esrt: Reserving ESRT space from 0x0000000088bb6918 to 0x0000000088bb6950.
Nov 20 22:24:02 flappy1 kernel: Scanning 1 areas for low memory corruption
Nov 20 22:24:02 flappy1 kernel: Base memory trampoline at [ffff8afb00098000] 98000 size 24576
Nov 20 22:24:02 flappy1 kernel: Using GB pages for direct mapping
Nov 20 22:24:02 flappy1 kernel: BRK [0x102723000, 0x102723fff] PGTABLE
Nov 20 22:24:02 flappy1 kernel: BRK [0x102724000, 0x102724fff] PGTABLE
Nov 20 22:24:02 flappy1 kernel: BRK [0x102725000, 0x102725fff] PGTABLE
Nov 20 22:24:02 flappy1 kernel: BRK [0x102726000, 0x102726fff] PGTABLE
Nov 20 22:24:02 flappy1 kernel: BRK [0x102727000, 0x102727fff] PGTABLE
Nov 20 22:24:02 flappy1 kernel: BRK [0x102728000, 0x102728fff] PGTABLE
Nov 20 22:24:02 flappy1 kernel: BRK [0x102729000, 0x102729fff] PGTABLE
Nov 20 22:24:02 flappy1 kernel: BRK [0x10272a000, 0x10272afff] PGTABLE
Nov 20 22:24:02 flappy1 kernel: BRK [0x10272b000, 0x10272bfff] PGTABLE
Nov 20 22:24:02 flappy1 kernel: BRK [0x10272c000, 0x10272cfff] PGTABLE
Nov 20 22:24:02 flappy1 kernel: Secure boot could not be determined
Nov 20 22:24:02 flappy1 kernel: RAMDISK: [mem 0x320d7000-0x35062fff]
Nov 20 22:24:02 flappy1 kernel: ACPI: Early table checksum verification disabled
Nov 20 22:24:02 flappy1 kernel: ACPI: RSDP 0x000000008CEFE014 000024 (v02 HPQOEM)
Nov 20 22:24:02 flappy1 kernel: ACPI: XSDT 0x000000008CEB5188 00011C (v01 HPQOEM SLIC-MPC 00000000 HP   01000013)
Nov 20 22:24:02 flappy1 kernel: ACPI: FACP 0x000000008CEE3000 00010C (v05 HPQOEM SLIC-MPC 00000000 HP   00040000)
Nov 20 22:24:02 flappy1 kernel: ACPI: DSDT 0x000000008CEBA000 025086 (v02 HPQOEM 82CB     00000000 ACPI 00040000)
Nov 20 22:24:02 flappy1 kernel: ACPI: FACS 0x000000008CE57000 000040
Nov 20 22:24:02 flappy1 kernel: ACPI: UEFI 0x000000008CEFD000 000236 (v01 HPQOEM 82CB     00000001 HP   00040000)
Nov 20 22:24:02 flappy1 kernel: ACPI: UEFI 0x000000008CEFC000 000042 (v01 HPQOEM 82CB     00000002 HP   00040000)
Nov 20 22:24:02 flappy1 kernel: ACPI: SSDT 0x000000008CEFB000 000554 (v01 HPQOEM 82CB     00001000 ACPI 00040000)
Nov 20 22:24:02 flappy1 kernel: ACPI: TPM2 0x000000008CEFA000 000034 (v03 HPQOEM 82CB     00000002 HP   00040000)
Nov 20 22:24:02 flappy1 kernel: ACPI: SSDT 0x000000008CEF3000 006A62 (v01 HPQOEM 82CB     00001000 ACPI 00040000)
Nov 20 22:24:02 flappy1 kernel: ACPI: MSDM 0x000000008CEF2000 000055 (v03 HPQOEM SLIC-MPC 00000001 HP   00040000)
Nov 20 22:24:02 flappy1 kernel: ACPI: SSDT 0x000000008CEEE000 003130 (v02 HPQOEM 82CB     00003000 ACPI 00040000)
Nov 20 22:24:02 flappy1 kernel: ACPI: SSDT 0x000000008CEE8000 0055B8 (v02 HPQOEM 82CB     00001000 ACPI 00040000)
Nov 20 22:24:02 flappy1 kernel: ACPI: ASF! 0x000000008CEE7000 0000A5 (v32 HPQOEM 82CB     00000001 HP   00040000)
Nov 20 22:24:02 flappy1 kernel: ACPI: ASPT 0x000000008CEE6000 000034 (v07 HPQOEM 82CB     00000001 HP   00040000)
Nov 20 22:24:02 flappy1 kernel: ACPI: BOOT 0x000000008CEE5000 000028 (v01 HPQOEM 82CB     00000001 HP   00040000)
Nov 20 22:24:02 flappy1 kernel: ACPI: DBGP 0x000000008CEE4000 000034 (v01 HPQOEM SLIC-MPC 00000001 HP   00040000)
Nov 20 22:24:02 flappy1 kernel: ACPI: HPET 0x000000008CEE2000 000038 (v01 HPQOEM 82CB     00000001 HP   00040000)
Nov 20 22:24:02 flappy1 kernel: ACPI: APIC 0x000000008CEE1000 0000BC (v03 HPQOEM 82CB     00000001 HP   00040000)
Nov 20 22:24:02 flappy1 kernel: ACPI: MCFG 0x000000008CEE0000 00003C (v01 HPQOEM 82CB     00000001 HP   00040000)
Nov 20 22:24:02 flappy1 kernel: ACPI: SSDT 0x000000008CEB9000 0001BC (v02 HPQOEM 82CB     00001000 ACPI 00040000)
Nov 20 22:24:02 flappy1 kernel: ACPI: LPIT 0x000000008CEB8000 000094 (v01 HPQOEM 82CB     00000000 HP   00040000)
Nov 20 22:24:02 flappy1 kernel: ACPI: WSMT 0x000000008CEB7000 000028 (v01 HPQOEM 82CB     00000000 HP   00040000)
Nov 20 22:24:02 flappy1 kernel: ACPI: SSDT 0x000000008CEB6000 00029F (v02 HPQOEM 82CB     00000000 ACPI 00040000)
Nov 20 22:24:02 flappy1 kernel: ACPI: SSDT 0x000000008CEB4000 000346 (v01 HPQOEM 82CB     00000000 ACPI 00040000)
Nov 20 22:24:02 flappy1 kernel: ACPI: SSDT 0x000000008CEB0000 003002 (v02 HPQOEM 82CB     00001000 ACPI 00040000)
Nov 20 22:24:02 flappy1 kernel: ACPI: SSDT 0x000000008CEAF000 00051E (v02 HPQOEM 82CB     00001000 ACPI 00040000)
Nov 20 22:24:02 flappy1 kernel: ACPI: DBGP 0x000000008CEAE000 000034 (v01 HPQOEM SLIC-MPC 00000002 HP   00040000)
Nov 20 22:24:02 flappy1 kernel: ACPI: DBG2 0x000000008CEAD000 000054 (v00 HPQOEM 82CB     00000002 HP   00040000)
Nov 20 22:24:02 flappy1 kernel: ACPI: SSDT 0x000000008CEAC000 000EAD (v02 HPQOEM 82CB     00001000 ACPI 00040000)
Nov 20 22:24:02 flappy1 kernel: ACPI: SSDT 0x000000008CEAB000 000EDE (v02 HPQOEM 82CB     00003000 ACPI 00040000)
Nov 20 22:24:02 flappy1 kernel: ACPI: DMAR 0x000000008CEAA000 000114 (v01 HPQOEM 82CB     00000001 HP   00040000)
Nov 20 22:24:02 flappy1 kernel: ACPI: NHLT 0x000000008CEA9000 00002D (v00 HPQOEM 82CB     00000002 HP   00040000)
Nov 20 22:24:02 flappy1 kernel: ACPI: FPDT 0x000000008CEA8000 000044 (v01 HPQOEM SLIC-MPC 00000002 HP   00040000)
Nov 20 22:24:02 flappy1 kernel: ACPI: BGRT 0x000000008CEA7000 000038 (v01 HPQOEM 82CB     00000001 HP   00040000)
Nov 20 22:24:02 flappy1 kernel: ACPI: Local APIC address 0xfee00000
Nov 20 22:24:02 flappy1 kernel: No NUMA configuration found
Nov 20 22:24:02 flappy1 kernel: Faking a node at [mem 0x0000000000000000-0x000000026effffff]
Nov 20 22:24:02 flappy1 kernel: NODE_DATA(0) allocated [mem 0x26efd5000-0x26effffff]
Nov 20 22:24:02 flappy1 kernel: Zone ranges:
Nov 20 22:24:02 flappy1 kernel:   DMA      [mem 0x0000000000001000-0x0000000000ffffff]
Nov 20 22:24:02 flappy1 kernel:   DMA32    [mem 0x0000000001000000-0x00000000ffffffff]
Nov 20 22:24:02 flappy1 kernel:   Normal   [mem 0x0000000100000000-0x000000026effffff]
Nov 20 22:24:02 flappy1 kernel:   Device   empty
Nov 20 22:24:02 flappy1 kernel: Movable zone start for each node
Nov 20 22:24:02 flappy1 kernel: Early memory node ranges
Nov 20 22:24:02 flappy1 kernel:   node   0: [mem 0x0000000000001000-0x0000000000057fff]
Nov 20 22:24:02 flappy1 kernel:   node   0: [mem 0x0000000000059000-0x000000000009dfff]
Nov 20 22:24:02 flappy1 kernel:   node   0: [mem 0x0000000000100000-0x000000006d4e1fff]
Nov 20 22:24:02 flappy1 kernel:   node   0: [mem 0x000000006d4e4000-0x000000008856efff]
Nov 20 22:24:02 flappy1 kernel:   node   0: [mem 0x000000008ceff000-0x000000008cefffff]
Nov 20 22:24:02 flappy1 kernel:   node   0: [mem 0x0000000100000000-0x000000026effffff]
Nov 20 22:24:02 flappy1 kernel: Initmem setup node 0 [mem 0x0000000000001000-0x000000026effffff]
Nov 20 22:24:02 flappy1 kernel: On node 0 totalpages: 2061578
Nov 20 22:24:02 flappy1 kernel:   DMA zone: 64 pages used for memmap
Nov 20 22:24:02 flappy1 kernel:   DMA zone: 22 pages reserved
Nov 20 22:24:02 flappy1 kernel:   DMA zone: 3996 pages, LIFO batch:0
Nov 20 22:24:02 flappy1 kernel:   DMA32 zone: 8662 pages used for memmap
Nov 20 22:24:02 flappy1 kernel:   DMA32 zone: 554350 pages, LIFO batch:31
Nov 20 22:24:02 flappy1 kernel:   Normal zone: 23488 pages used for memmap
Nov 20 22:24:02 flappy1 kernel:   Normal zone: 1503232 pages, LIFO batch:31
Nov 20 22:24:02 flappy1 kernel: Reserving Intel graphics memory at 0x000000008e000000-0x000000008fffffff
Nov 20 22:24:02 flappy1 kernel: ACPI: PM-Timer IO Port: 0x1808
Nov 20 22:24:02 flappy1 kernel: ACPI: Local APIC address 0xfee00000
Nov 20 22:24:02 flappy1 kernel: ACPI: LAPIC_NMI (acpi_id[0x01] high edge lint[0x1])
Nov 20 22:24:02 flappy1 kernel: ACPI: LAPIC_NMI (acpi_id[0x02] high edge lint[0x1])
Nov 20 22:24:02 flappy1 kernel: ACPI: LAPIC_NMI (acpi_id[0x03] high edge lint[0x1])
Nov 20 22:24:02 flappy1 kernel: ACPI: LAPIC_NMI (acpi_id[0x04] high edge lint[0x1])
Nov 20 22:24:02 flappy1 kernel: ACPI: LAPIC_NMI (acpi_id[0x05] high edge lint[0x1])
Nov 20 22:24:02 flappy1 kernel: ACPI: LAPIC_NMI (acpi_id[0x06] high edge lint[0x1])
Nov 20 22:24:02 flappy1 kernel: ACPI: LAPIC_NMI (acpi_id[0x07] high edge lint[0x1])
Nov 20 22:24:02 flappy1 kernel: ACPI: LAPIC_NMI (acpi_id[0x08] high edge lint[0x1])
Nov 20 22:24:02 flappy1 kernel: IOAPIC[0]: apic_id 2, version 32, address 0xfec00000, GSI 0-119
Nov 20 22:24:02 flappy1 kernel: ACPI: INT_SRC_OVR (bus 0 bus_irq 0 global_irq 2 dfl dfl)
Nov 20 22:24:02 flappy1 kernel: ACPI: INT_SRC_OVR (bus 0 bus_irq 9 global_irq 9 high level)
Nov 20 22:24:02 flappy1 kernel: ACPI: IRQ0 used by override.
Nov 20 22:24:02 flappy1 kernel: ACPI: IRQ9 used by override.
Nov 20 22:24:02 flappy1 kernel: Using ACPI (MADT) for SMP configuration information
Nov 20 22:24:02 flappy1 kernel: ACPI: HPET id: 0x8086a201 base: 0xfed00000
Nov 20 22:24:02 flappy1 kernel: smpboot: Allowing 4 CPUs, 0 hotplug CPUs
Nov 20 22:24:02 flappy1 kernel: PM: Registered nosave memory: [mem 0x00000000-0x00000fff]
Nov 20 22:24:02 flappy1 kernel: PM: Registered nosave memory: [mem 0x00058000-0x00058fff]
Nov 20 22:24:02 flappy1 kernel: PM: Registered nosave memory: [mem 0x0009e000-0x000fffff]
Nov 20 22:24:02 flappy1 kernel: PM: Registered nosave memory: [mem 0x6d4e2000-0x6d4e2fff]
Nov 20 22:24:02 flappy1 kernel: PM: Registered nosave memory: [mem 0x6d4e3000-0x6d4e3fff]
Nov 20 22:24:02 flappy1 kernel: PM: Registered nosave memory: [mem 0x8856f000-0x8887efff]
Nov 20 22:24:02 flappy1 kernel: PM: Registered nosave memory: [mem 0x8887f000-0x8ae7efff]
Nov 20 22:24:02 flappy1 kernel: PM: Registered nosave memory: [mem 0x8ae7f000-0x8ce7efff]
Nov 20 22:24:02 flappy1 kernel: PM: Registered nosave memory: [mem 0x8ce7f000-0x8cefefff]
Nov 20 22:24:02 flappy1 kernel: PM: Registered nosave memory: [mem 0x8cf00000-0x8fffffff]
Nov 20 22:24:02 flappy1 kernel: PM: Registered nosave memory: [mem 0x90000000-0xdfffffff]
Nov 20 22:24:02 flappy1 kernel: PM: Registered nosave memory: [mem 0xe0000000-0xefffffff]
Nov 20 22:24:02 flappy1 kernel: PM: Registered nosave memory: [mem 0xf0000000-0xfcffffff]
Nov 20 22:24:02 flappy1 kernel: PM: Registered nosave memory: [mem 0xfd000000-0xfe7fffff]
Nov 20 22:24:02 flappy1 kernel: PM: Registered nosave memory: [mem 0xfe800000-0xfebfffff]
Nov 20 22:24:02 flappy1 kernel: PM: Registered nosave memory: [mem 0xfec00000-0xfec00fff]
Nov 20 22:24:02 flappy1 kernel: PM: Registered nosave memory: [mem 0xfec01000-0xfecfffff]
Nov 20 22:24:02 flappy1 kernel: PM: Registered nosave memory: [mem 0xfed00000-0xfed00fff]
Nov 20 22:24:02 flappy1 kernel: PM: Registered nosave memory: [mem 0xfed01000-0xfed0ffff]
Nov 20 22:24:02 flappy1 kernel: PM: Registered nosave memory: [mem 0xfed10000-0xfed19fff]
Nov 20 22:24:02 flappy1 kernel: PM: Registered nosave memory: [mem 0xfed1a000-0xfed83fff]
Nov 20 22:24:02 flappy1 kernel: PM: Registered nosave memory: [mem 0xfed84000-0xfed84fff]
Nov 20 22:24:02 flappy1 kernel: PM: Registered nosave memory: [mem 0xfed85000-0xfedfffff]
Nov 20 22:24:02 flappy1 kernel: PM: Registered nosave memory: [mem 0xfee00000-0xfee00fff]
Nov 20 22:24:02 flappy1 kernel: PM: Registered nosave memory: [mem 0xfee01000-0xff9fffff]
Nov 20 22:24:02 flappy1 kernel: PM: Registered nosave memory: [mem 0xffa00000-0xffffffff]
Nov 20 22:24:02 flappy1 kernel: e820: [mem 0x90000000-0xdfffffff] available for PCI devices
Nov 20 22:24:02 flappy1 kernel: Booting paravirtualized kernel on bare hardware
Nov 20 22:24:02 flappy1 kernel: clocksource: refined-jiffies: mask: 0xffffffff max_cycles: 0xffffffff, max_idle_ns: 7645519600211568 ns
Nov 20 22:24:02 flappy1 kernel: setup_percpu: NR_CPUS:8192 nr_cpumask_bits:4 nr_cpu_ids:4 nr_node_ids:1
Nov 20 22:24:02 flappy1 kernel: percpu: Embedded 39 pages/cpu @ffff8afd6ec00000 s119704 r8192 d31848 u524288
Nov 20 22:24:02 flappy1 kernel: pcpu-alloc: s119704 r8192 d31848 u524288 alloc=1*2097152
Nov 20 22:24:02 flappy1 kernel: pcpu-alloc: [0] 0 1 2 3 
Nov 20 22:24:02 flappy1 kernel: Built 1 zonelists in Node order, mobility grouping on.  Total pages: 2029342
Nov 20 22:24:02 flappy1 kernel: Policy zone: Normal
Nov 20 22:24:02 flappy1 kernel: Kernel command line: BOOT_IMAGE=/boot/vmlinuz-4.13.14-041314-generic root=UUID=75192895-003b-49ee-b224-4d4ae99ffddc ro i8042.kbdreset=1 i8042.reset=1 i8042.nomux=1 i8042.nopnp=1 i8042.noloop=1 quiet reset
Nov 20 22:24:02 flappy1 kernel: PID hash table entries: 4096 (order: 3, 32768 bytes)
Nov 20 22:24:02 flappy1 kernel: Calgary: detecting Calgary via BIOS EBDA area
Nov 20 22:24:02 flappy1 kernel: Calgary: Unable to locate Rio Grande table in EBDA - bailing!
Nov 20 22:24:02 flappy1 kernel: Memory: 7918748K/8246312K available (9258K kernel code, 2478K rwdata, 4052K rodata, 2320K init, 2388K bss, 327564K reserved, 0K cma-reserved)
Nov 20 22:24:02 flappy1 kernel: SLUB: HWalign=64, Order=0-3, MinObjects=0, CPUs=4, Nodes=1
Nov 20 22:24:02 flappy1 kernel: ftrace: allocating 37651 entries in 148 pages
Nov 20 22:24:02 flappy1 kernel: Hierarchical RCU implementation.
Nov 20 22:24:02 flappy1 kernel:         RCU restricting CPUs from NR_CPUS=8192 to nr_cpu_ids=4.
Nov 20 22:24:02 flappy1 kernel:         Tasks RCU enabled.
Nov 20 22:24:02 flappy1 kernel: RCU: Adjusting geometry for rcu_fanout_leaf=16, nr_cpu_ids=4
Nov 20 22:24:02 flappy1 kernel: NR_IRQS: 524544, nr_irqs: 1024, preallocated irqs: 16
Nov 20 22:24:02 flappy1 kernel: Console: colour dummy device 80x25
Nov 20 22:24:02 flappy1 kernel: console [tty0] enabled
Nov 20 22:24:02 flappy1 kernel: clocksource: hpet: mask: 0xffffffff max_cycles: 0xffffffff, max_idle_ns: 79635855245 ns
Nov 20 22:24:02 flappy1 kernel: hpet clockevent registered
Nov 20 22:24:02 flappy1 kernel: tsc: Detected 2400.000 MHz processor
Nov 20 22:24:02 flappy1 kernel: Calibrating delay loop (skipped), value calculated using timer frequency.. 4800.00 BogoMIPS (lpj=9600000)
Nov 20 22:24:02 flappy1 kernel: pid_max: default: 32768 minimum: 301
Nov 20 22:24:02 flappy1 kernel: ACPI: Core revision 20170531
Nov 20 22:24:02 flappy1 kernel: ACPI: 12 ACPI AML tables successfully acquired and loaded
Nov 20 22:24:02 flappy1 kernel: Security Framework initialized
Nov 20 22:24:02 flappy1 kernel: Yama: becoming mindful.
Nov 20 22:24:02 flappy1 kernel: AppArmor: AppArmor initialized
Nov 20 22:24:02 flappy1 kernel: Dentry cache hash table entries: 1048576 (order: 11, 8388608 bytes)
Nov 20 22:24:02 flappy1 kernel: Inode-cache hash table entries: 524288 (order: 10, 4194304 bytes)
Nov 20 22:24:02 flappy1 kernel: Mount-cache hash table entries: 16384 (order: 5, 131072 bytes)
Nov 20 22:24:02 flappy1 kernel: Mountpoint-cache hash table entries: 16384 (order: 5, 131072 bytes)
Nov 20 22:24:02 flappy1 kernel: CPU: Physical Processor ID: 0
Nov 20 22:24:02 flappy1 kernel: CPU: Processor Core ID: 0
Nov 20 22:24:02 flappy1 kernel: ENERGY_PERF_BIAS: Set to 'normal', was 'performance'
Nov 20 22:24:02 flappy1 kernel: ENERGY_PERF_BIAS: View and update with x86_energy_perf_policy(8)
Nov 20 22:24:02 flappy1 kernel: mce: CPU supports 9 MCE banks
Nov 20 22:24:02 flappy1 kernel: CPU0: Thermal monitoring enabled (TM1)
Nov 20 22:24:02 flappy1 kernel: process: using mwait in idle threads
Nov 20 22:24:02 flappy1 kernel: Last level iTLB entries: 4KB 64, 2MB 8, 4MB 8
Nov 20 22:24:02 flappy1 kernel: Last level dTLB entries: 4KB 64, 2MB 0, 4MB 0, 1GB 4
Nov 20 22:24:02 flappy1 kernel: Freeing SMP alternatives memory: 36K
Nov 20 22:24:02 flappy1 kernel: smpboot: Max logical packages: 2
Nov 20 22:24:02 flappy1 kernel: DMAR: Host address width 39
Nov 20 22:24:02 flappy1 kernel: DMAR: DRHD base: 0x000000fed90000 flags: 0x0
Nov 20 22:24:02 flappy1 kernel: DMAR: dmar0: reg_base_addr fed90000 ver 1:0 cap 1c0000c40660462 ecap 19e2ff0505e
Nov 20 22:24:02 flappy1 kernel: DMAR: DRHD base: 0x000000fed91000 flags: 0x1
Nov 20 22:24:02 flappy1 kernel: DMAR: dmar1: reg_base_addr fed91000 ver 1:0 cap d2008c40660462 ecap f050da
Nov 20 22:24:02 flappy1 kernel: DMAR: RMRR base: 0x0000008adaa000 end: 0x0000008adc9fff
Nov 20 22:24:02 flappy1 kernel: DMAR: RMRR base: 0x0000008d800000 end: 0x0000008fffffff
Nov 20 22:24:02 flappy1 kernel: DMAR: ANDD device: 1 name: \_SB.PCI0.I2C0
Nov 20 22:24:02 flappy1 kernel: DMAR: ANDD device: 3 name: \_SB.PCI0.I2C2
Nov 20 22:24:02 flappy1 kernel: DMAR: ANDD device: 4 name: \_SB.PCI0.I2C3
Nov 20 22:24:02 flappy1 kernel: DMAR-IR: IOAPIC id 2 under DRHD base  0xfed91000 IOMMU 1
Nov 20 22:24:02 flappy1 kernel: DMAR-IR: HPET id 0 under DRHD base 0xfed91000
Nov 20 22:24:02 flappy1 kernel: DMAR-IR: Queued invalidation will be enabled to support x2apic and Intr-remapping.
Nov 20 22:24:02 flappy1 kernel: DMAR-IR: Enabled IRQ remapping in x2apic mode
Nov 20 22:24:02 flappy1 kernel: x2apic enabled
Nov 20 22:24:02 flappy1 kernel: Switched APIC routing to cluster x2apic.
Nov 20 22:24:02 flappy1 kernel: ..TIMER: vector=0x30 apic1=0 pin1=2 apic2=-1 pin2=-1
Nov 20 22:24:02 flappy1 kernel: TSC deadline timer enabled
Nov 20 22:24:02 flappy1 kernel: smpboot: CPU0: Intel(R) Core(TM) i7-7560U CPU @ 2.40GHz (family: 0x6, model: 0x8e, stepping: 0x9)
Nov 20 22:24:02 flappy1 kernel: Performance Events: PEBS fmt3+, Skylake events, 32-deep LBR, full-width counters, Intel PMU driver.
Nov 20 22:24:02 flappy1 kernel: ... version:                4
Nov 20 22:24:02 flappy1 kernel: ... bit width:              48
Nov 20 22:24:02 flappy1 kernel: ... generic registers:      4
Nov 20 22:24:02 flappy1 kernel: ... value mask:             0000ffffffffffff
Nov 20 22:24:02 flappy1 kernel: ... max period:             00007fffffffffff
Nov 20 22:24:02 flappy1 kernel: ... fixed-purpose events:   3
Nov 20 22:24:02 flappy1 kernel: ... event mask:             000000070000000f
Nov 20 22:24:02 flappy1 kernel: Hierarchical SRCU implementation.
Nov 20 22:24:02 flappy1 kernel: smp: Bringing up secondary CPUs ...
Nov 20 22:24:02 flappy1 kernel: x86: Booting SMP configuration:
Nov 20 22:24:02 flappy1 kernel: .... node  #0, CPUs:      #1
Nov 20 22:24:02 flappy1 kernel: NMI watchdog: enabled on all CPUs, permanently consumes one hw-PMU counter.
Nov 20 22:24:02 flappy1 kernel:  #2 #3
Nov 20 22:24:02 flappy1 kernel: smp: Brought up 1 node, 4 CPUs
Nov 20 22:24:02 flappy1 kernel: smpboot: Total of 4 processors activated (19200.00 BogoMIPS)
Nov 20 22:24:02 flappy1 kernel: devtmpfs: initialized
Nov 20 22:24:02 flappy1 kernel: x86/mm: Memory block size: 128MB
Nov 20 22:24:02 flappy1 kernel: evm: security.selinux
Nov 20 22:24:02 flappy1 kernel: evm: security.SMACK64
Nov 20 22:24:02 flappy1 kernel: evm: security.SMACK64EXEC
Nov 20 22:24:02 flappy1 kernel: evm: security.SMACK64TRANSMUTE
Nov 20 22:24:02 flappy1 kernel: evm: security.SMACK64MMAP
Nov 20 22:24:02 flappy1 kernel: evm: security.ima
Nov 20 22:24:02 flappy1 kernel: evm: security.capability
Nov 20 22:24:02 flappy1 kernel: PM: Registering ACPI NVS region [mem 0x6d4e2000-0x6d4e2fff] (4096 bytes)
Nov 20 22:24:02 flappy1 kernel: PM: Registering ACPI NVS region [mem 0x8ae7f000-0x8ce7efff] (33554432 bytes)
Nov 20 22:24:02 flappy1 kernel: clocksource: jiffies: mask: 0xffffffff max_cycles: 0xffffffff, max_idle_ns: 7645041785100000 ns
Nov 20 22:24:02 flappy1 kernel: futex hash table entries: 1024 (order: 4, 65536 bytes)
Nov 20 22:24:02 flappy1 kernel: pinctrl core: initialized pinctrl subsystem
Nov 20 22:24:02 flappy1 kernel: RTC time: 22:23:56, date: 11/20/17
Nov 20 22:24:02 flappy1 kernel: NET: Registered protocol family 16
Nov 20 22:24:02 flappy1 kernel: cpuidle: using governor ladder
Nov 20 22:24:02 flappy1 kernel: cpuidle: using governor menu
Nov 20 22:24:02 flappy1 kernel: PCCT header not found.
Nov 20 22:24:02 flappy1 kernel: Simple Boot Flag at 0x44 set to 0x1
Nov 20 22:24:02 flappy1 kernel: ACPI FADT declares the system doesn't support PCIe ASPM, so disable it
Nov 20 22:24:02 flappy1 kernel: ACPI: bus type PCI registered
Nov 20 22:24:02 flappy1 kernel: acpiphp: ACPI Hot Plug PCI Controller Driver version: 0.5
Nov 20 22:24:02 flappy1 kernel: PCI: MMCONFIG for domain 0000 [bus 00-ff] at [mem 0xe0000000-0xefffffff] (base 0xe0000000)
Nov 20 22:24:02 flappy1 kernel: PCI: MMCONFIG at [mem 0xe0000000-0xefffffff] reserved in E820
Nov 20 22:24:02 flappy1 kernel: PCI: Using configuration type 1 for base access
Nov 20 22:24:02 flappy1 kernel: HugeTLB registered 1.00 GiB page size, pre-allocated 0 pages
Nov 20 22:24:02 flappy1 kernel: HugeTLB registered 2.00 MiB page size, pre-allocated 0 pages
Nov 20 22:24:02 flappy1 kernel: ACPI: Added _OSI(Module Device)
Nov 20 22:24:02 flappy1 kernel: ACPI: Added _OSI(Processor Device)
Nov 20 22:24:02 flappy1 kernel: ACPI: Added _OSI(3.0 _SCP Extensions)
Nov 20 22:24:02 flappy1 kernel: ACPI: Added _OSI(Processor Aggregator Device)
Nov 20 22:24:02 flappy1 kernel: ACPI: Executed 29 blocks of module-level executable AML code
Nov 20 22:24:02 flappy1 kernel: ACPI: [Firmware Bug]: BIOS _OSI(Linux) query ignored
Nov 20 22:24:02 flappy1 kernel: ACPI: Dynamic OEM Table Load:
Nov 20 22:24:02 flappy1 kernel: ACPI: SSDT 0xFFFF8AFD64833800 000651 (v02 PmRef  Cpu0Ist  00003000 INTL 20160527)
Nov 20 22:24:02 flappy1 kernel: ACPI: Executed 1 blocks of module-level executable AML code
Nov 20 22:24:02 flappy1 kernel: ACPI: \_PR_.CPU0: _OSC native thermal LVT Acked
Nov 20 22:24:02 flappy1 kernel: ACPI: Dynamic OEM Table Load:
Nov 20 22:24:02 flappy1 kernel: ACPI: SSDT 0xFFFF8AFD6492F800 0003FF (v02 PmRef  Cpu0Cst  00003001 INTL 20160527)
Nov 20 22:24:02 flappy1 kernel: ACPI: Executed 1 blocks of module-level executable AML code
Nov 20 22:24:02 flappy1 kernel: ACPI: Dynamic OEM Table Load:
Nov 20 22:24:02 flappy1 kernel: ACPI: SSDT 0xFFFF8AFD64907000 000115 (v02 PmRef  Cpu0Hwp  00003000 INTL 20160527)
Nov 20 22:24:02 flappy1 kernel: ACPI: Executed 1 blocks of module-level executable AML code
Nov 20 22:24:02 flappy1 kernel: ACPI: Dynamic OEM Table Load:
Nov 20 22:24:02 flappy1 kernel: ACPI: SSDT 0xFFFF8AFD64906E00 0001A4 (v02 PmRef  HwpLvt   00003000 INTL 20160527)
Nov 20 22:24:02 flappy1 kernel: ACPI: Executed 1 blocks of module-level executable AML code
Nov 20 22:24:02 flappy1 kernel: ACPI: Dynamic OEM Table Load:
Nov 20 22:24:02 flappy1 kernel: ACPI: SSDT 0xFFFF8AFD64834800 00065C (v02 PmRef  ApIst    00003000 INTL 20160527)
Nov 20 22:24:02 flappy1 kernel: ACPI: Executed 1 blocks of module-level executable AML code
Nov 20 22:24:02 flappy1 kernel: ACPI: Dynamic OEM Table Load:
Nov 20 22:24:02 flappy1 kernel: ACPI: SSDT 0xFFFF8AFD64907C00 000197 (v02 PmRef  ApHwp    00003000 INTL 20160527)
Nov 20 22:24:02 flappy1 kernel: ACPI: Executed 1 blocks of module-level executable AML code
Nov 20 22:24:02 flappy1 kernel: ACPI: Dynamic OEM Table Load:
Nov 20 22:24:02 flappy1 kernel: ACPI: SSDT 0xFFFF8AFD64906000 00018A (v02 PmRef  ApCst    00003000 INTL 20160527)
Nov 20 22:24:02 flappy1 kernel: ACPI: Executed 1 blocks of module-level executable AML code
Nov 20 22:24:02 flappy1 kernel: ACPI: EC: EC started
Nov 20 22:24:02 flappy1 kernel: ACPI: EC: interrupt blocked
Nov 20 22:24:02 flappy1 kernel: ACPI: \_SB_.PCI0.LPCB.EC0_: Used as first EC
Nov 20 22:24:02 flappy1 kernel: ACPI: \_SB_.PCI0.LPCB.EC0_: GPE=0x17, EC_CMD/EC_SC=0x66, EC_DATA=0x62
Nov 20 22:24:02 flappy1 kernel: ACPI: \_SB_.PCI0.LPCB.EC0_: Used as boot DSDT EC to handle transactions
Nov 20 22:24:02 flappy1 kernel: ACPI: Interpreter enabled
Nov 20 22:24:02 flappy1 kernel: ACPI: (supports S0 S3 S4 S5)
Nov 20 22:24:02 flappy1 kernel: ACPI: Using IOAPIC for interrupt routing
Nov 20 22:24:02 flappy1 kernel: PCI: Using host bridge windows from ACPI; if necessary, use "pci=nocrs" and report a bug
Nov 20 22:24:02 flappy1 kernel: ACPI: Enabled 6 GPEs in block 00 to 7F
Nov 20 22:24:02 flappy1 kernel: ACPI: Power Resource [WRST] (on)
Nov 20 22:24:02 flappy1 kernel: ACPI: Power Resource [WRST] (on)
Nov 20 22:24:02 flappy1 kernel: ACPI: Power Resource [WRST] (on)
Nov 20 22:24:02 flappy1 kernel: ACPI: Power Resource [WRST] (on)
Nov 20 22:24:02 flappy1 kernel: ACPI: Power Resource [WRST] (on)
Nov 20 22:24:02 flappy1 kernel: ACPI: Power Resource [WRST] (on)
Nov 20 22:24:02 flappy1 kernel: ACPI: Power Resource [WRST] (on)
Nov 20 22:24:02 flappy1 kernel: ACPI: Power Resource [WRST] (on)
Nov 20 22:24:02 flappy1 kernel: ACPI: Power Resource [WRST] (on)
Nov 20 22:24:02 flappy1 kernel: ACPI: Power Resource [WRST] (on)
Nov 20 22:24:02 flappy1 kernel: ACPI: Power Resource [WRST] (on)
Nov 20 22:24:02 flappy1 kernel: ACPI: Power Resource [WRST] (on)
Nov 20 22:24:02 flappy1 kernel: ACPI: Power Resource [WRST] (on)
Nov 20 22:24:02 flappy1 kernel: ACPI: Power Resource [WRST] (on)
Nov 20 22:24:02 flappy1 kernel: ACPI: Power Resource [WRST] (on)
Nov 20 22:24:02 flappy1 kernel: ACPI: Power Resource [WRST] (on)
Nov 20 22:24:02 flappy1 kernel: ACPI: Power Resource [WRST] (on)
Nov 20 22:24:02 flappy1 kernel: ACPI: Power Resource [WRST] (on)
Nov 20 22:24:02 flappy1 kernel: ACPI: Power Resource [WRST] (on)
Nov 20 22:24:02 flappy1 kernel: ACPI: Power Resource [WRST] (on)
Nov 20 22:24:02 flappy1 kernel: ACPI: PCI Root Bridge [PCI0] (domain 0000 [bus 00-fe])
Nov 20 22:24:02 flappy1 kernel: acpi PNP0A08:00: _OSC: OS supports [ExtendedConfig ASPM ClockPM Segments MSI]
Nov 20 22:24:02 flappy1 kernel: acpi PNP0A08:00: _OSC: OS now controls [PCIeHotplug PME AER PCIeCapability]
Nov 20 22:24:02 flappy1 kernel: acpi PNP0A08:00: FADT indicates ASPM is unsupported, using BIOS configuration
Nov 20 22:24:02 flappy1 kernel: PCI host bridge to bus 0000:00
Nov 20 22:24:02 flappy1 kernel: pci_bus 0000:00: root bus resource [io  0x0000-0x0cf7 window]
Nov 20 22:24:02 flappy1 kernel: pci_bus 0000:00: root bus resource [io  0x0d00-0xffff window]
Nov 20 22:24:02 flappy1 kernel: pci_bus 0000:00: root bus resource [mem 0x000a0000-0x000bffff window]
Nov 20 22:24:02 flappy1 kernel: pci_bus 0000:00: root bus resource [mem 0x000c0000-0x000c3fff window]
Nov 20 22:24:02 flappy1 kernel: pci_bus 0000:00: root bus resource [mem 0x000c4000-0x000c7fff window]
Nov 20 22:24:02 flappy1 kernel: pci_bus 0000:00: root bus resource [mem 0x000c8000-0x000cbfff window]
Nov 20 22:24:02 flappy1 kernel: pci_bus 0000:00: root bus resource [mem 0x000cc000-0x000cffff window]
Nov 20 22:24:02 flappy1 kernel: pci_bus 0000:00: root bus resource [mem 0x000d0000-0x000d3fff window]
Nov 20 22:24:02 flappy1 kernel: pci_bus 0000:00: root bus resource [mem 0x000d4000-0x000d7fff window]
Nov 20 22:24:02 flappy1 kernel: pci_bus 0000:00: root bus resource [mem 0x000d8000-0x000dbfff window]
Nov 20 22:24:02 flappy1 kernel: pci_bus 0000:00: root bus resource [mem 0x000dc000-0x000dffff window]
Nov 20 22:24:02 flappy1 kernel: pci_bus 0000:00: root bus resource [mem 0x90000000-0xdfffffff window]
Nov 20 22:24:02 flappy1 kernel: pci_bus 0000:00: root bus resource [mem 0xfd000000-0xfe7fffff window]
Nov 20 22:24:02 flappy1 kernel: pci_bus 0000:00: root bus resource [bus 00-fe]
Nov 20 22:24:02 flappy1 kernel: pci 0000:00:00.0: [8086:5904] type 00 class 0x060000
Nov 20 22:24:02 flappy1 kernel: pci 0000:00:02.0: [8086:5926] type 00 class 0x030000
Nov 20 22:24:02 flappy1 kernel: pci 0000:00:02.0: reg 0x10: [mem 0xb0000000-0xb0ffffff 64bit]
Nov 20 22:24:02 flappy1 kernel: pci 0000:00:02.0: reg 0x18: [mem 0xa0000000-0xafffffff 64bit pref]
Nov 20 22:24:02 flappy1 kernel: pci 0000:00:02.0: reg 0x20: [io  0x3000-0x303f]
Nov 20 22:24:02 flappy1 kernel: pci 0000:00:04.0: [8086:1903] type 00 class 0x118000
Nov 20 22:24:02 flappy1 kernel: pci 0000:00:04.0: reg 0x10: [mem 0xb1730000-0xb1737fff 64bit]
Nov 20 22:24:02 flappy1 kernel: pci 0000:00:05.0: [8086:1919] type 00 class 0x048000
Nov 20 22:24:02 flappy1 kernel: pci 0000:00:05.0: reg 0x10: [mem 0xb1000000-0xb13fffff 64bit]
Nov 20 22:24:02 flappy1 kernel: pci 0000:00:13.0: [8086:9d35] type 00 class 0x000000
Nov 20 22:24:02 flappy1 kernel: pci 0000:00:13.0: reg 0x10: [mem 0xb1740000-0xb1740fff 64bit]
Nov 20 22:24:02 flappy1 kernel: pci 0000:00:14.0: [8086:9d2f] type 00 class 0x0c0330
Nov 20 22:24:02 flappy1 kernel: pci 0000:00:14.0: reg 0x10: [mem 0xb1720000-0xb172ffff 64bit]
Nov 20 22:24:02 flappy1 kernel: pci 0000:00:14.0: PME# supported from D3hot D3cold
Nov 20 22:24:02 flappy1 kernel: pci 0000:00:14.2: [8086:9d31] type 00 class 0x118000
Nov 20 22:24:02 flappy1 kernel: pci 0000:00:14.2: reg 0x10: [mem 0xb1741000-0xb1741fff 64bit]
Nov 20 22:24:02 flappy1 kernel: pci 0000:00:14.3: [8086:9d32] type 00 class 0x048000
Nov 20 22:24:02 flappy1 kernel: pci 0000:00:14.3: reg 0x10: [mem 0xb1700000-0xb170ffff 64bit]
Nov 20 22:24:02 flappy1 kernel: pci 0000:00:15.0: [8086:9d60] type 00 class 0x118000
Nov 20 22:24:02 flappy1 kernel: pci 0000:00:15.0: reg 0x10: [mem 0xb1742000-0xb1742fff 64bit]
Nov 20 22:24:02 flappy1 kernel: pci 0000:00:15.2: [8086:9d62] type 00 class 0x118000
Nov 20 22:24:02 flappy1 kernel: pci 0000:00:15.2: reg 0x10: [mem 0xb1743000-0xb1743fff 64bit]
Nov 20 22:24:02 flappy1 kernel: pci 0000:00:15.3: [8086:9d63] type 00 class 0x118000
Nov 20 22:24:02 flappy1 kernel: pci 0000:00:15.3: reg 0x10: [mem 0xb1744000-0xb1744fff 64bit]
Nov 20 22:24:02 flappy1 kernel: pci 0000:00:16.0: [8086:9d3a] type 00 class 0x078000
Nov 20 22:24:02 flappy1 kernel: pci 0000:00:16.0: reg 0x10: [mem 0xb1745000-0xb1745fff 64bit]
Nov 20 22:24:02 flappy1 kernel: pci 0000:00:16.0: PME# supported from D3hot
Nov 20 22:24:02 flappy1 kernel: pci 0000:00:16.4: [8086:9d3e] type 00 class 0x078000
Nov 20 22:24:02 flappy1 kernel: pci 0000:00:16.4: reg 0x10: [mem 0xb1746000-0xb1746fff 64bit]
Nov 20 22:24:02 flappy1 kernel: pci 0000:00:16.4: PME# supported from D3hot
Nov 20 22:24:02 flappy1 kernel: pci 0000:00:1c.0: [8086:9d12] type 01 class 0x060400
Nov 20 22:24:02 flappy1 kernel: pci 0000:00:1c.0: PME# supported from D0 D3hot D3cold
Nov 20 22:24:02 flappy1 kernel: pci 0000:00:1c.3: [8086:9d13] type 01 class 0x060400
Nov 20 22:24:02 flappy1 kernel: pci 0000:00:1c.3: PME# supported from D0 D3hot D3cold
Nov 20 22:24:02 flappy1 kernel: pci 0000:00:1d.0: [8086:9d18] type 01 class 0x060400
Nov 20 22:24:02 flappy1 kernel: pci 0000:00:1d.0: PME# supported from D0 D3hot D3cold
Nov 20 22:24:02 flappy1 kernel: pci 0000:00:1f.0: [8086:9d4e] type 00 class 0x060100
Nov 20 22:24:02 flappy1 kernel: pci 0000:00:1f.2: [8086:9d21] type 00 class 0x058000
Nov 20 22:24:02 flappy1 kernel: pci 0000:00:1f.2: reg 0x10: [mem 0xb173c000-0xb173ffff]
Nov 20 22:24:02 flappy1 kernel: pci 0000:00:1f.3: [8086:9d71] type 00 class 0x040380
Nov 20 22:24:02 flappy1 kernel: pci 0000:00:1f.3: reg 0x10: [mem 0xb1738000-0xb173bfff 64bit]
Nov 20 22:24:02 flappy1 kernel: pci 0000:00:1f.3: reg 0x20: [mem 0xb1710000-0xb171ffff 64bit]
Nov 20 22:24:02 flappy1 kernel: pci 0000:00:1f.3: PME# supported from D3hot D3cold
Nov 20 22:24:02 flappy1 kernel: pci 0000:00:1f.4: [8086:9d23] type 00 class 0x0c0500
Nov 20 22:24:02 flappy1 kernel: pci 0000:00:1f.4: reg 0x10: [mem 0xb1747000-0xb17470ff 64bit]
Nov 20 22:24:02 flappy1 kernel: pci 0000:00:1f.4: reg 0x20: [io  0x3040-0x305f]
Nov 20 22:24:02 flappy1 kernel: pci 0000:01:00.0: [10ec:522a] type 00 class 0xff0000
Nov 20 22:24:02 flappy1 kernel: pci 0000:01:00.0: reg 0x10: [mem 0xb1600000-0xb1600fff]
Nov 20 22:24:02 flappy1 kernel: pci 0000:01:00.0: supports D1 D2
Nov 20 22:24:02 flappy1 kernel: pci 0000:01:00.0: PME# supported from D1 D2 D3hot D3cold
Nov 20 22:24:02 flappy1 kernel: pci 0000:00:1c.0: PCI bridge to [bus 01]
Nov 20 22:24:02 flappy1 kernel: pci 0000:00:1c.0:   bridge window [mem 0xb1600000-0xb16fffff]
Nov 20 22:24:02 flappy1 kernel: pci 0000:02:00.0: [8086:24fd] type 00 class 0x028000
Nov 20 22:24:02 flappy1 kernel: pci 0000:02:00.0: reg 0x10: [mem 0xb1500000-0xb1501fff 64bit]
Nov 20 22:24:02 flappy1 kernel: pci 0000:02:00.0: PME# supported from D0 D3hot D3cold
Nov 20 22:24:02 flappy1 kernel: pci 0000:00:1c.3: PCI bridge to [bus 02]
Nov 20 22:24:02 flappy1 kernel: pci 0000:00:1c.3:   bridge window [mem 0xb1500000-0xb15fffff]
Nov 20 22:24:02 flappy1 kernel: pci 0000:03:00.0: [8086:f1a5] type 00 class 0x010802
Nov 20 22:24:02 flappy1 kernel: pci 0000:03:00.0: reg 0x10: [mem 0xb1400000-0xb1403fff 64bit]
Nov 20 22:24:02 flappy1 kernel: pci 0000:00:1d.0: PCI bridge to [bus 03]
Nov 20 22:24:02 flappy1 kernel: pci 0000:00:1d.0:   bridge window [mem 0xb1400000-0xb14fffff]
Nov 20 22:24:02 flappy1 kernel: ACPI: PCI Interrupt Link [LNKA] (IRQs 3 4 5 6 10 *11 12 14 15)
Nov 20 22:24:02 flappy1 kernel: ACPI: PCI Interrupt Link [LNKB] (IRQs 3 4 5 6 *10 11 12 14 15)
Nov 20 22:24:02 flappy1 kernel: ACPI: PCI Interrupt Link [LNKC] (IRQs 3 4 5 6 10 *11 12 14 15)
Nov 20 22:24:02 flappy1 kernel: ACPI: PCI Interrupt Link [LNKD] (IRQs 3 4 5 6 10 *11 12 14 15)
Nov 20 22:24:02 flappy1 kernel: ACPI: PCI Interrupt Link [LNKE] (IRQs 3 4 5 6 10 *11 12 14 15)
Nov 20 22:24:02 flappy1 kernel: ACPI: PCI Interrupt Link [LNKF] (IRQs 3 4 5 6 10 *11 12 14 15)
Nov 20 22:24:02 flappy1 kernel: ACPI: PCI Interrupt Link [LNKG] (IRQs 3 4 5 6 10 *11 12 14 15)
Nov 20 22:24:02 flappy1 kernel: ACPI: PCI Interrupt Link [LNKH] (IRQs 3 4 5 6 10 *11 12 14 15)
Nov 20 22:24:02 flappy1 kernel: ACPI: EC: interrupt unblocked
Nov 20 22:24:02 flappy1 kernel: ACPI: EC: event unblocked
Nov 20 22:24:02 flappy1 kernel: ACPI: \_SB_.PCI0.LPCB.EC0_: GPE=0x17, EC_CMD/EC_SC=0x66, EC_DATA=0x62
Nov 20 22:24:02 flappy1 kernel: ACPI: \_SB_.PCI0.LPCB.EC0_: Used as boot DSDT EC to handle transactions and events
Nov 20 22:24:02 flappy1 kernel: pci 0000:00:02.0: vgaarb: setting as boot VGA device
Nov 20 22:24:02 flappy1 kernel: pci 0000:00:02.0: vgaarb: VGA device added: decodes=io+mem,owns=io+mem,locks=none
Nov 20 22:24:02 flappy1 kernel: pci 0000:00:02.0: vgaarb: bridge control possible
Nov 20 22:24:02 flappy1 kernel: vgaarb: loaded
Nov 20 22:24:02 flappy1 kernel: SCSI subsystem initialized
Nov 20 22:24:02 flappy1 kernel: libata version 3.00 loaded.
Nov 20 22:24:02 flappy1 kernel: ACPI: bus type USB registered
Nov 20 22:24:02 flappy1 kernel: usbcore: registered new interface driver usbfs
Nov 20 22:24:02 flappy1 kernel: usbcore: registered new interface driver hub
Nov 20 22:24:02 flappy1 kernel: usbcore: registered new device driver usb
Nov 20 22:24:02 flappy1 kernel: EDAC MC: Ver: 3.0.0
Nov 20 22:24:02 flappy1 kernel: Registered efivars operations
Nov 20 22:24:02 flappy1 kernel: PCI: Using ACPI for IRQ routing
Nov 20 22:24:02 flappy1 kernel: PCI: pci_cache_line_size set to 64 bytes
Nov 20 22:24:02 flappy1 kernel: e820: reserve RAM buffer [mem 0x00058000-0x0005ffff]
Nov 20 22:24:02 flappy1 kernel: e820: reserve RAM buffer [mem 0x0009e000-0x0009ffff]
Nov 20 22:24:02 flappy1 kernel: e820: reserve RAM buffer [mem 0x6d4e2000-0x6fffffff]
Nov 20 22:24:02 flappy1 kernel: e820: reserve RAM buffer [mem 0x8856f000-0x8bffffff]
Nov 20 22:24:02 flappy1 kernel: e820: reserve RAM buffer [mem 0x8cf00000-0x8fffffff]
Nov 20 22:24:02 flappy1 kernel: e820: reserve RAM buffer [mem 0x26f000000-0x26fffffff]
Nov 20 22:24:02 flappy1 kernel: NetLabel: Initializing
Nov 20 22:24:02 flappy1 kernel: NetLabel:  domain hash size = 128
Nov 20 22:24:02 flappy1 kernel: NetLabel:  protocols = UNLABELED CIPSOv4 CALIPSO
Nov 20 22:24:02 flappy1 kernel: NetLabel:  unlabeled traffic allowed by default
Nov 20 22:24:02 flappy1 kernel: hpet0: at MMIO 0xfed00000, IRQs 2, 8, 0, 0, 0, 0, 0, 0
Nov 20 22:24:02 flappy1 kernel: hpet0: 8 comparators, 64-bit 24.000000 MHz counter
Nov 20 22:24:02 flappy1 kernel: clocksource: Switched to clocksource hpet
Nov 20 22:24:02 flappy1 kernel: VFS: Disk quotas dquot_6.6.0
Nov 20 22:24:02 flappy1 kernel: VFS: Dquot-cache hash table entries: 512 (order 0, 4096 bytes)
Nov 20 22:24:02 flappy1 kernel: AppArmor: AppArmor Filesystem Enabled
Nov 20 22:24:02 flappy1 kernel: pnp: PnP ACPI init
Nov 20 22:24:02 flappy1 kernel: system 00:00: [mem 0xfd000000-0xfdabffff] has been reserved
Nov 20 22:24:02 flappy1 kernel: system 00:00: [mem 0xfdad0000-0xfdadffff] has been reserved
Nov 20 22:24:02 flappy1 kernel: system 00:00: [mem 0xfdb00000-0xfdffffff] has been reserved
Nov 20 22:24:02 flappy1 kernel: system 00:00: [mem 0xfe000000-0xfe01ffff] has been reserved
Nov 20 22:24:02 flappy1 kernel: system 00:00: [mem 0xfe036000-0xfe03bfff] has been reserved
Nov 20 22:24:02 flappy1 kernel: system 00:00: [mem 0xfe03d000-0xfe3fffff] has been reserved
Nov 20 22:24:02 flappy1 kernel: system 00:00: [mem 0xfe410000-0xfe7fffff] has been reserved
Nov 20 22:24:02 flappy1 kernel: system 00:00: Plug and Play ACPI device, IDs PNP0c02 (active)
Nov 20 22:24:02 flappy1 kernel: system 00:01: [io  0x2000-0x20fe] has been reserved
Nov 20 22:24:02 flappy1 kernel: system 00:01: Plug and Play ACPI device, IDs PNP0c02 (active)
Nov 20 22:24:02 flappy1 kernel: system 00:02: [io  0x0680-0x069f] has been reserved
Nov 20 22:24:02 flappy1 kernel: system 00:02: [io  0xffff] has been reserved
Nov 20 22:24:02 flappy1 kernel: system 00:02: [io  0xffff] has been reserved
Nov 20 22:24:02 flappy1 kernel: system 00:02: [io  0xffff] has been reserved
Nov 20 22:24:02 flappy1 kernel: system 00:02: [io  0x1800-0x18fe] has been reserved
Nov 20 22:24:02 flappy1 kernel: system 00:02: [io  0x164e-0x164f] has been reserved
Nov 20 22:24:02 flappy1 kernel: system 00:02: Plug and Play ACPI device, IDs PNP0c02 (active)
Nov 20 22:24:02 flappy1 kernel: pnp 00:03: Plug and Play ACPI device, IDs PNP0b00 (active)
Nov 20 22:24:02 flappy1 kernel: pnp 00:04: Plug and Play ACPI device, IDs HPQ8001 PNP0303 (active)
Nov 20 22:24:02 flappy1 kernel: system 00:05: [mem 0xfe029000-0xfe029fff] has been reserved
Nov 20 22:24:02 flappy1 kernel: system 00:05: [mem 0xfe028000-0xfe028fff] has been reserved
Nov 20 22:24:02 flappy1 kernel: system 00:05: Plug and Play ACPI device, IDs PNP0c02 (active)
Nov 20 22:24:02 flappy1 kernel: system 00:06: [mem 0xfed10000-0xfed17fff] has been reserved
Nov 20 22:24:02 flappy1 kernel: system 00:06: [mem 0xfed18000-0xfed18fff] has been reserved
Nov 20 22:24:02 flappy1 kernel: system 00:06: [mem 0xfed19000-0xfed19fff] has been reserved
Nov 20 22:24:02 flappy1 kernel: system 00:06: [mem 0xe0000000-0xefffffff] has been reserved
Nov 20 22:24:02 flappy1 kernel: system 00:06: [mem 0xfed20000-0xfed3ffff] has been reserved
Nov 20 22:24:02 flappy1 kernel: system 00:06: [mem 0xfed90000-0xfed93fff] could not be reserved
Nov 20 22:24:02 flappy1 kernel: system 00:06: [mem 0xfed45000-0xfed8ffff] could not be reserved
Nov 20 22:24:02 flappy1 kernel: system 00:06: [mem 0xff000000-0xffffffff] could not be reserved
Nov 20 22:24:02 flappy1 kernel: system 00:06: [mem 0xfee00000-0xfeefffff] could not be reserved
Nov 20 22:24:02 flappy1 kernel: system 00:06: [mem 0x90000000-0x9001ffff] has been reserved
Nov 20 22:24:02 flappy1 kernel: system 00:06: Plug and Play ACPI device, IDs PNP0c02 (active)
Nov 20 22:24:02 flappy1 kernel: pnp: PnP ACPI: found 7 devices
Nov 20 22:24:02 flappy1 kernel: clocksource: acpi_pm: mask: 0xffffff max_cycles: 0xffffff, max_idle_ns: 2085701024 ns
Nov 20 22:24:02 flappy1 kernel: pci 0000:00:1c.0: PCI bridge to [bus 01]
Nov 20 22:24:02 flappy1 kernel: pci 0000:00:1c.0:   bridge window [mem 0xb1600000-0xb16fffff]
Nov 20 22:24:02 flappy1 kernel: pci 0000:00:1c.3: PCI bridge to [bus 02]
Nov 20 22:24:02 flappy1 kernel: pci 0000:00:1c.3:   bridge window [mem 0xb1500000-0xb15fffff]
Nov 20 22:24:02 flappy1 kernel: pci 0000:00:1d.0: PCI bridge to [bus 03]
Nov 20 22:24:02 flappy1 kernel: pci 0000:00:1d.0:   bridge window [mem 0xb1400000-0xb14fffff]
Nov 20 22:24:02 flappy1 kernel: pci_bus 0000:00: resource 4 [io  0x0000-0x0cf7 window]
Nov 20 22:24:02 flappy1 kernel: pci_bus 0000:00: resource 5 [io  0x0d00-0xffff window]
Nov 20 22:24:02 flappy1 kernel: pci_bus 0000:00: resource 6 [mem 0x000a0000-0x000bffff window]
Nov 20 22:24:02 flappy1 kernel: pci_bus 0000:00: resource 7 [mem 0x000c0000-0x000c3fff window]
Nov 20 22:24:02 flappy1 kernel: pci_bus 0000:00: resource 8 [mem 0x000c4000-0x000c7fff window]
Nov 20 22:24:02 flappy1 kernel: pci_bus 0000:00: resource 9 [mem 0x000c8000-0x000cbfff window]
Nov 20 22:24:02 flappy1 kernel: pci_bus 0000:00: resource 10 [mem 0x000cc000-0x000cffff window]
Nov 20 22:24:02 flappy1 kernel: pci_bus 0000:00: resource 11 [mem 0x000d0000-0x000d3fff window]
Nov 20 22:24:02 flappy1 kernel: pci_bus 0000:00: resource 12 [mem 0x000d4000-0x000d7fff window]
Nov 20 22:24:02 flappy1 kernel: pci_bus 0000:00: resource 13 [mem 0x000d8000-0x000dbfff window]
Nov 20 22:24:02 flappy1 kernel: pci_bus 0000:00: resource 14 [mem 0x000dc000-0x000dffff window]
Nov 20 22:24:02 flappy1 kernel: pci_bus 0000:00: resource 15 [mem 0x90000000-0xdfffffff window]
Nov 20 22:24:02 flappy1 kernel: pci_bus 0000:00: resource 16 [mem 0xfd000000-0xfe7fffff window]
Nov 20 22:24:02 flappy1 kernel: pci_bus 0000:01: resource 1 [mem 0xb1600000-0xb16fffff]
Nov 20 22:24:02 flappy1 kernel: pci_bus 0000:02: resource 1 [mem 0xb1500000-0xb15fffff]
Nov 20 22:24:02 flappy1 kernel: pci_bus 0000:03: resource 1 [mem 0xb1400000-0xb14fffff]
Nov 20 22:24:02 flappy1 kernel: NET: Registered protocol family 2
Nov 20 22:24:02 flappy1 kernel: TCP established hash table entries: 65536 (order: 7, 524288 bytes)
Nov 20 22:24:02 flappy1 kernel: TCP bind hash table entries: 65536 (order: 8, 1048576 bytes)
Nov 20 22:24:02 flappy1 kernel: TCP: Hash tables configured (established 65536 bind 65536)
Nov 20 22:24:02 flappy1 kernel: UDP hash table entries: 4096 (order: 5, 131072 bytes)
Nov 20 22:24:02 flappy1 kernel: UDP-Lite hash table entries: 4096 (order: 5, 131072 bytes)
Nov 20 22:24:02 flappy1 kernel: NET: Registered protocol family 1
Nov 20 22:24:02 flappy1 kernel: pci 0000:00:02.0: Video device with shadowed ROM at [mem 0x000c0000-0x000dffff]
Nov 20 22:24:02 flappy1 kernel: PCI: CLS 64 bytes, default 64
Nov 20 22:24:02 flappy1 kernel: Unpacking initramfs...
Nov 20 22:24:02 flappy1 kernel: Freeing initrd memory: 48688K
Nov 20 22:24:02 flappy1 kernel: DMAR: ACPI device "device:73" under DMAR at fed91000 as 00:15.0
Nov 20 22:24:02 flappy1 kernel: DMAR: ACPI device "device:74" under DMAR at fed91000 as 00:15.2
Nov 20 22:24:02 flappy1 kernel: DMAR: ACPI device "device:75" under DMAR at fed91000 as 00:15.3
Nov 20 22:24:02 flappy1 kernel: PCI-DMA: Using software bounce buffering for IO (SWIOTLB)
Nov 20 22:24:02 flappy1 kernel: software IO TLB [mem 0x83f81000-0x87f81000] (64MB) mapped at [ffff8afb83f81000-ffff8afb87f80fff]
Nov 20 22:24:02 flappy1 kernel: clocksource: tsc: mask: 0xffffffffffffffff max_cycles: 0x22983777dd9, max_idle_ns: 440795300422 ns
Nov 20 22:24:02 flappy1 kernel: Scanning for low memory corruption every 60 seconds
Nov 20 22:24:02 flappy1 kernel: audit: initializing netlink subsys (disabled)
Nov 20 22:24:02 flappy1 kernel: audit: type=2000 audit(1511216637.125:1): state=initialized audit_enabled=0 res=1
Nov 20 22:24:02 flappy1 kernel: Initialise system trusted keyrings
Nov 20 22:24:02 flappy1 kernel: Key type blacklist registered
Nov 20 22:24:02 flappy1 kernel: workingset: timestamp_bits=36 max_order=21 bucket_order=0
Nov 20 22:24:02 flappy1 kernel: zbud: loaded
Nov 20 22:24:02 flappy1 kernel: squashfs: version 4.0 (2009/01/31) Phillip Lougher
Nov 20 22:24:02 flappy1 kernel: fuse init (API version 7.26)
Nov 20 22:24:02 flappy1 kernel: Key type asymmetric registered
Nov 20 22:24:02 flappy1 kernel: Asymmetric key parser 'x509' registered
Nov 20 22:24:02 flappy1 kernel: Block layer SCSI generic (bsg) driver version 0.4 loaded (major 247)
Nov 20 22:24:02 flappy1 kernel: io scheduler noop registered
Nov 20 22:24:02 flappy1 kernel: io scheduler deadline registered
Nov 20 22:24:02 flappy1 kernel: io scheduler cfq registered (default)
Nov 20 22:24:02 flappy1 kernel: pcieport 0000:00:1c.0: AER enabled with IRQ 122
Nov 20 22:24:02 flappy1 kernel: pcieport 0000:00:1c.3: AER enabled with IRQ 123
Nov 20 22:24:02 flappy1 kernel: pcieport 0000:00:1d.0: AER enabled with IRQ 124
Nov 20 22:24:02 flappy1 kernel: pcieport 0000:00:1c.0: Signaling PME with IRQ 122
Nov 20 22:24:02 flappy1 kernel: pcieport 0000:00:1c.3: Signaling PME with IRQ 123
Nov 20 22:24:02 flappy1 kernel: pcieport 0000:00:1d.0: Signaling PME with IRQ 124
Nov 20 22:24:02 flappy1 kernel: efifb: probing for efifb
Nov 20 22:24:02 flappy1 kernel: efifb: framebuffer at 0xa0000000, using 23552k, total 23552k
Nov 20 22:24:02 flappy1 kernel: efifb: mode is 3000x2000x32, linelength=12032, pages=1
Nov 20 22:24:02 flappy1 kernel: efifb: scrolling: redraw
Nov 20 22:24:02 flappy1 kernel: efifb: Truecolor: size=8:8:8:8, shift=24:16:8:0
Nov 20 22:24:02 flappy1 kernel: Console: switching to colour frame buffer device 375x125
Nov 20 22:24:02 flappy1 kernel: fb0: EFI VGA frame buffer device
Nov 20 22:24:02 flappy1 kernel: intel_idle: MWAIT substates: 0x11142120
Nov 20 22:24:02 flappy1 kernel: intel_idle: v0.4.1 model 0x8E
Nov 20 22:24:02 flappy1 kernel: intel_idle: lapic_timer_reliable_states 0xffffffff
Nov 20 22:24:02 flappy1 kernel: ACPI: AC Adapter [ADP1] (off-line)
Nov 20 22:24:02 flappy1 kernel: input: Lid Switch as /devices/LNXSYSTM:00/LNXSYBUS:00/PNP0C0D:00/input/input0
Nov 20 22:24:02 flappy1 kernel: ACPI: Lid Switch [LID0]
Nov 20 22:24:02 flappy1 kernel: input: Power Button as /devices/LNXSYSTM:00/LNXSYBUS:00/PNP0C0C:00/input/input1
Nov 20 22:24:02 flappy1 kernel: ACPI: Power Button [PWRB]
Nov 20 22:24:02 flappy1 kernel: input: Power Button as /devices/LNXSYSTM:00/LNXPWRBN:00/input/input2
Nov 20 22:24:02 flappy1 kernel: ACPI: Power Button [PWRF]
Nov 20 22:24:02 flappy1 kernel: [Firmware Bug]: Invalid critical threshold (0)
Nov 20 22:24:02 flappy1 kernel: (NULL device *): hwmon_device_register() is deprecated. Please convert the driver to use hwmon_device_register_with_info().
Nov 20 22:24:02 flappy1 kernel: thermal LNXTHERM:00: registered as thermal_zone0
Nov 20 22:24:02 flappy1 kernel: ACPI: Thermal Zone [TZ01] (30 C)
Nov 20 22:24:02 flappy1 kernel: GHES: HEST is not enabled!
Nov 20 22:24:02 flappy1 kernel: Serial: 8250/16550 driver, 32 ports, IRQ sharing enabled
Nov 20 22:24:02 flappy1 kernel: Linux agpgart interface v0.103
Nov 20 22:24:02 flappy1 kernel: ACPI: Battery Slot [BAT0] (battery present)
Nov 20 22:24:02 flappy1 kernel: tpm_tis MSFT0101:00: 2.0 TPM (device-id 0x1A, rev-id 16)
Nov 20 22:24:02 flappy1 kernel: loop: module loaded
Nov 20 22:24:02 flappy1 kernel: libphy: Fixed MDIO Bus: probed
Nov 20 22:24:02 flappy1 kernel: tun: Universal TUN/TAP device driver, 1.6
Nov 20 22:24:02 flappy1 kernel: PPP generic driver version 2.4.2
Nov 20 22:24:02 flappy1 kernel: ehci_hcd: USB 2.0 'Enhanced' Host Controller (EHCI) Driver
Nov 20 22:24:02 flappy1 kernel: ehci-pci: EHCI PCI platform driver
Nov 20 22:24:02 flappy1 kernel: ehci-platform: EHCI generic platform driver
Nov 20 22:24:02 flappy1 kernel: ohci_hcd: USB 1.1 'Open' Host Controller (OHCI) Driver
Nov 20 22:24:02 flappy1 kernel: ohci-pci: OHCI PCI platform driver
Nov 20 22:24:02 flappy1 kernel: ohci-platform: OHCI generic platform driver
Nov 20 22:24:02 flappy1 kernel: uhci_hcd: USB Universal Host Controller Interface driver
Nov 20 22:24:02 flappy1 kernel: xhci_hcd 0000:00:14.0: xHCI Host Controller
Nov 20 22:24:02 flappy1 kernel: xhci_hcd 0000:00:14.0: new USB bus registered, assigned bus number 1
Nov 20 22:24:02 flappy1 kernel: xhci_hcd 0000:00:14.0: hcc params 0x200077c1 hci version 0x100 quirks 0x00109810
Nov 20 22:24:02 flappy1 kernel: xhci_hcd 0000:00:14.0: cache line size of 64 is not supported
Nov 20 22:24:02 flappy1 kernel: usb usb1: New USB device found, idVendor=1d6b, idProduct=0002
Nov 20 22:24:02 flappy1 kernel: usb usb1: New USB device strings: Mfr=3, Product=2, SerialNumber=1
Nov 20 22:24:02 flappy1 kernel: usb usb1: Product: xHCI Host Controller
Nov 20 22:24:02 flappy1 kernel: usb usb1: Manufacturer: Linux 4.13.14-041314-generic xhci-hcd
Nov 20 22:24:02 flappy1 kernel: usb usb1: SerialNumber: 0000:00:14.0
Nov 20 22:24:02 flappy1 kernel: hub 1-0:1.0: USB hub found
Nov 20 22:24:02 flappy1 kernel: hub 1-0:1.0: 12 ports detected
Nov 20 22:24:02 flappy1 kernel: xhci_hcd 0000:00:14.0: xHCI Host Controller
Nov 20 22:24:02 flappy1 kernel: xhci_hcd 0000:00:14.0: new USB bus registered, assigned bus number 2
Nov 20 22:24:02 flappy1 kernel: usb usb2: New USB device found, idVendor=1d6b, idProduct=0003
Nov 20 22:24:02 flappy1 kernel: usb usb2: New USB device strings: Mfr=3, Product=2, SerialNumber=1
Nov 20 22:24:02 flappy1 kernel: usb usb2: Product: xHCI Host Controller
Nov 20 22:24:02 flappy1 kernel: usb usb2: Manufacturer: Linux 4.13.14-041314-generic xhci-hcd
Nov 20 22:24:02 flappy1 kernel: usb usb2: SerialNumber: 0000:00:14.0
Nov 20 22:24:02 flappy1 kernel: hub 2-0:1.0: USB hub found
Nov 20 22:24:02 flappy1 kernel: hub 2-0:1.0: 6 ports detected
Nov 20 22:24:02 flappy1 kernel: usb: port power management may be unreliable
Nov 20 22:24:02 flappy1 kernel: i8042: PNP detection disabled
Nov 20 22:24:02 flappy1 kernel: i8042: Attempting to reset device connected to KBD port
Nov 20 22:24:02 flappy1 kernel: serio: i8042 KBD port at 0x60,0x64 irq 1
Nov 20 22:24:02 flappy1 kernel: serio: i8042 AUX port at 0x60,0x64 irq 12
Nov 20 22:24:02 flappy1 kernel: mousedev: PS/2 mouse device common for all mice
Nov 20 22:24:02 flappy1 kernel: rtc_cmos 00:03: RTC can wake from S4
Nov 20 22:24:02 flappy1 kernel: rtc_cmos 00:03: rtc core: registered rtc_cmos as rtc0
Nov 20 22:24:02 flappy1 kernel: rtc_cmos 00:03: alarms up to one month, y3k, 242 bytes nvram, hpet irqs
Nov 20 22:24:02 flappy1 kernel: i2c /dev entries driver
Nov 20 22:24:02 flappy1 kernel: device-mapper: uevent: version 1.0.3
Nov 20 22:24:02 flappy1 kernel: device-mapper: ioctl: 4.37.0-ioctl (2017-09-20) initialised: dm-devel@redhat.com
Nov 20 22:24:02 flappy1 kernel: intel_pstate: Intel P-state driver initializing
Nov 20 22:24:02 flappy1 kernel: intel_pstate: HWP enabled
Nov 20 22:24:02 flappy1 kernel: ledtrig-cpu: registered to indicate activity on CPUs
Nov 20 22:24:02 flappy1 kernel: EFI Variables Facility v0.08 2004-May-17
Nov 20 22:24:02 flappy1 kernel: clocksource: Switched to clocksource tsc
Nov 20 22:24:02 flappy1 kernel: NET: Registered protocol family 10
Nov 20 22:24:02 flappy1 kernel: Segment Routing with IPv6
Nov 20 22:24:02 flappy1 kernel: NET: Registered protocol family 17
Nov 20 22:24:02 flappy1 kernel: Key type dns_resolver registered
Nov 20 22:24:02 flappy1 kernel: RAS: Correctable Errors collector initialized.
Nov 20 22:24:02 flappy1 kernel: microcode: sig=0x806e9, pf=0x40, revision=0x5e
Nov 20 22:24:02 flappy1 kernel: microcode: Microcode Update Driver: v2.2.
Nov 20 22:24:02 flappy1 kernel: sched_clock: Marking stable (2153264390, 0)->(2184156302, -30891912)
Nov 20 22:24:02 flappy1 kernel: registered taskstats version 1
Nov 20 22:24:02 flappy1 kernel: Loading compiled-in X.509 certificates
Nov 20 22:24:02 flappy1 kernel: Loaded X.509 cert 'Build time autogenerated kernel key: 9de1a8314ef02a99ecfd6f7d28407b83a50abe87'
Nov 20 22:24:02 flappy1 kernel: zswap: loaded using pool lzo/zbud
Nov 20 22:24:02 flappy1 kernel: Key type big_key registered
Nov 20 22:24:02 flappy1 kernel: Key type trusted registered
Nov 20 22:24:02 flappy1 kernel: Key type encrypted registered
Nov 20 22:24:02 flappy1 kernel: AppArmor: AppArmor sha1 policy hashing enabled
Nov 20 22:24:02 flappy1 kernel: usb 1-2: new full-speed USB device number 2 using xhci_hcd
Nov 20 22:24:02 flappy1 kernel: usb 1-2: New USB device found, idVendor=8087, idProduct=0a2b
Nov 20 22:24:02 flappy1 kernel: usb 1-2: New USB device strings: Mfr=0, Product=0, SerialNumber=0
Nov 20 22:24:02 flappy1 kernel: usb 1-6: new full-speed USB device number 3 using xhci_hcd
Nov 20 22:24:02 flappy1 kernel: input: AT Translated Set 2 keyboard as /devices/platform/i8042/serio0/input/input6
Nov 20 22:24:02 flappy1 kernel: usb 1-6: New USB device found, idVendor=04f3, idProduct=0757
Nov 20 22:24:02 flappy1 kernel: usb 1-6: New USB device strings: Mfr=0, Product=1, SerialNumber=0
Nov 20 22:24:02 flappy1 kernel: usb 1-6: Product: USBSmartKeyboard
Nov 20 22:24:02 flappy1 kernel: evm: HMAC attrs: 0x1
Nov 20 22:24:02 flappy1 kernel:   Magic number: 9:691:401
Nov 20 22:24:02 flappy1 kernel: rtc_cmos 00:03: setting system clock to 2017-11-20 22:24:00 UTC (1511216640)
Nov 20 22:24:02 flappy1 kernel: BIOS EDD facility v0.16 2004-Jun-25, 0 devices found
Nov 20 22:24:02 flappy1 kernel: EDD information not available.
Nov 20 22:24:02 flappy1 kernel: PM: Hibernation image not present or could not be loaded.
Nov 20 22:24:02 flappy1 kernel: Freeing unused kernel memory: 2320K
Nov 20 22:24:02 flappy1 kernel: Write protecting the kernel read-only data: 14336k
Nov 20 22:24:02 flappy1 kernel: Freeing unused kernel memory: 968K
Nov 20 22:24:02 flappy1 kernel: Freeing unused kernel memory: 44K
Nov 20 22:24:02 flappy1 kernel: x86/mm: Checked W+X mappings: passed, no W+X pages found.
Nov 20 22:24:02 flappy1 kernel: hidraw: raw HID events driver (C) Jiri Kosina
Nov 20 22:24:02 flappy1 kernel: wmi_bus wmi_bus-PNP0C14:00: WQBC data block query control method not found
Nov 20 22:24:02 flappy1 kernel: wmi_bus wmi_bus-PNP0C14:00: WQBJ data block query control method not found
Nov 20 22:24:02 flappy1 kernel: nvme nvme0: pci function 0000:03:00.0
Nov 20 22:24:02 flappy1 kernel: usbcore: registered new interface driver usbhid
Nov 20 22:24:02 flappy1 kernel: usbhid: USB HID core driver
Nov 20 22:24:02 flappy1 kernel: input: USBSmartKeyboard as /devices/pci0000:00/0000:00:14.0/usb1/1-6/1-6:1.0/0003:04F3:0757.0001/input/input8
Nov 20 22:24:02 flappy1 kernel: hid-generic 0003:04F3:0757.0001: input,hidraw0: USB HID v1.10 Keyboard [USBSmartKeyboard] on usb-0000:00:14.0-6/input0
Nov 20 22:24:02 flappy1 kernel: input: USBSmartKeyboard as /devices/pci0000:00/0000:00:14.0/usb1/1-6/1-6:1.1/0003:04F3:0757.0002/input/input9
Nov 20 22:24:02 flappy1 kernel: hid-generic 0003:04F3:0757.0002: input,hiddev0,hidraw1: USB HID v1.10 Mouse [USBSmartKeyboard] on usb-0000:00:14.0-6/input1
Nov 20 22:24:02 flappy1 kernel:  nvme0n1: p1 p2 p3 p4 p5 p6
Nov 20 22:24:02 flappy1 kernel: [drm] Found 64MB of eDRAM
Nov 20 22:24:02 flappy1 kernel: ish-hid {33AECD58-B679-4E54-9BD9-A04D34F0C226}: [hid-ish]: enum_devices_done OK, num_hid_devices=2
Nov 20 22:24:02 flappy1 kernel: [drm] Memory usable by graphics device = 4096M
Nov 20 22:24:02 flappy1 kernel: checking generic (a0000000 1700000) vs hw (a0000000 10000000)
Nov 20 22:24:02 flappy1 kernel: fb: switching to inteldrmfb from EFI VGA
Nov 20 22:24:02 flappy1 kernel: Console: switching to colour dummy device 80x25
Nov 20 22:24:02 flappy1 kernel: [drm] Replacing VGA console driver
Nov 20 22:24:02 flappy1 kernel: [drm] Supports vblank timestamp caching Rev 2 (21.10.2013).
Nov 20 22:24:02 flappy1 kernel: [drm] Driver supports precise vblank timestamp query.
Nov 20 22:24:02 flappy1 kernel: [drm] Finished loading DMC firmware i915/kbl_dmc_ver1_01.bin (v1.1)
Nov 20 22:24:02 flappy1 kernel: i915 0000:00:02.0: vgaarb: changed VGA decodes: olddecodes=io+mem,decodes=io+mem:owns=io+mem
Nov 20 22:24:02 flappy1 kernel: [drm] Initialized i915 1.6.0 20170619 for 0000:00:02.0 on minor 0
Nov 20 22:24:02 flappy1 kernel: ACPI: Video Device [GFX0] (multi-head: yes  rom: no  post: no)
Nov 20 22:24:02 flappy1 kernel: input: Video Bus as /devices/LNXSYSTM:00/LNXSYBUS:00/PNP0A08:00/LNXVIDEO:00/input/input10
Nov 20 22:24:02 flappy1 kernel: fbcon: inteldrmfb (fb0) is primary device
Nov 20 22:24:02 flappy1 kernel: Console: switching to colour frame buffer device 375x125
Nov 20 22:24:02 flappy1 kernel: i915 0000:00:02.0: fb0: inteldrmfb frame buffer device
Nov 20 22:24:02 flappy1 kernel: EXT4-fs (nvme0n1p6): mounted filesystem with ordered data mode. Opts: (null)
Nov 20 22:24:02 flappy1 kernel: ip_tables: (C) 2000-2006 Netfilter Core Team
Nov 20 22:24:02 flappy1 systemd[1]: systemd 234 running in system mode. (+PAM +AUDIT +SELINUX +IMA +APPARMOR +SMACK +SYSVINIT +UTMP +LIBCRYPTSETUP +GCRYPT +GNUTLS +ACL +XZ +LZ4 +SECCOMP +BLKID +ELFUTILS +KMOD -IDN2 +IDN default-hierarchy=hybrid)
Nov 20 22:24:02 flappy1 systemd[1]: Detected architecture x86-64.
Nov 20 22:24:02 flappy1 systemd[1]: Set hostname to <flappy1>.
Nov 20 22:24:02 flappy1 systemd[1]: Listening on Journal Audit Socket.
Nov 20 22:24:02 flappy1 systemd[1]: Reached target Remote File Systems.
Nov 20 22:24:02 flappy1 systemd[1]: Started Forward Password Requests to Wall Directory Watch.
Nov 20 22:24:02 flappy1 systemd[1]: Listening on /dev/initctl Compatibility Named Pipe.
Nov 20 22:24:02 flappy1 systemd[1]: Listening on udev Kernel Socket.
Nov 20 22:24:02 flappy1 systemd[1]: Listening on Syslog Socket.
Nov 20 22:24:02 flappy1 systemd[1]: Listening on udev Control Socket.
Nov 20 22:24:02 flappy1 kernel: lp: driver loaded but no devices found
Nov 20 22:24:02 flappy1 kernel: ppdev: user-space parallel port driver
Nov 20 22:24:02 flappy1 systemd-journald[243]: Journal started
Nov 20 22:24:02 flappy1 systemd-journald[243]: Runtime journal (/run/log/journal/b3a83475200b48b0b713e8c54a6d2970) is 8.0M, max 78.4M, 70.4M free.
Nov 20 22:24:02 flappy1 systemd-modules-load[241]: Inserted module 'lp'
Nov 20 22:24:02 flappy1 systemd-modules-load[241]: Inserted module 'ppdev'
Nov 20 22:24:02 flappy1 systemd-modules-load[241]: Inserted module 'parport_pc'
Nov 20 22:24:02 flappy1 systemd[1]: Started Set the console keyboard layout.
Nov 20 22:24:02 flappy1 systemd[1]: Started udev Kernel Device Manager.
Nov 20 22:24:02 flappy1 systemd[1]: Starting Remount Root and Kernel File Systems...
Nov 20 22:24:02 flappy1 systemd[1]: Started Remount Root and Kernel File Systems.
Nov 20 22:24:02 flappy1 systemd[1]: Activating swap /swapfile...
Nov 20 22:24:02 flappy1 systemd[1]: Starting Load/Save Random Seed...
Nov 20 22:24:02 flappy1 systemd[1]: Reached target Local File Systems (Pre).
Nov 20 22:24:02 flappy1 kernel: EXT4-fs (nvme0n1p6): re-mounted. Opts: errors=remount-ro
Nov 20 22:24:02 flappy1 systemd[1]: Starting Rebuild Hardware Database...
Nov 20 22:24:02 flappy1 systemd[1]: Starting Flush Journal to Persistent Storage...
Nov 20 22:24:02 flappy1 systemd[1]: Started Load/Save Random Seed.
Nov 20 22:24:02 flappy1 systemd-journald[243]: Runtime journal (/run/log/journal/b3a83475200b48b0b713e8c54a6d2970) is 8.0M, max 78.4M, 70.4M free.
Nov 20 22:24:02 flappy1 systemd[1]: Started Flush Journal to Persistent Storage.
Nov 20 22:24:02 flappy1 systemd[1]: Activated swap /swapfile.
Nov 20 22:24:02 flappy1 systemd[1]: Reached target Swap.
Nov 20 22:24:02 flappy1 kernel: Adding 2097148k swap on /swapfile.  Priority:-1 extents:6 across:2260988k SSFS
Nov 20 22:24:03 flappy1 systemd[1]: Started Rebuild Hardware Database.
Nov 20 22:24:03 flappy1 systemd[1]: Starting udev Coldplug all Devices...
Nov 20 22:24:03 flappy1 systemd[1]: Started udev Coldplug all Devices.
Nov 20 22:24:03 flappy1 systemd[1]: Started Dispatch Password Requests to Console Directory Watch.
Nov 20 22:24:03 flappy1 systemd[1]: Reached target Encrypted Volumes.
Nov 20 22:24:03 flappy1 kernel: input: Intel Virtual Button driver as /devices/platform/INT33D6:00/input/input11
Nov 20 22:24:03 flappy1 kernel: [drm] RC6 on
Nov 20 22:24:03 flappy1 systemd[1]: Created slice system-systemd\x2dbacklight.slice.
Nov 20 22:24:03 flappy1 systemd[1]: Starting Load/Save Screen Backlight Brightness of backlight:intel_backlight...
Nov 20 22:24:03 flappy1 systemd[1]: Started Load/Save Screen Backlight Brightness of backlight:intel_backlight.
Nov 20 22:24:03 flappy1 mtp-probe[326]: checking bus 1, device 3: "/sys/devices/pci0000:00/0000:00:14.0/usb1/1-6"
Nov 20 22:24:03 flappy1 mtp-probe[326]: bus: 1, device: 3 was not an MTP device
Nov 20 22:24:03 flappy1 kernel: (NULL device *): hwmon_device_register() is deprecated. Please convert the driver to use hwmon_device_register_with_info().
Nov 20 22:24:03 flappy1 kernel: intel-lpss 0000:00:15.0: enabling device (0000 -> 0002)
Nov 20 22:24:03 flappy1 kernel: Bluetooth: Core ver 2.22
Nov 20 22:24:03 flappy1 kernel: NET: Registered protocol family 31
Nov 20 22:24:03 flappy1 kernel: Bluetooth: HCI device and connection manager initialized
Nov 20 22:24:03 flappy1 kernel: Bluetooth: HCI socket layer initialized
Nov 20 22:24:03 flappy1 kernel: Bluetooth: L2CAP socket layer initialized
Nov 20 22:24:03 flappy1 kernel: Bluetooth: SCO socket layer initialized
Nov 20 22:24:03 flappy1 kernel: usbcore: registered new interface driver btusb
Nov 20 22:24:03 flappy1 kernel: idma64 idma64.0: Found Intel integrated DMA 64-bit
Nov 20 22:24:03 flappy1 kernel: Bluetooth: hci0: Bootloader revision 0.0 build 26 week 38 2015
Nov 20 22:24:03 flappy1 kernel: Bluetooth: hci0: Device revision is 16
Nov 20 22:24:03 flappy1 kernel: Bluetooth: hci0: Secure boot is enabled
Nov 20 22:24:03 flappy1 kernel: Bluetooth: hci0: OTP lock is enabled
Nov 20 22:24:03 flappy1 kernel: Bluetooth: hci0: API lock is enabled
Nov 20 22:24:03 flappy1 kernel: Bluetooth: hci0: Debug lock is disabled
Nov 20 22:24:03 flappy1 kernel: Bluetooth: hci0: Minimum firmware build 1 week 10 2014
Nov 20 22:24:03 flappy1 kernel: Bluetooth: hci0: Found device firmware: intel/ibt-12-16.sfi
Nov 20 22:24:03 flappy1 kernel: intel-lpss 0000:00:15.2: enabling device (0000 -> 0002)
Nov 20 22:24:03 flappy1 kernel: idma64 idma64.1: Found Intel integrated DMA 64-bit
Nov 20 22:24:03 flappy1 kernel: mei_me 0000:00:16.0: enabling device (0000 -> 0002)
Nov 20 22:24:03 flappy1 kernel: shpchp: Standard Hot Plug PCI Controller Driver version: 0.4
Nov 20 22:24:03 flappy1 kernel: intel-lpss 0000:00:15.3: enabling device (0000 -> 0002)
Nov 20 22:24:03 flappy1 kernel: idma64 idma64.2: Found Intel integrated DMA 64-bit
Nov 20 22:24:03 flappy1 kernel: Intel(R) Wireless WiFi driver for Linux
Nov 20 22:24:03 flappy1 kernel: Copyright(c) 2003- 2015 Intel Corporation
Nov 20 22:24:03 flappy1 kernel: iwlwifi 0000:02:00.0: Direct firmware load for iwlwifi-8265-33.ucode failed with error -2
Nov 20 22:24:03 flappy1 kernel: iwlwifi 0000:02:00.0: Direct firmware load for iwlwifi-8265-32.ucode failed with error -2
Nov 20 22:24:03 flappy1 kernel: input: HP WMI hotkeys as /devices/virtual/input/input12
Nov 20 22:24:03 flappy1 kernel: iwlwifi 0000:02:00.0: loaded firmware version 31.532993.0 op_mode iwlmvm
Nov 20 22:24:03 flappy1 kernel: RAPL PMU: API unit is 2^-32 Joules, 5 fixed counters, 655360 ms ovfl timer
Nov 20 22:24:03 flappy1 kernel: RAPL PMU: hw unit of domain pp0-core 2^-14 Joules
Nov 20 22:24:03 flappy1 kernel: RAPL PMU: hw unit of domain package 2^-14 Joules
Nov 20 22:24:03 flappy1 kernel: RAPL PMU: hw unit of domain dram 2^-14 Joules
Nov 20 22:24:03 flappy1 kernel: RAPL PMU: hw unit of domain pp1-gpu 2^-14 Joules
Nov 20 22:24:03 flappy1 kernel: RAPL PMU: hw unit of domain psys 2^-14 Joules
Nov 20 22:24:03 flappy1 kernel: iwlwifi 0000:02:00.0: Detected Intel(R) Dual Band Wireless AC 8265, REV=0x230
Nov 20 22:24:03 flappy1 kernel: AVX2 version of gcm_enc/dec engaged.
Nov 20 22:24:03 flappy1 kernel: AES CTR mode by8 optimization enabled
Nov 20 22:24:03 flappy1 kernel: random: crng init done
Nov 20 22:24:03 flappy1 kernel: kvm: disabled by bios
Nov 20 22:24:03 flappy1 kernel: intel_rapl: Found RAPL domain package
Nov 20 22:24:03 flappy1 kernel: intel_rapl: Found RAPL domain core
Nov 20 22:24:03 flappy1 kernel: intel_rapl: Found RAPL domain uncore
Nov 20 22:24:03 flappy1 kernel: intel_rapl: Found RAPL domain dram
Nov 20 22:24:03 flappy1 kernel: iwlwifi 0000:02:00.0: base HW address: f8:63:3f:39:3c:8a
Nov 20 22:24:03 flappy1 systemd[1]: Found device /dev/disk/by-uuid/84CE-CB7B.
Nov 20 22:24:03 flappy1 systemd[1]: Starting File System Check on /dev/disk/by-uuid/84CE-CB7B...
Nov 20 22:24:03 flappy1 systemd[1]: Started File System Check Daemon to report status.
Nov 20 22:24:03 flappy1 kernel: snd_hda_intel 0000:00:1f.3: bound 0000:00:02.0 (ops i915_audio_component_bind_ops [i915])
Nov 20 22:24:03 flappy1 systemd-fsck[410]: fsck.fat 4.1 (2017-01-24)
Nov 20 22:24:03 flappy1 systemd-fsck[410]: /dev/nvme0n1p1: 275 files, 26400/65536 clusters
Nov 20 22:24:03 flappy1 systemd[1]: Started File System Check on /dev/disk/by-uuid/84CE-CB7B.
Nov 20 22:24:03 flappy1 systemd[1]: Mounting /boot/efi...
Nov 20 22:24:03 flappy1 systemd[1]: Mounted /boot/efi.
Nov 20 22:24:03 flappy1 systemd[1]: Reached target Local File Systems.
Nov 20 22:24:03 flappy1 systemd[1]: Starting AppArmor initialization...
Nov 20 22:24:03 flappy1 systemd[1]: Starting Tell Plymouth To Write Out Runtime Data...
Nov 20 22:24:03 flappy1 systemd[1]: Starting Create Volatile Files and Directories...
Nov 20 22:24:03 flappy1 systemd[1]: Starting Enable support for additional executable binary formats...
Nov 20 22:24:03 flappy1 systemd[1]: Starting Set console font and keymap...
Nov 20 22:24:03 flappy1 systemd[1]: Starting Clean up any mess left by 0dns-up...
Nov 20 22:24:03 flappy1 systemd-tmpfiles[468]: [/usr/lib/tmpfiles.d/var.conf:14] Duplicate line for path "/var/log", ignoring.
Nov 20 22:24:03 flappy1 systemd[1]: proc-sys-fs-binfmt_misc.automount: Got automount request for /proc/sys/fs/binfmt_misc, triggered by 469 (update-binfmts)
Nov 20 22:24:03 flappy1 systemd[1]: Mounting Arbitrary Executable File Formats File System...
Nov 20 22:24:03 flappy1 systemd[1]: Started Set console font and keymap.
Nov 20 22:24:03 flappy1 systemd[1]: Listening on Load/Save RF Kill Switch Status /dev/rfkill Watch.
Nov 20 22:24:03 flappy1 systemd[1]: Starting Load/Save RF Kill Switch Status...
Nov 20 22:24:03 flappy1 systemd[1]: Mounted Arbitrary Executable File Formats File System.
Nov 20 22:24:03 flappy1 systemd[1]: Started Clean up any mess left by 0dns-up.
Nov 20 22:24:03 flappy1 systemd[1]: Starting Nameserver information manager...
Nov 20 22:24:03 flappy1 systemd[1]: Started Tell Plymouth To Write Out Runtime Data.
Nov 20 22:24:03 flappy1 kernel: snd_hda_codec_realtek hdaudioC0D0: autoconfig for ALC295: line_outs=1 (0x17/0x0/0x0/0x0/0x0) type:speaker
Nov 20 22:24:03 flappy1 kernel: snd_hda_codec_realtek hdaudioC0D0:    speaker_outs=0 (0x0/0x0/0x0/0x0/0x0)
Nov 20 22:24:03 flappy1 kernel: snd_hda_codec_realtek hdaudioC0D0:    hp_outs=1 (0x21/0x0/0x0/0x0/0x0)
Nov 20 22:24:03 flappy1 kernel: snd_hda_codec_realtek hdaudioC0D0:    mono: mono_out=0x0
Nov 20 22:24:03 flappy1 kernel: snd_hda_codec_realtek hdaudioC0D0:    inputs:
Nov 20 22:24:03 flappy1 kernel: snd_hda_codec_realtek hdaudioC0D0:      Mic=0x19
Nov 20 22:24:03 flappy1 kernel: snd_hda_codec_realtek hdaudioC0D0:      Internal Mic=0x12
Nov 20 22:24:03 flappy1 kernel: ieee80211 phy0: Selected rate control algorithm 'iwl-mvm-rs'
Nov 20 22:24:03 flappy1 kernel: (NULL device *): hwmon_device_register() is deprecated. Please convert the driver to use hwmon_device_register_with_info().
Nov 20 22:24:03 flappy1 kernel: thermal thermal_zone7: failed to read out thermal zone (-5)
Nov 20 22:24:03 flappy1 systemd-udevd[318]: link_config: autonegotiation is unset or enabled, the speed and duplex are not writable.
Nov 20 22:24:03 flappy1 systemd[1]: Started Enable support for additional executable binary formats.
Nov 20 22:24:03 flappy1 systemd[1]: Started Nameserver information manager.
Nov 20 22:24:03 flappy1 systemd[1]: Reached target Network (Pre).
Nov 20 22:24:03 flappy1 systemd[1]: Started Create Volatile Files and Directories.
Nov 20 22:24:03 flappy1 systemd[1]: Starting Update UTMP about System Boot/Shutdown...
Nov 20 22:24:03 flappy1 systemd[1]: Starting Network Time Synchronization...
Nov 20 22:24:03 flappy1 systemd[1]: Started Update UTMP about System Boot/Shutdown.
Nov 20 22:24:03 flappy1 apparmor[466]:  * Starting AppArmor profiles
Nov 20 22:24:03 flappy1 systemd[1]: Starting Tell Plymouth To Write Out Runtime Data...
Nov 20 22:24:03 flappy1 audit[570]: AVC apparmor="STATUS" operation="profile_load" profile="unconfined" name="content-hub-clipboard" pid=570 comm="apparmor_parser"
Nov 20 22:24:03 flappy1 audit[571]: AVC apparmor="STATUS" operation="profile_load" profile="unconfined" name="content-hub-peer-picker" pid=571 comm="apparmor_parser"
Nov 20 22:24:03 flappy1 audit[575]: AVC apparmor="STATUS" operation="profile_load" profile="unconfined" name="url-dispatcher-bad-url-helper" pid=575 comm="apparmor_parser"
Nov 20 22:24:03 flappy1 apparmor[466]: Skipping profile in /etc/apparmor.d/disable: usr.bin.firefox
Nov 20 22:24:03 flappy1 audit[573]: AVC apparmor="STATUS" operation="profile_load" profile="unconfined" name="/sbin/dhclient" pid=573 comm="apparmor_parser"
Nov 20 22:24:03 flappy1 audit[573]: AVC apparmor="STATUS" operation="profile_load" profile="unconfined" name="/usr/lib/NetworkManager/nm-dhcp-client.action" pid=573 comm="apparmor_parser"
Nov 20 22:24:03 flappy1 audit[573]: AVC apparmor="STATUS" operation="profile_load" profile="unconfined" name="/usr/lib/NetworkManager/nm-dhcp-helper" pid=573 comm="apparmor_parser"
Nov 20 22:24:03 flappy1 audit[573]: AVC apparmor="STATUS" operation="profile_load" profile="unconfined" name="/usr/lib/connman/scripts/dhclient-script" pid=573 comm="apparmor_parser"
Nov 20 22:24:03 flappy1 audit[578]: AVC apparmor="STATUS" operation="profile_load" profile="unconfined" name="/usr/bin/mediascanner-service-2.0" pid=578 comm="apparmor_parser"
Nov 20 22:24:03 flappy1 systemd[1]: Started Tell Plymouth To Write Out Runtime Data.
Nov 20 22:24:03 flappy1 audit[572]: AVC apparmor="STATUS" operation="profile_load" profile="unconfined" name="/usr/lib/lightdm/lightdm-guest-session" pid=572 comm="apparmor_parser"
Nov 20 22:24:03 flappy1 audit[572]: AVC apparmor="STATUS" operation="profile_load" profile="unconfined" name="/usr/lib/lightdm/lightdm-guest-session//chromium" pid=572 comm="apparmor_parser"
Nov 20 22:24:03 flappy1 audit[579]: AVC apparmor="STATUS" operation="profile_load" profile="unconfined" name="ubuntu-printing-app" pid=579 comm="apparmor_parser"
Nov 20 22:24:03 flappy1 audit[580]: AVC apparmor="STATUS" operation="profile_load" profile="unconfined" name="unity8-dash" pid=580 comm="apparmor_parser"
Nov 20 22:24:03 flappy1 audit[583]: AVC apparmor="STATUS" operation="profile_load" profile="unconfined" name="libreoffice-oopslash" pid=583 comm="apparmor_parser"
Nov 20 22:24:03 flappy1 audit[584]: AVC apparmor="STATUS" operation="profile_load" profile="unconfined" name="libreoffice-senddoc" pid=584 comm="apparmor_parser"
Nov 20 22:24:03 flappy1 kernel: audit: type=1400 audit(1511216643.480:2): apparmor="STATUS" operation="profile_load" profile="unconfined" name="content-hub-clipboard" pid=570 comm="apparmor_parser"
Nov 20 22:24:03 flappy1 kernel: input: HDA Intel PCH Mic as /devices/pci0000:00/0000:00:1f.3/sound/card0/input13
Nov 20 22:24:03 flappy1 kernel: input: HDA Intel PCH Headphone as /devices/pci0000:00/0000:00:1f.3/sound/card0/input14
Nov 20 22:24:03 flappy1 kernel: input: HDA Intel PCH HDMI/DP,pcm=3 as /devices/pci0000:00/0000:00:1f.3/sound/card0/input15
Nov 20 22:24:03 flappy1 kernel: input: HDA Intel PCH HDMI/DP,pcm=7 as /devices/pci0000:00/0000:00:1f.3/sound/card0/input16
Nov 20 22:24:03 flappy1 kernel: input: HDA Intel PCH HDMI/DP,pcm=8 as /devices/pci0000:00/0000:00:1f.3/sound/card0/input17
Nov 20 22:24:03 flappy1 kernel: input: HDA Intel PCH HDMI/DP,pcm=9 as /devices/pci0000:00/0000:00:1f.3/sound/card0/input18
Nov 20 22:24:03 flappy1 kernel: input: HDA Intel PCH HDMI/DP,pcm=10 as /devices/pci0000:00/0000:00:1f.3/sound/card0/input19
Nov 20 22:24:03 flappy1 kernel: audit: type=1400 audit(1511216643.480:3): apparmor="STATUS" operation="profile_load" profile="unconfined" name="content-hub-peer-picker" pid=571 comm="apparmor_parser"
Nov 20 22:24:03 flappy1 kernel: audit: type=1400 audit(1511216643.481:4): apparmor="STATUS" operation="profile_load" profile="unconfined" name="url-dispatcher-bad-url-helper" pid=575 comm="apparmor_parser"
Nov 20 22:24:03 flappy1 kernel: audit: type=1400 audit(1511216643.484:5): apparmor="STATUS" operation="profile_load" profile="unconfined" name="/sbin/dhclient" pid=573 comm="apparmor_parser"
Nov 20 22:24:03 flappy1 kernel: audit: type=1400 audit(1511216643.484:6): apparmor="STATUS" operation="profile_load" profile="unconfined" name="/usr/lib/NetworkManager/nm-dhcp-client.action" pid=573 comm="apparmor_parser"
Nov 20 22:24:03 flappy1 kernel: audit: type=1400 audit(1511216643.484:7): apparmor="STATUS" operation="profile_load" profile="unconfined" name="/usr/lib/NetworkManager/nm-dhcp-helper" pid=573 comm="apparmor_parser"
Nov 20 22:24:03 flappy1 kernel: audit: type=1400 audit(1511216643.484:8): apparmor="STATUS" operation="profile_load" profile="unconfined" name="/usr/lib/connman/scripts/dhclient-script" pid=573 comm="apparmor_parser"
Nov 20 22:24:03 flappy1 kernel: audit: type=1400 audit(1511216643.487:9): apparmor="STATUS" operation="profile_load" profile="unconfined" name="/usr/bin/mediascanner-service-2.0" pid=578 comm="apparmor_parser"
Nov 20 22:24:03 flappy1 kernel: audit: type=1400 audit(1511216643.489:10): apparmor="STATUS" operation="profile_load" profile="unconfined" name="/usr/lib/lightdm/lightdm-guest-session" pid=572 comm="apparmor_parser"
Nov 20 22:24:03 flappy1 kernel: audit: type=1400 audit(1511216643.489:11): apparmor="STATUS" operation="profile_load" profile="unconfined" name="/usr/lib/lightdm/lightdm-guest-session//chromium" pid=572 comm="apparmor_parser"
Nov 20 22:24:03 flappy1 audit[576]: AVC apparmor="STATUS" operation="profile_load" profile="unconfined" name="/usr/bin/evince" pid=576 comm="apparmor_parser"
Nov 20 22:24:03 flappy1 audit[576]: AVC apparmor="STATUS" operation="profile_load" profile="unconfined" name="/usr/bin/evince//sanitized_helper" pid=576 comm="apparmor_parser"
Nov 20 22:24:03 flappy1 audit[576]: AVC apparmor="STATUS" operation="profile_load" profile="unconfined" name="/usr/bin/evince-previewer" pid=576 comm="apparmor_parser"
Nov 20 22:24:03 flappy1 audit[576]: AVC apparmor="STATUS" operation="profile_load" profile="unconfined" name="/usr/bin/evince-previewer//sanitized_helper" pid=576 comm="apparmor_parser"
Nov 20 22:24:03 flappy1 audit[576]: AVC apparmor="STATUS" operation="profile_load" profile="unconfined" name="/usr/bin/evince-thumbnailer" pid=576 comm="apparmor_parser"
Nov 20 22:24:03 flappy1 audit[576]: AVC apparmor="STATUS" operation="profile_load" profile="unconfined" name="/usr/bin/evince-thumbnailer//sanitized_helper" pid=576 comm="apparmor_parser"
Nov 20 22:24:03 flappy1 apparmor[466]: AppArmor parser error for /etc/apparmor.d/usr.bin.webbrowser-app in /etc/apparmor.d/usr.bin.webbrowser-app at line 26: Could not open '/usr/share/apparmor/hardware/graphics.d'
Nov 20 22:24:03 flappy1 audit[585]: AVC apparmor="STATUS" operation="profile_load" profile="unconfined" name="libreoffice-soffice" pid=585 comm="apparmor_parser"
Nov 20 22:24:03 flappy1 audit[586]: AVC apparmor="STATUS" operation="profile_load" profile="unconfined" name="libreoffice-xpdfimport" pid=586 comm="apparmor_parser"
Nov 20 22:24:03 flappy1 apparmor[466]: AppArmor parser error for /etc/apparmor.d/usr.lib.mediascanner-2.0.mediascanner-extractor in /etc/apparmor.d/usr.lib.mediascanner-2.0.mediascanner-extractor at line 14: Could not open '/usr/share/apparmor/hardware/audio.d'
Nov 20 22:24:03 flappy1 audit[590]: AVC apparmor="STATUS" operation="profile_load" profile="unconfined" name="/usr/lib/snapd/snap-confine" pid=590 comm="apparmor_parser"
Nov 20 22:24:03 flappy1 audit[590]: AVC apparmor="STATUS" operation="profile_load" profile="unconfined" name="/usr/lib/snapd/snap-confine//mount-namespace-capture-helper" pid=590 comm="apparmor_parser"
Nov 20 22:24:03 flappy1 audit[592]: AVC apparmor="STATUS" operation="profile_load" profile="unconfined" name="udm-extractor" pid=592 comm="apparmor_parser"
Nov 20 22:24:03 flappy1 audit[593]: AVC apparmor="STATUS" operation="profile_load" profile="unconfined" name="/usr/sbin/cups-browsed" pid=593 comm="apparmor_parser"
Nov 20 22:24:03 flappy1 apparmor[466]: Skipping profile in /etc/apparmor.d/disable: usr.sbin.rsyslogd
Nov 20 22:24:03 flappy1 audit[591]: AVC apparmor="STATUS" operation="profile_load" profile="unconfined" name="/usr/lib/telepathy/mission-control-5" pid=591 comm="apparmor_parser"
Nov 20 22:24:03 flappy1 audit[591]: AVC apparmor="STATUS" operation="profile_load" profile="unconfined" name="/usr/lib/telepathy/telepathy-*" pid=591 comm="apparmor_parser"
Nov 20 22:24:03 flappy1 audit[591]: AVC apparmor="STATUS" operation="profile_load" profile="unconfined" name="/usr/lib/telepathy/telepathy-*//pxgsettings" pid=591 comm="apparmor_parser"
Nov 20 22:24:03 flappy1 audit[591]: AVC apparmor="STATUS" operation="profile_load" profile="unconfined" name="/usr/lib/telepathy/telepathy-*//sanitized_helper" pid=591 comm="apparmor_parser"
Nov 20 22:24:03 flappy1 audit[591]: AVC apparmor="STATUS" operation="profile_load" profile="unconfined" name="/usr/lib/telepathy/telepathy-ofono" pid=591 comm="apparmor_parser"
Nov 20 22:24:03 flappy1 audit[595]: AVC apparmor="STATUS" operation="profile_load" profile="unconfined" name="/usr/sbin/ippusbxd" pid=595 comm="apparmor_parser"
Nov 20 22:24:03 flappy1 audit[594]: AVC apparmor="STATUS" operation="profile_load" profile="unconfined" name="/usr/lib/cups/backend/cups-pdf" pid=594 comm="apparmor_parser"
Nov 20 22:24:03 flappy1 audit[594]: AVC apparmor="STATUS" operation="profile_load" profile="unconfined" name="/usr/sbin/cupsd" pid=594 comm="apparmor_parser"
Nov 20 22:24:03 flappy1 audit[594]: AVC apparmor="STATUS" operation="profile_load" profile="unconfined" name="/usr/sbin/cupsd//third_party" pid=594 comm="apparmor_parser"
Nov 20 22:24:03 flappy1 audit[597]: AVC apparmor="STATUS" operation="profile_load" profile="unconfined" name="/usr/sbin/tcpdump" pid=597 comm="apparmor_parser"
Nov 20 22:24:03 flappy1 systemd-udevd[308]: link_config: autonegotiation is unset or enabled, the speed and duplex are not writable.
Nov 20 22:24:03 flappy1 systemd[1]: Started Network Time Synchronization.
Nov 20 22:24:03 flappy1 systemd[1]: Reached target System Time Synchronized.
Nov 20 22:24:03 flappy1 systemd[1]: Reached target Sound Card.
Nov 20 22:24:03 flappy1 systemd[1]: Started Load/Save RF Kill Switch Status.
Nov 20 22:24:03 flappy1 audit[610]: AVC apparmor="STATUS" operation="profile_replace" info="same as current profile, skipping" profile="unconfined" name="content-hub-clipboard" pid=610 comm="apparmor_parser"
Nov 20 22:24:03 flappy1 audit[615]: AVC apparmor="STATUS" operation="profile_replace" info="same as current profile, skipping" profile="unconfined" name="content-hub-peer-picker" pid=615 comm="apparmor_parser"
Nov 20 22:24:03 flappy1 kernel: iwlwifi 0000:02:00.0 wlo1: renamed from wlan0
Nov 20 22:24:03 flappy1 audit[617]: AVC apparmor="STATUS" operation="profile_replace" info="same as current profile, skipping" profile="unconfined" name="/usr/lib/lightdm/lightdm-guest-session" pid=617 comm="apparmor_parser"
Nov 20 22:24:03 flappy1 audit[617]: AVC apparmor="STATUS" operation="profile_replace" info="same as current profile, skipping" profile="unconfined" name="/usr/lib/lightdm/lightdm-guest-session//chromium" pid=617 comm="apparmor_parser"
Nov 20 22:24:03 flappy1 audit[619]: AVC apparmor="STATUS" operation="profile_replace" info="same as current profile, skipping" profile="unconfined" name="/sbin/dhclient" pid=619 comm="apparmor_parser"
Nov 20 22:24:03 flappy1 audit[619]: AVC apparmor="STATUS" operation="profile_replace" info="same as current profile, skipping" profile="unconfined" name="/usr/lib/NetworkManager/nm-dhcp-client.action" pid=619 comm="apparmor_parser"
Nov 20 22:24:03 flappy1 audit[619]: AVC apparmor="STATUS" operation="profile_replace" info="same as current profile, skipping" profile="unconfined" name="/usr/lib/NetworkManager/nm-dhcp-helper" pid=619 comm="apparmor_parser"
Nov 20 22:24:03 flappy1 audit[619]: AVC apparmor="STATUS" operation="profile_replace" info="same as current profile, skipping" profile="unconfined" name="/usr/lib/connman/scripts/dhclient-script" pid=619 comm="apparmor_parser"
Nov 20 22:24:03 flappy1 audit[633]: AVC apparmor="STATUS" operation="profile_replace" info="same as current profile, skipping" profile="unconfined" name="url-dispatcher-bad-url-helper" pid=633 comm="apparmor_parser"
Nov 20 22:24:03 flappy1 apparmor[466]: Skipping profile in /etc/apparmor.d/disable: usr.bin.firefox
Nov 20 22:24:03 flappy1 audit[640]: AVC apparmor="STATUS" operation="profile_replace" info="same as current profile, skipping" profile="unconfined" name="/usr/bin/mediascanner-service-2.0" pid=640 comm="apparmor_parser"
Nov 20 22:24:03 flappy1 audit[642]: AVC apparmor="STATUS" operation="profile_replace" info="same as current profile, skipping" profile="unconfined" name="ubuntu-printing-app" pid=642 comm="apparmor_parser"
Nov 20 22:24:03 flappy1 audit[648]: AVC apparmor="STATUS" operation="profile_replace" info="same as current profile, skipping" profile="unconfined" name="unity8-dash" pid=648 comm="apparmor_parser"
Nov 20 22:24:03 flappy1 apparmor[466]: AppArmor parser error for /etc/apparmor.d/usr.bin.webbrowser-app in /etc/apparmor.d/usr.bin.webbrowser-app at line 26: Could not open '/usr/share/apparmor/hardware/graphics.d'
Nov 20 22:24:03 flappy1 audit[655]: AVC apparmor="STATUS" operation="profile_replace" info="same as current profile, skipping" profile="unconfined" name="libreoffice-senddoc" pid=655 comm="apparmor_parser"
Nov 20 22:24:03 flappy1 audit[651]: AVC apparmor="STATUS" operation="profile_replace" info="same as current profile, skipping" profile="unconfined" name="libreoffice-oopslash" pid=651 comm="apparmor_parser"
Nov 20 22:24:03 flappy1 audit[634]: AVC apparmor="STATUS" operation="profile_replace" info="same as current profile, skipping" profile="unconfined" name="/usr/bin/evince" pid=634 comm="apparmor_parser"
Nov 20 22:24:03 flappy1 audit[634]: AVC apparmor="STATUS" operation="profile_replace" info="same as current profile, skipping" profile="unconfined" name="/usr/bin/evince//sanitized_helper" pid=634 comm="apparmor_parser"
Nov 20 22:24:03 flappy1 audit[634]: AVC apparmor="STATUS" operation="profile_replace" info="same as current profile, skipping" profile="unconfined" name="/usr/bin/evince-previewer" pid=634 comm="apparmor_parser"
Nov 20 22:24:03 flappy1 audit[634]: AVC apparmor="STATUS" operation="profile_replace" info="same as current profile, skipping" profile="unconfined" name="/usr/bin/evince-previewer//sanitized_helper" pid=634 comm="apparmor_parser"
Nov 20 22:24:03 flappy1 audit[634]: AVC apparmor="STATUS" operation="profile_replace" info="same as current profile, skipping" profile="unconfined" name="/usr/bin/evince-thumbnailer" pid=634 comm="apparmor_parser"
Nov 20 22:24:03 flappy1 audit[634]: AVC apparmor="STATUS" operation="profile_replace" info="same as current profile, skipping" profile="unconfined" name="/usr/bin/evince-thumbnailer//sanitized_helper" pid=634 comm="apparmor_parser"
Nov 20 22:24:03 flappy1 audit[654]: AVC apparmor="STATUS" operation="profile_replace" info="same as current profile, skipping" profile="unconfined" name="libreoffice-soffice" pid=654 comm="apparmor_parser"
Nov 20 22:24:03 flappy1 audit[659]: AVC apparmor="STATUS" operation="profile_replace" info="same as current profile, skipping" profile="unconfined" name="libreoffice-xpdfimport" pid=659 comm="apparmor_parser"
Nov 20 22:24:03 flappy1 apparmor[466]: AppArmor parser error for /etc/apparmor.d/usr.lib.mediascanner-2.0.mediascanner-extractor in /etc/apparmor.d/usr.lib.mediascanner-2.0.mediascanner-extractor at line 14: Could not open '/usr/share/apparmor/hardware/audio.d'
Nov 20 22:24:03 flappy1 audit[663]: AVC apparmor="STATUS" operation="profile_replace" info="same as current profile, skipping" profile="unconfined" name="/usr/lib/snapd/snap-confine" pid=663 comm="apparmor_parser"
Nov 20 22:24:03 flappy1 audit[663]: AVC apparmor="STATUS" operation="profile_replace" info="same as current profile, skipping" profile="unconfined" name="/usr/lib/snapd/snap-confine//mount-namespace-capture-helper" pid=663 comm="apparmor_parser"
Nov 20 22:24:03 flappy1 audit[666]: AVC apparmor="STATUS" operation="profile_replace" info="same as current profile, skipping" profile="unconfined" name="/usr/lib/telepathy/mission-control-5" pid=666 comm="apparmor_parser"
Nov 20 22:24:03 flappy1 audit[666]: AVC apparmor="STATUS" operation="profile_replace" info="same as current profile, skipping" profile="unconfined" name="/usr/lib/telepathy/telepathy-*" pid=666 comm="apparmor_parser"
Nov 20 22:24:03 flappy1 audit[666]: AVC apparmor="STATUS" operation="profile_replace" info="same as current profile, skipping" profile="unconfined" name="/usr/lib/telepathy/telepathy-*//pxgsettings" pid=666 comm="apparmor_parser"
Nov 20 22:24:03 flappy1 audit[666]: AVC apparmor="STATUS" operation="profile_replace" info="same as current profile, skipping" profile="unconfined" name="/usr/lib/telepathy/telepathy-*//sanitized_helper" pid=666 comm="apparmor_parser"
Nov 20 22:24:03 flappy1 audit[666]: AVC apparmor="STATUS" operation="profile_replace" info="same as current profile, skipping" profile="unconfined" name="/usr/lib/telepathy/telepathy-ofono" pid=666 comm="apparmor_parser"
Nov 20 22:24:03 flappy1 audit[667]: AVC apparmor="STATUS" operation="profile_replace" info="same as current profile, skipping" profile="unconfined" name="udm-extractor" pid=667 comm="apparmor_parser"
Nov 20 22:24:03 flappy1 audit[669]: AVC apparmor="STATUS" operation="profile_replace" info="same as current profile, skipping" profile="unconfined" name="/usr/sbin/cups-browsed" pid=669 comm="apparmor_parser"
Nov 20 22:24:03 flappy1 audit[670]: AVC apparmor="STATUS" operation="profile_replace" info="same as current profile, skipping" profile="unconfined" name="/usr/lib/cups/backend/cups-pdf" pid=670 comm="apparmor_parser"
Nov 20 22:24:03 flappy1 audit[670]: AVC apparmor="STATUS" operation="profile_replace" info="same as current profile, skipping" profile="unconfined" name="/usr/sbin/cupsd" pid=670 comm="apparmor_parser"
Nov 20 22:24:03 flappy1 audit[670]: AVC apparmor="STATUS" operation="profile_replace" info="same as current profile, skipping" profile="unconfined" name="/usr/sbin/cupsd//third_party" pid=670 comm="apparmor_parser"
Nov 20 22:24:03 flappy1 audit[674]: AVC apparmor="STATUS" operation="profile_replace" info="same as current profile, skipping" profile="unconfined" name="/usr/sbin/ippusbxd" pid=674 comm="apparmor_parser"
Nov 20 22:24:03 flappy1 apparmor[466]: Skipping profile in /etc/apparmor.d/disable: usr.sbin.rsyslogd
Nov 20 22:24:03 flappy1 audit[682]: AVC apparmor="STATUS" operation="profile_replace" info="same as current profile, skipping" profile="unconfined" name="/usr/sbin/tcpdump" pid=682 comm="apparmor_parser"
Nov 20 22:24:03 flappy1 apparmor[466]:    ...fail!
Nov 20 22:24:03 flappy1 systemd[1]: apparmor.service: Main process exited, code=exited, status=123/n/a
Nov 20 22:24:03 flappy1 systemd[1]: Failed to start AppArmor initialization.
Nov 20 22:24:03 flappy1 systemd[1]: apparmor.service: Unit entered failed state.
Nov 20 22:24:03 flappy1 systemd[1]: apparmor.service: Failed with result 'exit-code'.
Nov 20 22:24:03 flappy1 systemd[1]: Reached target System Initialization.
Nov 20 22:24:03 flappy1 systemd[1]: Started Message of the Day.
Nov 20 22:24:03 flappy1 systemd[1]: Listening on ACPID Listen Socket.
Nov 20 22:24:03 flappy1 systemd[1]: Started Daily apt download activities.
Nov 20 22:24:03 flappy1 systemd[1]: Started Daily apt upgrade and clean activities.
Nov 20 22:24:03 flappy1 systemd[1]: Started CUPS Scheduler.
Nov 20 22:24:03 flappy1 systemd[1]: Listening on CUPS Scheduler.
Nov 20 22:24:03 flappy1 systemd[1]: Listening on D-Bus System Message Bus Socket.
Nov 20 22:24:03 flappy1 systemd[1]: Listening on Avahi mDNS/DNS-SD Stack Activation Socket.
Nov 20 22:24:03 flappy1 systemd[1]: Listening on UUID daemon activation socket.
Nov 20 22:24:03 flappy1 systemd[1]: Started systemd-resolved-update-resolvconf.path.
Nov 20 22:24:03 flappy1 systemd[1]: Started Timer to automatically refresh installed snaps.
Nov 20 22:24:03 flappy1 systemd[1]: Started Trigger anacron every hour.
Nov 20 22:24:03 flappy1 systemd[1]: Started ACPI Events Check.
Nov 20 22:24:03 flappy1 systemd[1]: Reached target Paths.
Nov 20 22:24:03 flappy1 systemd[1]: Started Daily Cleanup of Temporary Directories.
Nov 20 22:24:03 flappy1 systemd[1]: Reached target Timers.
Nov 20 22:24:03 flappy1 systemd[1]: Starting Socket activation for snappy daemon.
Nov 20 22:24:03 flappy1 systemd[1]: Starting Raise network interfaces...
Nov 20 22:24:03 flappy1 systemd[1]: Listening on Socket activation for snappy daemon.
Nov 20 22:24:03 flappy1 systemd[1]: Reached target Sockets.
Nov 20 22:24:03 flappy1 systemd[1]: Reached target Basic System.
Nov 20 22:24:03 flappy1 systemd[1]: Started ACPI event daemon.
Nov 20 22:24:03 flappy1 systemd[1]: Starting Resets System Activity Data Collector...
Nov 20 22:24:03 flappy1 systemd[1]: Started D-Bus System Message Bus.
Nov 20 22:24:03 flappy1 dbus-daemon[708]: Unknown group "power" in message bus configuration file
Nov 20 22:24:03 flappy1 acpid[704]: starting up with netlink and the input layer
Nov 20 22:24:03 flappy1 acpid[704]: 8 rules loaded
Nov 20 22:24:03 flappy1 acpid[704]: waiting for events: event logging is off
Nov 20 22:24:03 flappy1 systemd[1]: Starting Network Manager...
Nov 20 22:24:03 flappy1 systemd[1]: Starting Disk Manager...
Nov 20 22:24:03 flappy1 systemd[1]: Starting Avahi mDNS/DNS-SD Stack...
Nov 20 22:24:03 flappy1 systemd[1]: Starting Login Service...
Nov 20 22:24:03 flappy1 systemd[1]: Started Set the CPU Frequency Scaling governor.
Nov 20 22:24:03 flappy1 systemd[1]: Starting Bluetooth service...
Nov 20 22:24:03 flappy1 systemd[1]: Reached target Login Prompts.
Nov 20 22:24:03 flappy1 systemd[1]: Starting Save/Restore Sound Card State...
Nov 20 22:24:03 flappy1 systemd[1]: Started irqbalance daemon.
Nov 20 22:24:03 flappy1 systemd[1]: Starting LSB: Speech Dispatcher...
Nov 20 22:24:03 flappy1 systemd[1]: Starting Thermal Daemon Service...
Nov 20 22:24:03 flappy1 systemd[1]: Starting LSB: automatic crash report generation...
Nov 20 22:24:03 flappy1 avahi-daemon[718]: Found user 'avahi' (UID 118) and group 'avahi' (GID 125).
Nov 20 22:24:03 flappy1 avahi-daemon[718]: Successfully dropped root privileges.
Nov 20 22:24:03 flappy1 avahi-daemon[718]: avahi-daemon 0.6.32 starting up.
Nov 20 22:24:03 flappy1 systemd[1]: Starting LSB: Create lightweight, portable, self-sufficient containers....
Nov 20 22:24:03 flappy1 avahi-daemon[718]: Successfully called chroot().
Nov 20 22:24:03 flappy1 avahi-daemon[718]: Successfully dropped remaining capabilities.
Nov 20 22:24:03 flappy1 avahi-daemon[718]: No service file found in /etc/avahi/services.
Nov 20 22:24:03 flappy1 avahi-daemon[718]: Network interface enumeration completed.
Nov 20 22:24:03 flappy1 avahi-daemon[718]: Server startup complete. Host name is flappy1.local. Local service cookie is 220355642.
Nov 20 22:24:03 flappy1 bluetoothd[721]: Bluetooth daemon 5.46
Nov 20 22:24:03 flappy1 systemd[1]: Starting Snappy daemon...
Nov 20 22:24:03 flappy1 udisksd[717]: udisks daemon version 2.6.5 starting
Nov 20 22:24:03 flappy1 systemd[1]: Starting Detect the available GPUs and deal with any system changes...
Nov 20 22:24:03 flappy1 systemd[1]: Started An object/document-oriented database.
Nov 20 22:24:03 flappy1 systemd[1]: Started Regular background program processing daemon.
Nov 20 22:24:03 flappy1 systemd[1]: Starting System Logging Service...
Nov 20 22:24:03 flappy1 gpu-manager[738]: /etc/modprobe.d is not a file
Nov 20 22:24:03 flappy1 systemd[1]: Starting Modem Manager...
Nov 20 22:24:03 flappy1 bluetoothd[721]: Starting SDP server
Nov 20 22:24:03 flappy1 cron[740]: (CRON) INFO (pidfile fd = 3)
Nov 20 22:24:03 flappy1 systemd[1]: Started CUPS Scheduler.
Nov 20 22:24:03 flappy1 systemd[1]: Starting PostgreSQL Cluster 9.6-main...
Nov 20 22:24:03 flappy1 gpu-manager[738]: /etc/modprobe.d is not a file
Nov 20 22:24:03 flappy1 dbus[708]: [system] Activating via systemd: service name='org.freedesktop.PolicyKit1' unit='polkit.service'
Nov 20 22:24:03 flappy1 cron[740]: (CRON) INFO (Running @reboot jobs)
Nov 20 22:24:03 flappy1 systemd[1]: Starting Restore /etc/resolv.conf if the system crashed before the ppp link was shut down...
Nov 20 22:24:03 flappy1 gpu-manager[738]: /etc/modprobe.d is not a file
Nov 20 22:24:03 flappy1 systemd[1]: Starting Accounts Service...
Nov 20 22:24:03 flappy1 systemd[1]: Starting LSB: Record successful boot for GRUB...
Nov 20 22:24:03 flappy1 kernel: Bluetooth: BNEP (Ethernet Emulation) ver 1.3
Nov 20 22:24:03 flappy1 kernel: Bluetooth: BNEP filters: protocol multicast
Nov 20 22:24:03 flappy1 kernel: Bluetooth: BNEP socket layer initialized
Nov 20 22:24:03 flappy1 systemd[1]: Started Resets System Activity Data Collector.
Nov 20 22:24:03 flappy1 bluetoothd[721]: Bluetooth management interface 1.14 initialized
Nov 20 22:24:03 flappy1 dbus[708]: [system] Activating via systemd: service name='org.freedesktop.hostname1' unit='dbus-org.freedesktop.hostname1.service'
Nov 20 22:24:03 flappy1 gpu-manager[738]: /etc/modprobe.d is not a file
Nov 20 22:24:03 flappy1 systemd[1]: Started Restore /etc/resolv.conf if the system crashed before the ppp link was shut down.
Nov 20 22:24:03 flappy1 systemd[1]: Started System Logging Service.
Nov 20 22:24:03 flappy1 ModemManager[743]: <info>  ModemManager (version 1.6.8) starting in system bus...
Nov 20 22:24:03 flappy1 gpu-manager[738]: /etc/modprobe.d is not a file
Nov 20 22:24:03 flappy1 thermald[725]: 22 CPUID levels; family:model:stepping 0x6:8e:9 (6:142:9)
Nov 20 22:24:03 flappy1 thermald[725]: Polling mode is enabled: 4
Nov 20 22:24:03 flappy1 thermald[725]: Using generated /var/run/thermald/thermal-conf.xml.auto
Nov 20 22:24:03 flappy1 docker[728]:  * /usr/bin/dockerd not present or not executable
Nov 20 22:24:03 flappy1 systemd[1]: docker.service: Control process exited, code=exited status=1
Nov 20 22:24:03 flappy1 systemd[1]: Failed to start LSB: Create lightweight, portable, self-sufficient containers..
Nov 20 22:24:03 flappy1 speech-dispatcher[724]:  * speech-dispatcher disabled; edit /etc/default/speech-dispatcher
Nov 20 22:24:03 flappy1 apport[726]:  * Starting automatic crash report generation: apport
Nov 20 22:24:03 flappy1 systemd[1]: docker.service: Unit entered failed state.
Nov 20 22:24:03 flappy1 systemd[1]: docker.service: Failed with result 'exit-code'.
Nov 20 22:24:03 flappy1 systemd[1]: Started LSB: Speech Dispatcher.
Nov 20 22:24:03 flappy1 gpu-manager[738]: Error: can't open /lib/modules/4.13.14-041314-generic/updates/dkms
Nov 20 22:24:03 flappy1 thermald[725]: sysfs read failed constraint_0_max_power_uw
Nov 20 22:24:03 flappy1 systemd[1]: Started Save/Restore Sound Card State.
Nov 20 22:24:03 flappy1 apport[726]:    ...done.
Nov 20 22:24:03 flappy1 thermald[725]: sysfs read failed /sys/class/thermal/thermal_zone4/trip_point_0_hyst
Nov 20 22:24:03 flappy1 thermald[725]: sysfs read failed /sys/class/thermal/thermal_zone4/trip_point_1_hyst
Nov 20 22:24:03 flappy1 thermald[725]: sysfs read failed /sys/class/thermal/thermal_zone4/trip_point_2_hyst
Nov 20 22:24:03 flappy1 thermald[725]: sysfs read failed /sys/class/thermal/thermal_zone4/trip_point_3_hyst
