[    0.019220] ACPI: FPDT 0x000000003A792000 000044 (v01 SECCSD A M I    01072009 AMI  01000013)
[    0.019222] ACPI: SSDT 0x000000003A791000 000552 (v02 INTEL  xh_adlLP 00000000 INTL 20200717)
[    0.019225] ACPI: SSDT 0x000000003A78D000 003AEB (v02 SocGpe SocGpe   00003000 INTL 20200717)
[    0.019228] ACPI: SSDT 0x000000003A789000 0039DA (v02 SocCmn SocCmn   00003000 INTL 20200717)
[    0.019231] ACPI: TPM2 0x000000003A788000 00004C (v04 SECCSD LH43STAR 00000001 AMI  00000000)
[    0.019234] ACPI: PHAT 0x000000003A787000 0005CD (v01 SECCSD LH43STAR 00000005 MSFT 0100000D)
[    0.019237] ACPI: WSMT 0x000000003A799000 000028 (v01 SECCSD LH43STAR 01072009 AMI  00010013)
[    0.019239] ACPI: BGRT 0x000000003A786000 000038 (v01 SECCSD LH43STAR 01072009 AMI  00010013)
[    0.019242] ACPI: Reserving FACP table memory at [mem 0x3a859000-0x3a859113]
[    0.019243] ACPI: Reserving DSDT table memory at [mem 0x3a7c4000-0x3a858ada]
[    0.019244] ACPI: Reserving FACS table memory at [mem 0x3a966000-0x3a96603f]
--
[    0.051676] Built 1 zonelists, mobility grouping on.  Total pages: 4015445
[    0.051677] Policy zone: Normal
[    0.051679] Kernel command line: BOOT_IMAGE=/vmlinuz-linux-zen USERNAME=UUID=e4b8dde2-e097-488a-a77f-2c2d0a1856be rw i915.enable_psr=0 loglevel=3 quiet
[    0.051744] Unknown kernel command line parameters "BOOT_IMAGE=/vmlinuz-linux-zen", will be passed to user space.
[    0.051769] random: crng init done
[    0.053102] Dentry cache hash table entries: 2097152 (order: 12, 16777216 bytes, linear)
[    0.053761] Inode-cache hash table entries: 1048576 (order: 11, 8388608 bytes, linear)
[    0.054110] mem auto-init: stack:all(zero), heap alloc:on, heap free:off
[    0.054121] software IO TLB: area num 16.
[    0.091782] Memory: 15773284K/16317380K available (18432K kernel code, 2126K rwdata, 12504K rodata, 3516K init, 3656K bss, 543836K reserved, 0K cma-reserved)
[    0.091912] SLUB: HWalign=64, Order=0-3, MinObjects=0, CPUs=16, Nodes=1
--
[    4.018176] systemd[1]: Started RPC Bind.
[    4.018188] i2c_dev: i2c /dev entries driver
[    4.018294] systemd[1]: modprobe@configfs.service: Deactivated successfully.
[    4.020297] Asymmetric key parser 'pkcs8' registered
[    4.045779] systemd[1]: Finished Load Kernel Module configfs.
[    4.045879] systemd[1]: Started Journal Service.
[    4.162540] systemd-journald[298]: Received client request to flush runtime journal.
[    4.166595] systemd-journald[298]: /var/log/journal/MACHINEID/system.journal: Monotonic clock jumped backwards relative to last journal entry, rotating.
[    4.166599] systemd-journald[298]: Rotating system journal.
[    4.315705] acpi-tad ACPI000E:01: Missing _PRW
[    4.363195] Adding 58582012k swap on /dev/nvme0n1p5.  Priority:-2 extents:1 across:58582012k SSFS
--
[    4.564744] iwlwifi 0000:00:14.3: loaded firmware version 74.fe17486e.0 so-a0-gf-a0-74.ucode op_mode iwlmvm
[    4.635546] typec port0: bound usb3-port1 (ops connector_ops)
[    4.635557] typec port0: bound usb2-port3 (ops connector_ops)
[    4.644241] input: IMG4100:00 4D49:4150 Mouse as /devices/pci0000:00/0000:00:15.0/i2c_designware.1/i2c-16/i2c-IMG4100:00/0018:4D49:4150.0001/input/input8
[    4.644334] input: IMG4100:00 4D49:4150 Touchpad as /devices/pci0000:00/0000:00:15.0/i2c_designware.1/i2c-16/i2c-IMG4100:00/0018:4D49:4150.0001/input/input9
[    4.647499] hid-generic 0018:4D49:4150.0001: input,hidraw0: I2C HID v1.00 Mouse [IMG4100:00 4D49:4150] on i2c-IMG4100:00
[    4.668073] input: GXTP7936:00 27C6:0123 as /devices/pci0000:00/0000:00:15.1/i2c_designware.2/i2c-17/i2c-GXTP7936:00/0018:27C6:0123.0002/input/input11
[    4.678713] input: GXTP7936:00 27C6:0123 UNKNOWN as /devices/pci0000:00/0000:00:15.1/i2c_designware.2/i2c-17/i2c-GXTP7936:00/0018:27C6:0123.0002/input/input12
[    4.678740] input: GXTP7936:00 27C6:0123 UNKNOWN as /devices/pci0000:00/0000:00:15.1/i2c_designware.2/i2c-17/i2c-GXTP7936:00/0018:27C6:0123.0002/input/input13
[    4.678780] hid-multitouch 0018:27C6:0123.0002: input,hidraw0: I2C HID v1.00 Device [GXTP7936:00 27C6:0123] on i2c-GXTP7936:00
[    4.682578] input: WCOM016A:00 2D1F:0185 Stylus as /devices/pci0000:00/0000:00:15.3/i2c_designware.3/i2c-18/i2c-WCOM016A:00/0018:2D1F:0185.0003/input/input14
[    4.682718] hid-generic 0018:2D1F:0185.0003: input,hidraw1: I2C HID v1.00 Device [WCOM016A:00 2D1F:0185] on i2c-WCOM016A:00
[    4.687223] input: IMG4100:00 4D49:4150 Mouse as /devices/pci0000:00/0000:00:15.0/i2c_designware.1/i2c-16/i2c-IMG4100:00/0018:4D49:4150.0001/input/input17
[    4.696248] input: IMG4100:00 4D49:4150 Touchpad as /devices/pci0000:00/0000:00:15.0/i2c_designware.1/i2c-16/i2c-IMG4100:00/0018:4D49:4150.0001/input/input18
[    4.702174] hid-multitouch 0018:4D49:4150.0001: input,hidraw2: I2C HID v1.00 Mouse [IMG4100:00 4D49:4150] on i2c-IMG4100:00
[    4.720899] iTCO_wdt iTCO_wdt: Found a Intel PCH TCO device (Version=6, TCOBASE=0x0400)
[    4.721056] usbcore: registered new interface driver btusb
[    4.722778] Bluetooth: hci0: Device revision is 0
[    4.722782] Bluetooth: hci0: Secure boot is enabled
[    4.722784] Bluetooth: hci0: OTP lock is enabled
--
[    5.130203] skl_hda_dsp_generic skl_hda_dsp_generic: hda_dsp_hdmi_build_controls: no PCM in topology for HDMI converter 3
[    5.134799] Bluetooth: BNEP (Ethernet Emulation) ver 1.3
[    5.134801] Bluetooth: BNEP filters: protocol multicast
[    5.134804] Bluetooth: BNEP socket layer initialized
[    5.141481] ish-hid {33AECD58-B679-4E54-9BD9-A04D34F0C226}: [hid-ish]: enum_devices_done OK, num_hid_devices=2
[    5.148586] hid-generic 001F:8087:0AC2.0004: hidraw3: SENSOR HUB HID v2.00 Device [hid-ishtp 8087:0AC2] on 
[    5.149368] input: sof-hda-dsp Mic as /devices/pci0000:00/0000:00:1f.3/skl_hda_dsp_generic/sound/card0/input20
[    5.149390] input: sof-hda-dsp Headphone as /devices/pci0000:00/0000:00:1f.3/skl_hda_dsp_generic/sound/card0/input21
[    5.149405] input: sof-hda-dsp HDMI/DP,pcm=3 as /devices/pci0000:00/0000:00:1f.3/skl_hda_dsp_generic/sound/card0/input22
[    5.149420] input: sof-hda-dsp HDMI/DP,pcm=4 as /devices/pci0000:00/0000:00:1f.3/skl_hda_dsp_generic/sound/card0/input23
[    5.149440] input: sof-hda-dsp HDMI/DP,pcm=5 as /devices/pci0000:00/0000:00:1f.3/skl_hda_dsp_generic/sound/card0/input24
[    5.153583] hid-generic 001F:8087:0AC2.0005: hidraw4: SENSOR HUB HID v2.00 Device [hid-ishtp 8087:0AC2] on 
[    5.217252] iwlwifi 0000:00:14.3: WRT: Invalid buffer destination
[    5.243823] input: AT Translated Set 2 keyboard as /devices/virtual/input/input25
[    5.376855] iwlwifi 0000:00:14.3: WFPM_UMAC_PD_NOTIFICATION: 0x1f
[    5.376916] iwlwifi 0000:00:14.3: WFPM_LMAC2_PD_NOTIFICATION: 0x1f
[    5.376977] iwlwifi 0000:00:14.3: WFPM_AUTH_KEY_0: 0x90
--
[    6.206964] wlan0: send auth to ac:44:f2:e9:fc:e8 (try 1/3)
[    6.320805] Bluetooth: hci0: Waiting for firmware download to complete
[    6.320809] Bluetooth: hci0: Firmware loaded in 1525981 usecs
[    6.320968] Bluetooth: hci0: Waiting for device to boot
[    6.337019] Bluetooth: hci0: Device booted in 15813 usecs
[    6.337036] Bluetooth: hci0: Malformed MSFT vendor event: 0x02
[    6.339080] Bluetooth: hci0: Found Intel DDC parameters: intel/ibt-0040-0041.ddc
[    6.342018] Bluetooth: hci0: Applying Intel DDC parameters completed
[    6.344916] Bluetooth: hci0: Firmware timestamp 2023.6 buildtype 1 build 59564
[    6.407419] wlan0: authenticate with ac:44:f2:e9:fc:e8
[    6.407441] wlan0: send auth to ac:44:f2:e9:fc:e8 (try 1/3)
--
[  256.881759] usb 3-1.1.1.2: New USB device strings: Mfr=1, Product=2, SerialNumber=3
[  256.881764] usb 3-1.1.1.2: Product: ThinkPad Thunderbolt 3 Dock USB Audio
[  256.881768] usb 3-1.1.1.2: Manufacturer: Lenovo
[  256.881771] usb 3-1.1.1.2: SerialNumber: 000000000000
[  256.912749] mc: Linux media interface: v0.10
[  256.916016] hid-generic 0003:17EF:30C9.0006: hiddev96,hidraw3: USB HID v1.11 Device [Lenovo ThinkPad Thunderbolt 3 Dock USB Audio] on usb-0000:00:14.0-1.1.1.2/input3
[  256.916073] usbcore: registered new interface driver usbhid
[  256.916076] usbhid: USB HID core driver
[  256.969097] usbcore: registered new interface driver snd-usb-audio
[ 1192.298635] Bluetooth: RFCOMM TTY layer initialized
[ 1192.298643] Bluetooth: RFCOMM socket layer initialized
