[    0.000000] Linux version 6.11.6-300.fc41.x86_64 (mockbuild@703cd21ef705406b8b9ba3237138f80b) (gcc (GCC) 14.2.1 20240912 (Red Hat 14.2.1-3), GNU ld version 2.43.1-2.fc41) #1 SMP PREEMPT_DYNAMIC Fri Nov  1 16:16:00 UTC 2024
[    0.000000] Command line: BOOT_IMAGE=(hd1,gpt2)/vmlinuz-6.11.6-300.fc41.x86_64 USERNAME=UUID=c06084da-1f1b-4f97-b401-3d2d1f5ffa16 ro USERNAMEflags=subvol=USERNAME rhgb quiet
[    0.000000] BIOS-provided physical RAM map:
[    0.000000] BIOS-e820: [mem 0x0000000000000000-0x000000000004efff] usable
[    0.000000] BIOS-e820: [mem 0x000000000004f000-0x000000000004ffff] reserved
[    0.000000] BIOS-e820: [mem 0x0000000000050000-0x000000000009efff] usable
[    0.000000] BIOS-e820: [mem 0x000000000009f000-0x000000000009ffff] reserved
--
[    0.009658] ACPI: FACP 0x00000000D8FFCB18 00010C (v05 DELL   CBX3     01072009 AMI  00010013)
[    0.009662] ACPI: DSDT 0x00000000D8FEB1B8 01195C (v02 DELL   CBX3     00000014 INTL 20120711)
[    0.009666] ACPI: FACS 0x00000000DA7FE080 000040
[    0.009668] ACPI: APIC 0x00000000D8FFCC28 000072 (v03 DELL   CBX3     01072009 AMI  00010013)
[    0.009671] ACPI: FPDT 0x00000000D8FFCCA0 000044 (v01 DELL   CBX3     01072009 AMI  00010013)
[    0.009674] ACPI: SLIC 0x00000000D8FFCCE8 000176 (v03 DELL   CBX3     01072009 MSFT 00010013)
[    0.009677] ACPI: LPIT 0x00000000D8FFCE60 00005C (v01 DELL   CBX3     00000000 AMI. 00000005)
[    0.009679] ACPI: SSDT 0x00000000D8FFCEC0 000228 (v01 INTEL  sensrhub 00000000 INTL 20120711)
[    0.009683] ACPI: SSDT 0x00000000D8FFD0E8 000160 (v01 Intel  zpodd    00001000 INTL 20120711)
[    0.009686] ACPI: SSDT 0x00000000D8FFD248 00051F (v01 PmRef  Cpu0Ist  00003000 INTL 20120711)
[    0.009688] ACPI: SSDT 0x00000000D8FFD768 000AD8 (v01 PmRef  CpuPm    00003000 INTL 20120711)
[    0.009691] ACPI: HPET 0x00000000D8FFE240 000038 (v01 DELL   CBX3     01072009 AMI. 00000005)
[    0.009694] ACPI: SSDT 0x00000000D8FFE278 0003D2 (v01 SataRe SataTabl 00001000 INTL 20120711)
[    0.009697] ACPI: MCFG 0x00000000D8FFE650 00003C (v01 DELL   CBX3     01072009 MSFT 00000097)
[    0.009700] ACPI: ASF! 0x00000000D8FFE690 0000A5 (v32 INTEL   HCG     00000001 TFSM 000F4240)
[    0.009703] ACPI: BGRT 0x00000000D8FFE738 000038 (v00 \xf3\xee              01072009 AMI  00010013)
[    0.009706] ACPI: DMAR 0x00000000D8FFE770 0000B8 (v01 INTEL  HSW      00000001 INTL 00000001)
[    0.009708] ACPI: Reserving FACP table memory at [mem 0xd8ffcb18-0xd8ffcc23]
[    0.009710] ACPI: Reserving DSDT table memory at [mem 0xd8feb1b8-0xd8ffcb13]
--
[    0.031263] clocksource: refined-jiffies: mask: 0xffffffff max_cycles: 0xffffffff, max_idle_ns: 1910969940391419 ns
[    0.037308] setup_percpu: NR_CPUS:8192 nr_cpumask_bits:4 nr_cpu_ids:4 nr_node_ids:1
[    0.037597] percpu: Embedded 87 pages/cpu s233472 r8192 d114688 u524288
[    0.037605] pcpu-alloc: s233472 r8192 d114688 u524288 alloc=1*2097152
[    0.037607] pcpu-alloc: [0] 0 1 2 3 
[    0.037627] Kernel command line: BOOT_IMAGE=(hd1,gpt2)/vmlinuz-6.11.6-300.fc41.x86_64 USERNAME=UUID=c06084da-1f1b-4f97-b401-3d2d1f5ffa16 ro USERNAMEflags=subvol=USERNAME rhgb quiet
[    0.037701] Unknown kernel command line parameters "rhgb BOOT_IMAGE=(hd1,gpt2)/vmlinuz-6.11.6-300.fc41.x86_64", will be passed to user space.
[    0.037716] random: crng init done
[    0.039409] Dentry cache hash table entries: 2097152 (order: 12, 16777216 bytes, linear)
[    0.040289] Inode-cache hash table entries: 1048576 (order: 11, 8388608 bytes, linear)
[    0.040361] Fallback order for Node 0: 0 
--
[    1.825514] systemd[1]: Detected architecture x86-64.
[    1.825516] systemd[1]: Running in initrd.
[    1.825741] systemd[1]: No hostname configured, using default hostname.
[    1.825825] systemd[1]: Hostname set to <fedora>.
[    1.901304] systemd[1]: Queued start job for default target initrd.target.
[    1.925039] systemd[1]: Expecting device dev-disk-by\x2duuid-c06084da\x2d1f1b\x2d4f97\x2db401\x2d3d2d1f5ffa16.device - /dev/disk/by-uuid/c06084da-1f1b-4f97-b401-3d2d1f5ffa16...
[    1.925137] systemd[1]: Reached target initrd-usr-fs.target - Initrd /usr File System.
[    1.925172] systemd[1]: Reached target slices.target - Slice Units.
[    1.925192] systemd[1]: Reached target swap.target - Swaps.
[    1.925209] systemd[1]: Reached target timers.target - Timer Units.
[    1.925328] systemd[1]: Listening on systemd-journald-dev-log.socket - Journal Socket (/dev/log).
--
[    2.514804] mmc0: SDHCI controller on PCI [0000:0e:00.0] using ADMA
[    2.994013] i915 0000:00:02.0: [drm] Found HASWELL (device ID 0416) display version 7.00
[    3.007731] i915 0000:00:02.0: vgaarb: deactivate vga console
[    3.008607] i915 0000:00:02.0: vgaarb: VGA decodes changed: olddecodes=io+mem,decodes=io+mem:owns=io+mem
[    3.010943] BTRFS: device label fedora devid 1 transid 96 /dev/sda3 (8:3) scanned by mount (483)
[    3.011309] BTRFS info (device sda3): first mount of filesystem c06084da-1f1b-4f97-b401-3d2d1f5ffa16
[    3.011325] BTRFS info (device sda3): using crc32c (crc32c-intel) checksum algorithm
[    3.011331] BTRFS info (device sda3): using free-space-tree
[    3.035147] [drm] Initialized i915 1.6.0 for 0000:00:02.0 on minor 1
[    3.036679] ACPI: video: Video Device [GFX0] (multi-head: yes  rom: no  post: no)
[    3.037011] input: Video Bus as /devices/LNXSYSTM:00/LNXSYBUS:00/PNP0A08:00/LNXVIDEO:00/input/input8
--
[    5.294948] systemd[1]: systemd-ask-password-console.path - Dispatch Password Requests to Console Directory Watch was skipped because of an unmet condition check (ConditionPathExists=!/run/plymouth/pid).
[    5.295147] systemd[1]: Started systemd-ask-password-wall.path - Forward Password Requests to Wall Directory Watch.
[    5.295908] systemd[1]: Set up automount proc-sys-fs-binfmt_misc.automount - Arbitrary Executable File Formats File System Automount Point.
[    5.295966] systemd[1]: Expecting device dev-disk-by\x2duuid-95aa79dd\x2d7e28\x2d424e\x2db0b2\x2dc149060645ce.device - /dev/disk/by-uuid/95aa79dd-7e28-424e-b0b2-c149060645ce...
[    5.296009] systemd[1]: Expecting device dev-disk-by\x2duuid-AC11\x2dE49F.device - /dev/disk/by-uuid/AC11-E49F...
[    5.296038] systemd[1]: Expecting device dev-disk-by\x2duuid-c06084da\x2d1f1b\x2d4f97\x2db401\x2d3d2d1f5ffa16.device - /dev/disk/by-uuid/c06084da-1f1b-4f97-b401-3d2d1f5ffa16...
[    5.296073] systemd[1]: Expecting device dev-zram0.device - /dev/zram0...
[    5.296122] systemd[1]: Reached target cryptsetup.target - Local Encrypted Volumes.
[    5.296156] systemd[1]: Reached target getty.target - Login Prompts.
[    5.296192] systemd[1]: Stopped target initrd-switch-USERNAME.target - Switch Root.
[    5.296225] systemd[1]: Stopped target initrd-fs.target - Initrd File Systems.
--
[    5.342062] systemd[1]: Starting modprobe@loop.service - Load Kernel Module loop...
[    5.342155] systemd[1]: plymouth-switch-USERNAME.service: Deactivated successfully.
[    5.342253] systemd[1]: Stopped plymouth-switch-USERNAME.service - Plymouth switch USERNAME service.
[    5.342521] systemd[1]: systemd-fsck-USERNAME.service: Deactivated successfully.
[    5.342600] systemd[1]: Stopped systemd-fsck-USERNAME.service - File System Check on Root Device.
[    5.342797] systemd[1]: systemd-hibernate-clear.service - Clear Stale Hibernate Storage Info was skipped because of an unmet condition check (ConditionPathExists=/sys/firmware/efi/efivars/HibernateLocation-8cf2644b-4b0b-428f-9387-6d876050dc67).
[    5.345729] systemd[1]: Starting systemd-journald.service - Journal Service...
[    5.347818] systemd[1]: Starting systemd-modules-load.service - Load Kernel Modules...
[    5.351435] systemd[1]: Starting systemd-network-generator.service - Generate network units from Kernel command line...
[    5.351503] systemd[1]: systemd-pcrmachine.service - TPM PCR Machine ID Measurement was skipped because of an unmet condition check (ConditionSecurity=measured-uki).
[    5.352115] loop: module loaded
--
[   30.104264] rfkill: input handler disabled
[  393.194677] warning: `ThreadPoolForeg' uses wireless extensions which will stop working for Wi-Fi 7 hardware; use nl80211
[  761.923133] dell_wmi: Unknown key with type 0x0012 and code 0x0000 pressed
[ 1332.163145] evm: overlay not supported
[ 1797.609174] usb 1-2: new full-speed USB device number 2 using xhci_hcd
[ 1797.737721] usb 1-2: New USB device found, idVendor=256c, idProduct=0064, bcdDevice= 1.12
[ 1797.737738] usb 1-2: New USB device strings: Mfr=1, Product=2, SerialNumber=3
[ 1797.737745] usb 1-2: Product: Huion Tablet_H1161
[ 1797.737750] usb 1-2: Manufacturer: HUION
[ 1797.742177] hid-generic 0003:256C:0064.0001: hiddev96,hidraw0: USB HID v1.10 Device [HUION Huion Tablet_H1161] on usb-0000:00:14.0-2/input0
[ 1797.796545] input: HUION Huion Tablet_H1161 Pen as /devices/pci0000:00/0000:00:14.0/usb1/1-2/1-2:1.1/0003:256C:0064.0002/input/input18
[ 1797.797152] hid-generic 0003:256C:0064.0002: input,hiddev97,hidraw1: USB HID v1.10 Device [HUION Huion Tablet_H1161] on usb-0000:00:14.0-2/input1
[ 1797.828977] input: HUION Huion Tablet_H1161 as /devices/pci0000:00/0000:00:14.0/usb1/1-2/1-2:1.2/0003:256C:0064.0003/input/input19
[ 1797.880650] hid-generic 0003:256C:0064.0003: input,hidraw2: USB HID v1.10 Keyboard [HUION Huion Tablet_H1161] on usb-0000:00:14.0-2/input2
[ 1823.940406] capability: warning: `gvfsd-admin' uses 32-bit capabilities (legacy support in use)
[ 1836.645930] usb 1-2: USB disconnect, device number 2
[ 1837.999292] usb 1-2: new full-speed USB device number 3 using xhci_hcd
[ 1838.127347] usb 1-2: New USB device found, idVendor=256c, idProduct=0064, bcdDevice= 1.12
[ 1838.127369] usb 1-2: New USB device strings: Mfr=1, Product=2, SerialNumber=3
[ 1838.127380] usb 1-2: Product: Huion Tablet_H1161
[ 1838.127388] usb 1-2: Manufacturer: HUION
[ 1838.131721] hid-generic 0003:256C:0064.0004: hiddev96,hidraw0: USB HID v1.10 Device [HUION Huion Tablet_H1161] on usb-0000:00:14.0-2/input0
[ 1838.186948] input: HUION Huion Tablet_H1161 Pen as /devices/pci0000:00/0000:00:14.0/usb1/1-2/1-2:1.1/0003:256C:0064.0005/input/input20
[ 1838.187714] hid-generic 0003:256C:0064.0005: input,hiddev97,hidraw1: USB HID v1.10 Device [HUION Huion Tablet_H1161] on usb-0000:00:14.0-2/input1
[ 1838.219530] input: HUION Huion Tablet_H1161 as /devices/pci0000:00/0000:00:14.0/usb1/1-2/1-2:1.2/0003:256C:0064.0006/input/input21
[ 1838.271607] hid-generic 0003:256C:0064.0006: input,hidraw2: USB HID v1.10 Keyboard [HUION Huion Tablet_H1161] on usb-0000:00:14.0-2/input2
[ 1860.316100] usb 1-2: USB disconnect, device number 3
[ 1861.983277] usb 1-2: new full-speed USB device number 4 using xhci_hcd
[ 1862.111486] usb 1-2: New USB device found, idVendor=256c, idProduct=0064, bcdDevice= 1.12
[ 1862.111501] usb 1-2: New USB device strings: Mfr=1, Product=2, SerialNumber=3
[ 1862.111508] usb 1-2: Product: Huion Tablet_H1161
[ 1862.111512] usb 1-2: Manufacturer: HUION
[ 1862.115869] hid-generic 0003:256C:0064.0007: hiddev96,hidraw0: USB HID v1.10 Device [HUION Huion Tablet_H1161] on usb-0000:00:14.0-2/input0
[ 1862.170659] input: HUION Huion Tablet_H1161 Pen as /devices/pci0000:00/0000:00:14.0/usb1/1-2/1-2:1.1/0003:256C:0064.0008/input/input22
[ 1862.171619] hid-generic 0003:256C:0064.0008: input,hiddev97,hidraw1: USB HID v1.10 Device [HUION Huion Tablet_H1161] on usb-0000:00:14.0-2/input1
[ 1862.197870] input: HUION Huion Tablet_H1161 as /devices/pci0000:00/0000:00:14.0/usb1/1-2/1-2:1.2/0003:256C:0064.0009/input/input23
[ 1862.249955] hid-generic 0003:256C:0064.0009: input,hidraw2: USB HID v1.10 Keyboard [HUION Huion Tablet_H1161] on usb-0000:00:14.0-2/input2
[ 1897.150348] usb 1-2: USB disconnect, device number 4
[ 1899.471395] usb 1-2: new full-speed USB device number 5 using xhci_hcd
[ 1899.599444] usb 1-2: New USB device found, idVendor=256c, idProduct=0064, bcdDevice= 1.12
[ 1899.599460] usb 1-2: New USB device strings: Mfr=1, Product=2, SerialNumber=3
[ 1899.599467] usb 1-2: Product: Huion Tablet_H1161
[ 1899.599471] usb 1-2: Manufacturer: HUION
[ 1899.606218] hid-generic 0003:256C:0064.000A: hiddev96,hidraw0: USB HID v1.10 Device [HUION Huion Tablet_H1161] on usb-0000:00:14.0-2/input0
[ 1899.661743] input: HUION Huion Tablet_H1161 Pen as /devices/pci0000:00/0000:00:14.0/usb1/1-2/1-2:1.1/0003:256C:0064.000B/input/input24
[ 1899.662380] hid-generic 0003:256C:0064.000B: input,hiddev97,hidraw1: USB HID v1.10 Device [HUION Huion Tablet_H1161] on usb-0000:00:14.0-2/input1
[ 1899.694026] input: HUION Huion Tablet_H1161 as /devices/pci0000:00/0000:00:14.0/usb1/1-2/1-2:1.2/0003:256C:0064.000C/input/input25
[ 1899.745935] hid-generic 0003:256C:0064.000C: input,hidraw2: USB HID v1.10 Keyboard [HUION Huion Tablet_H1161] on usb-0000:00:14.0-2/input2
[ 2013.329853] usb 1-2: USB disconnect, device number 5
[ 2014.640648] usb 1-2: new full-speed USB device number 6 using xhci_hcd
[ 2014.768933] usb 1-2: New USB device found, idVendor=256c, idProduct=0064, bcdDevice= 1.12
[ 2014.768949] usb 1-2: New USB device strings: Mfr=1, Product=2, SerialNumber=3
[ 2014.768956] usb 1-2: Product: Huion Tablet_H1161
[ 2014.768960] usb 1-2: Manufacturer: HUION
[ 2014.772760] hid-generic 0003:256C:0064.000D: hiddev96,hidraw0: USB HID v1.10 Device [HUION Huion Tablet_H1161] on usb-0000:00:14.0-2/input0
[ 2014.828070] input: HUION Huion Tablet_H1161 Pen as /devices/pci0000:00/0000:00:14.0/usb1/1-2/1-2:1.1/0003:256C:0064.000E/input/input26
[ 2014.828553] hid-generic 0003:256C:0064.000E: input,hiddev97,hidraw1: USB HID v1.10 Device [HUION Huion Tablet_H1161] on usb-0000:00:14.0-2/input1
[ 2014.855015] input: HUION Huion Tablet_H1161 as /devices/pci0000:00/0000:00:14.0/usb1/1-2/1-2:1.2/0003:256C:0064.000F/input/input27
[ 2014.908091] hid-generic 0003:256C:0064.000F: input,hidraw2: USB HID v1.10 Keyboard [HUION Huion Tablet_H1161] on usb-0000:00:14.0-2/input2
[ 2189.946722] WARNING! power/level is deprecated; use power/control instead
