[    0.000000] BIOS-e820: [mem 0x00000000fee00000-0x00000000fee00fff] reserved
[    0.000000] BIOS-e820: [mem 0x00000000ff000000-0x00000000ffffffff] reserved
[    0.000000] BIOS-e820: [mem 0x0000000100000000-0x000000012fffffff] usable
[    0.000000] NX (Execute Disable) protection: active
[    0.000000] SMBIOS 2.4 present.
[    0.000000] DMI: FUJITSU LifeBook T4220/FJNB1D4, BIOS Version 1.18  02/23/2009
[    0.000000] tsc: Fast TSC calibration using PIT
[    0.000000] tsc: Detected 2394.138 MHz processor
[    0.003572] e820: update [mem 0x00000000-0x00000fff] usable ==> reserved
[    0.003574] e820: remove [mem 0x000a0000-0x000fffff] usable
[    0.003580] last_pfn = 0x130000 max_arch_pfn = 0x400000000
--
[    0.005846] e820: update [mem 0xcf700000-0xffffffff] usable ==> reserved
[    0.005852] last_pfn = 0xcf6b0 max_arch_pfn = 0x400000000
[    0.023977] check: Scanning 1 areas for low memory corruption
[    0.024445] RAMDISK: [mem 0x32083000-0x35038fff]
[    0.024455] ACPI: Early table checksum verification disabled
[    0.024461] ACPI: RSDP 0x00000000000F6840 000024 (v02 FUJ   )
[    0.024464] ACPI: XSDT 0x00000000CF6BFF9F 000074 (v01 FUJ    PC       01180000 FUJ  00000100)
[    0.024471] ACPI: FACP 0x00000000CF6C7B22 0000F4 (v03 FUJ    PC       01180000 FUJ  00000100)
[    0.024478] ACPI: DSDT 0x00000000CF6C0013 007B0F (v01 FUJ    FJNB1D4  01180000 FUJ  00000100)
[    0.024481] ACPI: FACS 0x00000000CF6CDFC0 000040
[    0.024484] ACPI: FACS 0x00000000CF6CDFC0 000040
[    0.024488] ACPI: HPET 0x00000000CF6C7C16 000038 (v01 FUJ    FJNB1D4  01180000 FUJ  00000100)
[    0.024491] ACPI: MCFG 0x00000000CF6C7C4E 00003C (v01 FUJ    FJNB1D4  01180000 FUJ  00000100)
[    0.024495] ACPI: SSDT 0x00000000CF6C7C8A 0004EF (v01 FUJ    FJNB1D4  01180000 FUJ  00000100)
[    0.024499] ACPI: SSDT 0x00000000CF6C8179 0006F2 (v01 FUJ    FJNB1D4  01180000 FUJ  00000100)
[    0.024502] ACPI: SSDT 0x00000000CF6C886B 0010D4 (v01 FUJ    FJNB1D4  01180000 FUJ  00000100)
[    0.024506] ACPI: SSDT 0x00000000CF6C993F 000447 (v01 FUJ    FJNB1D4  01180000 FUJ  00000100)
[    0.024510] ACPI: APIC 0x00000000CF6C9D86 000068 (v01 FUJ    FJNB1D4  01180000 FUJ  00000100)
[    0.024513] ACPI: BOOT 0x00000000CF6C9DEE 000028 (v01 FUJ    FJNB1D4  01180000 FUJ  00000100)
[    0.024517] ACPI: SLIC 0x00000000CF6C9E16 000176 (v01 FUJ    PC       01180000 FUJ  00000100)
[    0.024528] ACPI: Local APIC address 0xfee00000
[    0.024637] No NUMA configuration found
[    0.024638] Faking a node at [mem 0x0000000000000000-0x000000012fffffff]
[    0.024650] NODE_DATA(0) allocated [mem 0x12ffd1000-0x12fffbfff]
[    0.024971] Zone ranges:
--
[    0.312296] ACPI: Added _OSI(Linux-Dell-Video)
[    0.312296] ACPI: Added _OSI(Linux-Lenovo-NV-HDMI-Audio)
[    0.312296] ACPI: Added _OSI(Linux-HPI-Hybrid-Graphics)
[    0.322557] ACPI: 5 ACPI AML tables successfully acquired and loaded
[    0.323412] ACPI: Dynamic OEM Table Load:
[    0.323419] ACPI:      0xFFFF98516B3A5400 00035A (v01 FUJ    FJNB1D4  01180000 FUJ  00000100)
[    0.326979] ACPI: Dynamic OEM Table Load:
[    0.326984] ACPI: SSDT 0xFFFF98516B3A5000 0002BC (v01 FUJ    FJNB1D4  01180000 FUJ  00000100)
[    0.327874] ACPI: Dynamic OEM Table Load:
[    0.327880] ACPI: SSDT 0xFFFF98516B398000 000627 (v01 FUJ    FJNB1D4  01180000 FUJ  00000100)
[    0.329037] ACPI: Dynamic OEM Table Load:
[    0.329042] ACPI: SSDT 0xFFFF98516B32E9C0 0000B8 (v01 FUJ    FJNB1D4  01180000 FUJ  00000100)
[    0.329667] ACPI: Dynamic OEM Table Load:
[    0.329672] ACPI: SSDT 0xFFFF98516B3C7780 000047 (v01 FUJ    FJNB1D4  01180000 FUJ  00000100)
[    0.330567] ACPI: EC: EC started
[    0.330568] ACPI: EC: interrupt blocked
[    0.330604] ACPI: \_SB_.PCI0.LPCB.EC__: Used as first EC
[    0.330607] ACPI: \_SB_.PCI0.LPCB.EC__: GPE=0x17, IRQ=-1, EC_CMD/EC_SC=0x66, EC_DATA=0x62
[    0.330609] ACPI: \_SB_.PCI0.LPCB.EC__: Boot DSDT EC used to handle transactions
--
[    0.377393] system 00:01: [mem 0xfed20000-0xfed3ffff] has been reserved
[    0.377395] system 00:01: [mem 0xfed45000-0xfed8ffff] has been reserved
[    0.377397] system 00:01: [mem 0xfef00000-0xfeffffff] has been reserved
[    0.377403] system 00:01: Plug and Play ACPI device, IDs PNP0c02 (active)
[    0.377719] pnp 00:02: Plug and Play ACPI device, IDs IFX0102 PNP0c31 (active)
[    0.377796] pnp 00:03: Plug and Play ACPI device, IDs FUJ02e5 (active)
[    0.377880] pnp 00:04: Plug and Play ACPI device, IDs PNP0303 (active)
[    0.377945] pnp 00:05: Plug and Play ACPI device, IDs PNP0f13 (active)
[    0.377991] pnp 00:06: Plug and Play ACPI device, IDs PNP0b00 (active)
[    0.378564] pnp 00:07: [dma 3]
[    0.378613] pnp 00:07: Plug and Play ACPI device, IDs SMCf010 (active)
--
[    9.970857] Adding 2097148k swap on /swapfile.  Priority:-2 extents:6 across:2260988k FS
[   10.215598] lp: driver loaded but no devices found
[   10.285851] ppdev: user-space parallel port driver
[   10.356317] parport0: PC-style at 0x378 [PCSPP,TRISTATE,EPP]
[   10.451031] lp0: using parport0 (polling).
[   15.642374] fujitsu_laptop: ACPI: Fujitsu FUJ02E3 [FEXT]
[   15.642878] ACPI: \_SB_.FEXT: BTNI: [0xf0001]
[   15.642935] input: Fujitsu FUJ02E3 as /devices/LNXSYSTM:00/LNXSYBUS:00/FUJ02E3:00/input/input12
[   15.643356] fujitsu_laptop: driver 0.6.0 successfully loaded
[   15.916957] yenta_cardbus 0000:1c:03.0: CardBus bridge found [10cf:143d]
[   15.916984] yenta_cardbus 0000:1c:03.0: CardBus bridge to [bus 1d]
[   15.916986] yenta_cardbus 0000:1c:03.0:   bridge window [io  0x4000-0x40ff]
[   15.916991] yenta_cardbus 0000:1c:03.0:   bridge window [io  0x4400-0x44ff]
[   15.916995] yenta_cardbus 0000:1c:03.0:   bridge window [mem 0xd0800000-0xd0bfffff]
[   15.917000] yenta_cardbus 0000:1c:03.0:   bridge window [mem 0xf4000000-0xf7ffffff]
[   15.917008] yenta_cardbus 0000:1c:03.0: O2: enabling read prefetch/write burst. If you experience problems or performance issues, use the yenta_socket parameter 'o2_speedup=off'
[   15.960617] fujitsu_tablet: Fujitsu Lifebook T Series
[   15.960744] input: Fujitsu FUJ02BF as /devices/LNXSYSTM:00/LNXSYBUS:00/PNP0A08:00/device:1e/FUJ02BF:00/input/input13
[   16.055507] yenta_cardbus 0000:1c:03.0: ISA IRQ mask 0x0c98, PCI irq 17
[   16.055511] yenta_cardbus 0000:1c:03.0: Socket status: 30000006
[   16.055518] yenta_cardbus 0000:1c:03.0: pcmcia: parent PCI bridge window: [io  0x4000-0x4fff]
[   16.055520] yenta_cardbus 0000:1c:03.0: pcmcia: parent PCI bridge window: [mem 0xfc400000-0xfc4fffff]
[   16.055523] pcmcia_socket pcmcia_socket0: cs: memory probe 0xfc400000-0xfc4fffff:
--
[   16.191542] pci_bus 0000:1c: Raising subordinate bus# of parent bus (#1c) from #1d to #24
[   16.191550] yenta_cardbus 0000:1c:03.1: pcmcia: parent PCI bridge window: [io  0x4000-0x4fff]
[   16.191552] yenta_cardbus 0000:1c:03.1: pcmcia: parent PCI bridge window: [mem 0xfc400000-0xfc4fffff]
[   16.191554] pcmcia_socket pcmcia_socket1: cs: memory probe 0xfc400000-0xfc4fffff:
[   16.191558]  excluding 0xfc400000-0xfc40ffff
[   16.673931] input: Fujitsu Application Panel buttons as /devices/pci0000:00/0000:00:1f.3/i2c-0/0-0019/input/input14
[   17.110815] pcmcia_socket pcmcia_socket1: pccard: PCMCIA card inserted into slot 1
[   17.110823] pcmcia_socket pcmcia_socket1: cs: memory probe 0xfc410000-0xfc4fffff:
[   17.129077]  excluding 0xfc4fe000-0xfc50bfff
[   17.129682] pcmcia 1.0: pcmcia: registering new device pcmcia1.0 (IRQ: 17)
[   17.158270] cfg80211: Loading compiled-in X.509 certificates for regulatory database
--
[   19.349698] snd_hda_codec_realtek hdaudioC0D0:      Mic=0x18
[   19.349699] snd_hda_codec_realtek hdaudioC0D0:      Internal Mic=0x12
[   19.386331] input: HDA Intel Mic as /devices/pci0000:00/0000:00:1b.0/sound/card0/input18
[   19.386412] input: HDA Intel Front Headphone as /devices/pci0000:00/0000:00:1b.0/sound/card0/input19
[   19.386480] input: HDA Intel Dock Headphone as /devices/pci0000:00/0000:00:1b.0/sound/card0/input20
[   19.494872] input: Wacom Serial Penabled Pen as /devices/pnp0/00:03/tty/ttyS4/serio5/input/input16
[   27.496736] audit: type=1400 audit(1608067194.860:2): apparmor="STATUS" operation="profile_load" profile="unconfined" name="/usr/bin/man" pid=481 comm="apparmor_parser"
[   27.496741] audit: type=1400 audit(1608067194.860:3): apparmor="STATUS" operation="profile_load" profile="unconfined" name="man_filter" pid=481 comm="apparmor_parser"
[   27.496744] audit: type=1400 audit(1608067194.860:4): apparmor="STATUS" operation="profile_load" profile="unconfined" name="man_groff" pid=481 comm="apparmor_parser"
[   27.917502] audit: type=1400 audit(1608067195.280:5): apparmor="STATUS" operation="profile_load" profile="unconfined" name="/usr/lib/lightdm/lightdm-guest-session" pid=484 comm="apparmor_parser"
[   27.917508] audit: type=1400 audit(1608067195.280:6): apparmor="STATUS" operation="profile_load" profile="unconfined" name="/usr/lib/lightdm/lightdm-guest-session//chromium" pid=484 comm="apparmor_parser"
