[    0.000000] BIOS-e820: [mem 0x0000000009f00000-0x0000000009f3bfff] ACPI NVS
[    0.000000] BIOS-e820: [mem 0x0000000009f3c000-0x000000000d60bfff] usable
[    0.000000] BIOS-e820: [mem 0x000000000d60c000-0x000000000f60bfff] ACPI NVS
[    0.000000] BIOS-e820: [mem 0x000000000f60c000-0x000000000f68bfff] ACPI data
[    0.000000] BIOS-e820: [mem 0x000000000f68c000-0x0000000012e8bfff] reserved
[    0.000000] BIOS-e820: [mem 0x0000000012e8c000-0x0000000056afdfff] usable
[    0.000000] BIOS-e820: [mem 0x0000000056afe000-0x000000005a9fdfff] reserved
[    0.000000] BIOS-e820: [mem 0x000000005a9fe000-0x000000005bfe8fff] usable
[    0.000000] BIOS-e820: [mem 0x000000005bfe9000-0x000000005bfecfff] reserved
[    0.000000] BIOS-e820: [mem 0x000000005bfed000-0x000000005bfeefff] usable
[    0.000000] BIOS-e820: [mem 0x000000005bfef000-0x000000005cffffff] reserved
[    0.000000] BIOS-e820: [mem 0x000000005d790000-0x000000005d7effff] reserved
--
[    0.000000] reserve setup_data: [mem 0x000000000cd4c018-0x000000000cd50257] usable
[    0.000000] reserve setup_data: [mem 0x000000000cd50258-0x000000000d60bfff] usable
[    0.000000] reserve setup_data: [mem 0x000000000d60c000-0x000000000f60bfff] ACPI NVS
[    0.000000] reserve setup_data: [mem 0x000000000f60c000-0x000000000f68bfff] ACPI data
[    0.000000] reserve setup_data: [mem 0x000000000f68c000-0x0000000012e8bfff] reserved
[    0.000000] reserve setup_data: [mem 0x0000000012e8c000-0x0000000056afdfff] usable
[    0.000000] reserve setup_data: [mem 0x0000000056afe000-0x000000005a9fdfff] reserved
[    0.000000] reserve setup_data: [mem 0x000000005a9fe000-0x000000005bfe8fff] usable
[    0.000000] reserve setup_data: [mem 0x000000005bfe9000-0x000000005bfecfff] reserved
[    0.000000] reserve setup_data: [mem 0x000000005bfed000-0x000000005bfeefff] usable
[    0.000000] reserve setup_data: [mem 0x000000005bfef000-0x000000005cffffff] reserved
[    0.000000] reserve setup_data: [mem 0x000000005d790000-0x000000005d7effff] reserved
--
[    0.003895] ACPI: XSDT 0x000000000F689188 000164 (v01 LENOVO CB-01    00000003 PTEC 00000002)
[    0.003899] ACPI: FACP 0x000000001058D000 000114 (v06 LENOVO CB-01    00000003 PTEC 00000002)
[    0.003902] ACPI: DSDT 0x0000000010573000 015B0B (v02 LENOVO AMD_EDK2 00000000 INTL 20180313)
[    0.003904] ACPI: FACS 0x000000000F5E2000 000040
[    0.003905] ACPI: SSDT 0x0000000012C2F000 0012E2 (v01 LENOVO UsbCTabl 00000001 INTL 20180313)
[    0.003906] ACPI: SSDT 0x0000000012BFE000 008416 (v02 LENOVO AmdTable 00000002 MSFT 02000002)
[    0.003908] ACPI: MSDM 0x00000000129C9000 000055 (v03 LENOVO CB-01    00000000 PTEC 00000002)
[    0.003909] ACPI: BATB 0x00000000129B4000 00004A (v02 LENOVO CB-01    00000000 PTEC 00000002)
[    0.003910] ACPI: HPET 0x000000001058C000 000038 (v01 LENOVO CB-01    00000001 PTEC 00000002)
[    0.003911] ACPI: APIC 0x000000001058B000 000142 (v05 LENOVO CB-01    00000000 PTEC 00000002)
[    0.003913] ACPI: MCFG 0x000000001058A000 00003C (v01 LENOVO CB-01    00000001 PTEC 00000002)
[    0.003914] ACPI: WSMT 0x0000000010589000 000028 (v01 LENOVO CB-01    00000000 PTEC 00000002)
[    0.003915] ACPI: SSDT 0x000000001056D000 00547E (v02 LENOVO AmdTable 00000001 AMD  00000001)
[    0.003916] ACPI: CRAT 0x000000001056C000 000EE8 (v01 LENOVO CB-01    00000001 PTEC 00000002)
[    0.003917] ACPI: CDIT 0x000000001056B000 000029 (v01 LENOVO CB-01    00000001 PTEC 00000002)
[    0.003919] ACPI: SSDT 0x000000001056A000 0003D5 (v02 LENOVO Tpm2Tabl 00009999 INTL 20180313)
[    0.003920] ACPI: TPM2 0x0000000010569000 000044 (v05 LENOVO CB-01    20505348 PTEC 00000002)
[    0.003921] ACPI: VFCT 0x0000000010564000 004284 (v01 LENOVO CB-01    00000001 PTEC 00000002)
[    0.003922] ACPI: FPDT 0x000000001053B000 000034 (v01 LENOVO CB-01    00000002 PTEC 00000002)
[    0.003924] ACPI: SSDT 0x000000001053A000 000D44 (v02 LENOVO OEMACP   00000001 INTL 20180313)
[    0.003925] ACPI: SSDT 0x0000000010538000 0015FF (v02 LENOVO CPMDFIG2 00000001 INTL 20180313)
--
[    0.003957] ACPI: Reserving MCFG table memory at [mem 0x1058a000-0x1058a03b]
[    0.003958] ACPI: Reserving WSMT table memory at [mem 0x10589000-0x10589027]
[    0.003958] ACPI: Reserving SSDT table memory at [mem 0x1056d000-0x1057247d]
[    0.003958] ACPI: Reserving CRAT table memory at [mem 0x1056c000-0x1056cee7]
[    0.003959] ACPI: Reserving CDIT table memory at [mem 0x1056b000-0x1056b028]
[    0.003959] ACPI: Reserving SSDT table memory at [mem 0x1056a000-0x1056a3d4]
[    0.003960] ACPI: Reserving TPM2 table memory at [mem 0x10569000-0x10569043]
[    0.003960] ACPI: Reserving VFCT table memory at [mem 0x10564000-0x10568283]
[    0.003960] ACPI: Reserving FPDT table memory at [mem 0x1053b000-0x1053b033]
[    0.003961] ACPI: Reserving SSDT table memory at [mem 0x1053a000-0x1053ad43]
[    0.003961] ACPI: Reserving SSDT table memory at [mem 0x10538000-0x105395fe]
--
[    0.004248] Early memory node ranges
[    0.004248]   node   0: [mem 0x0000000000001000-0x000000000009ffff]
[    0.004249]   node   0: [mem 0x0000000000100000-0x0000000009bfffff]
[    0.004249]   node   0: [mem 0x0000000009e01000-0x0000000009efffff]
[    0.004250]   node   0: [mem 0x0000000009f3c000-0x000000000d60bfff]
[    0.004250]   node   0: [mem 0x0000000012e8c000-0x0000000056afdfff]
[    0.004251]   node   0: [mem 0x000000005a9fe000-0x000000005bfe8fff]
[    0.004251]   node   0: [mem 0x000000005bfed000-0x000000005bfeefff]
[    0.004251]   node   0: [mem 0x0000000100000000-0x000000047e2fffff]
[    0.004253] Initmem setup node 0 [mem 0x0000000000001000-0x000000047e2fffff]
[    0.004258] On node 0, zone DMA: 1 pages in unavailable ranges
--
[    0.021394] mem auto-init: stack:all(zero), heap alloc:on, heap free:off
[    0.021440] software IO TLB: area num 16.
[    0.043195] SLUB: HWalign=64, Order=0-3, MinObjects=0, CPUs=16, Nodes=1
[    0.043233] ftrace: allocating 57152 entries in 224 pages
[    0.052421] ftrace: allocated 224 pages with 3 groups
[    0.053168] Dynamic Preempt: voluntary
[    0.053227] rcu: Preemptible hierarchical RCU implementation.
[    0.053228] rcu: 	RCU event tracing is enabled.
[    0.053229] rcu: 	RCU restricting CPUs from NR_CPUS=8192 to nr_cpu_ids=16.
[    0.053230] 	Trampoline variant of Tasks RCU enabled.
[    0.053230] 	Rude variant of Tasks RCU enabled.
--
[    1.118124] pcie_mp2_amd 0000:65:00.7: enabling device (0000 -> 0002)
[    1.119511] sp5100_tco: SP5100/SB800 TCO WatchDog Timer Driver
[    1.119581] rtsx_pci 0000:03:00.0: enabling device (0000 -> 0002)
[    1.119623] sp5100-tco sp5100-tco: Using 0xfeb00000 for watchdog MMIO address
[    1.119759] sp5100-tco sp5100-tco: initialized. heartbeat=60 sec (nowayout=0)
[    1.195643] input: ELAN06FA:00 04F3:327E Mouse as /devices/platform/AMDI0010:00/i2c-0/i2c-ELAN06FA:00/0018:04F3:327E.0001/input/input3
[    1.195825] input: ELAN06FA:00 04F3:327E Touchpad as /devices/platform/AMDI0010:00/i2c-0/i2c-ELAN06FA:00/0018:04F3:327E.0001/input/input5
[    1.195974] hid-generic 0018:04F3:327E.0001: input,hidraw0: I2C HID v1.00 Mouse [ELAN06FA:00 04F3:327E] on i2c-ELAN06FA:00
[    1.248237] input: WACF2200:00 056A:53B8 Touchscreen as /devices/platform/AMDI0010:02/i2c-2/i2c-WACF2200:00/0018:056A:53B8.0002/input/input6
[    1.248371] input: WACF2200:00 056A:53B8 as /devices/platform/AMDI0010:02/i2c-2/i2c-WACF2200:00/0018:056A:53B8.0002/input/input7
[    1.248554] input: WACF2200:00 056A:53B8 Stylus as /devices/platform/AMDI0010:02/i2c-2/i2c-WACF2200:00/0018:056A:53B8.0002/input/input8
[    1.248708] input: WACF2200:00 056A:53B8 as /devices/platform/AMDI0010:02/i2c-2/i2c-WACF2200:00/0018:056A:53B8.0002/input/input9
[    1.248860] input: WACF2200:00 056A:53B8 Mouse as /devices/platform/AMDI0010:02/i2c-2/i2c-WACF2200:00/0018:056A:53B8.0002/input/input10
[    1.249089] hid-generic 0018:056A:53B8.0002: input,hidraw0: I2C HID v1.00 Mouse [WACF2200:00 056A:53B8] on i2c-WACF2200:00
[    1.253615] input: ELAN06FA:00 04F3:327E Mouse as /devices/platform/AMDI0010:00/i2c-0/i2c-ELAN06FA:00/0018:04F3:327E.0001/input/input11
[    1.253755] input: ELAN06FA:00 04F3:327E Touchpad as /devices/platform/AMDI0010:00/i2c-0/i2c-ELAN06FA:00/0018:04F3:327E.0001/input/input13
[    1.254095] ACPI: video: Video Device [VGA] (multi-head: yes  rom: no  post: no)
[    1.254599] input: Video Bus as /devices/LNXSYSTM:00/LNXSYBUS:00/PNP0A08:00/device:16/LNXVIDEO:00/input/input14
[    1.254893] hid-multitouch 0018:04F3:327E.0001: input,hidraw1: I2C HID v1.00 Mouse [ELAN06FA:00 04F3:327E] on i2c-ELAN06FA:00
[    1.263209] nvme 0000:04:00.0: platform quirk: setting simple suspend
[    1.263296] nvme nvme0: pci function 0000:04:00.0
[    1.274671] nvme nvme0: D3 entry latency set to 10 seconds
[    1.285044] nvme nvme0: allocated 64 MiB host memory buffer.
[    1.322731] nvme nvme0: 16/0/0 default/read/poll queues
[    1.340049]  nvme0n1: p1 p2 p3
[    1.386519] wacom 0018:056A:53B8.0002: hidraw0: I2C HID v1.00 Mouse [WACF2200:00 056A:53B8] on i2c-WACF2200:00
[    1.386547] input: Wacom HID 53B8 Pen as /devices/platform/AMDI0010:02/i2c-2/i2c-WACF2200:00/0018:056A:53B8.0002/input/input15
[    1.386769] input: Wacom HID 53B8 Finger as /devices/platform/AMDI0010:02/i2c-2/i2c-WACF2200:00/0018:056A:53B8.0002/input/input16
[    1.561969] tpm tpm0: auth session is active
[    2.991468] [drm] amdgpu kernel modesetting enabled.
[    2.993700] amdgpu: Virtual CRAT table created for CPU
[    2.993719] amdgpu: Topology: Add CPU node
[    2.993819] amdgpu 0000:65:00.0: enabling device (0006 -> 0007)
--
[    3.832973] [drm] Initialized amdgpu 3.59.0 for 0000:65:00.0 on minor 1
[    3.837663] fbcon: amdgpudrmfb (fb0) is primary device
[    3.837666] fbcon: Deferring console take-over
[    3.837669] amdgpu 0000:65:00.0: [drm] fb0: amdgpudrmfb frame buffer device
[    3.899621] [drm] pre_validate_dsc:1589 MST_DSC dsc precompute is not needed
[    6.212190] hid-generic 0020:1022:0001.0003: hidraw2: SENSOR HUB HID v0.00 Device [hid-amdsfh 1022:0001] on pcie_mp2_amd
[    6.215900] hid-sensor-hub 0020:1022:0001.0003: hidraw2: SENSOR HUB HID v0.00 Device [hid-amdsfh 1022:0001] on pcie_mp2_amd
[   10.393946] BTRFS: device label fedora devid 1 transid 2613 /dev/mapper/luks-1624b6e7-91d9-4f75-bf13-d7dcba0c1cb2 (253:0) scanned by mount (1038)
[   10.394267] BTRFS info (device dm-0): first mount of filesystem 993bb576-b9f5-4466-8102-d80f00ae156a
[   10.394313] BTRFS info (device dm-0): using crc32c (crc32c-intel) checksum algorithm
[   10.394322] BTRFS info (device dm-0): using free-space-tree
--
[   11.249234] systemd[1]: Starting modprobe@loop.service - Load Kernel Module loop...
[   11.249285] systemd[1]: plymouth-switch-USERNAME.service: Deactivated successfully.
[   11.249340] systemd[1]: Stopped plymouth-switch-USERNAME.service - Plymouth switch USERNAME service.
[   11.249497] systemd[1]: systemd-fsck-USERNAME.service: Deactivated successfully.
[   11.249532] systemd[1]: Stopped systemd-fsck-USERNAME.service - File System Check on Root Device.
[   11.249603] systemd[1]: systemd-hibernate-clear.service - Clear Stale Hibernate Storage Info was skipped because of an unmet condition check (ConditionPathExists=/sys/firmware/efi/efivars/HibernateLocation-8cf2644b-4b0b-428f-9387-6d876050dc67).
[   11.251218] systemd[1]: Starting systemd-journald.service - Journal Service...
[   11.252152] systemd[1]: Starting systemd-modules-load.service - Load Kernel Modules...
[   11.252846] systemd[1]: Starting systemd-network-generator.service - Generate network units from Kernel command line...
[   11.252882] systemd[1]: systemd-pcrmachine.service - TPM PCR Machine ID Measurement was skipped because of an unmet condition check (ConditionSecurity=measured-uki).
[   11.253739] systemd[1]: Starting systemd-remount-fs.service - Remount Root and Kernel File Systems...
