[    0.000000] microcode: microcode updated early to revision 0x9a, date = 2021-08-06
[    0.000000] Linux version 5.17.1-arch1-1 (linux@archlinux) (gcc (GCC) 11.2.0, GNU ld (GNU Binutils) 2.38) #1 SMP PREEMPT Mon, 28 Mar 2022 20:55:33 +0000
[    0.000000] Command line: initrd=\intel-ucode.img initrd=\initramfs-linux.img rd.luks.name=926d0ae2-77c9-44de-9240-16cd6256c98a=cryptlvm rd.luks.options=discard USERNAME=/dev/tucNT/USERNAME quiet
[    0.000000] x86/split lock detection: #AC: crashing the kernel on kernel split_locks and warning on user-space split_locks
[    0.000000] x86/fpu: Supporting XSAVE feature 0x001: 'x87 floating point registers'
[    0.000000] x86/fpu: Supporting XSAVE feature 0x002: 'SSE registers'
[    0.000000] x86/fpu: Supporting XSAVE feature 0x004: 'AVX registers'
[    0.000000] x86/fpu: Supporting XSAVE feature 0x020: 'AVX-512 opmask'
--
[    0.000000] BIOS-e820: [mem 0x000000003a899000-0x00000000434aefff] usable
[    0.000000] BIOS-e820: [mem 0x00000000434af000-0x00000000452fefff] reserved
[    0.000000] BIOS-e820: [mem 0x00000000452ff000-0x0000000045b2efff] ACPI NVS
[    0.000000] BIOS-e820: [mem 0x0000000045b2f000-0x0000000045bfefff] ACPI data
[    0.000000] BIOS-e820: [mem 0x0000000045bff000-0x0000000045bfffff] usable
[    0.000000] BIOS-e820: [mem 0x0000000045c00000-0x000000004f3fffff] reserved
[    0.000000] BIOS-e820: [mem 0x00000000fe010000-0x00000000fe010fff] reserved
[    0.000000] BIOS-e820: [mem 0x00000000fed20000-0x00000000fed7ffff] reserved
[    0.000000] BIOS-e820: [mem 0x00000000ff000000-0x00000000ffffffff] reserved
[    0.000000] BIOS-e820: [mem 0x0000000100000000-0x00000004b0bfffff] usable
[    0.000000] NX (Execute Disable) protection: active
--
[    0.036126] pcpu-alloc: s217088 r8192 d28672 u262144 alloc=1*2097152
[    0.036128] pcpu-alloc: [0] 0 1 2 3 4 5 6 7 
[    0.036141] Fallback order for Node 0: 0 
[    0.036143] Built 1 zonelists, mobility grouping on.  Total pages: 4078033
[    0.036144] Policy zone: Normal
[    0.036145] Kernel command line: initrd=\intel-ucode.img initrd=\initramfs-linux.img rd.luks.name=926d0ae2-77c9-44de-9240-16cd6256c98a=cryptlvm rd.luks.options=discard USERNAME=/dev/tucNT/USERNAME quiet
[    0.036615] Dentry cache hash table entries: 2097152 (order: 12, 16777216 bytes, linear)
[    0.036826] Inode-cache hash table entries: 1048576 (order: 11, 8388608 bytes, linear)
[    0.036940] mem auto-init: stack:byref_all(zero), heap alloc:on, heap free:off
[    0.067087] Memory: 16041384K/16571704K available (14343K kernel code, 2107K rwdata, 11020K rodata, 1792K init, 3812K bss, 530060K reserved, 0K cma-reserved)
[    0.067091] random: get_random_u64 called from __kmem_cache_create+0x2a/0x550 with crng_init=1
--
[    0.075921] DMAR: dmar0: reg_base_addr fed90000 ver 4:0 cap 1c0000c40660462 ecap 69e2ff0505e
[    0.075923] DMAR: DRHD base: 0x000000fed84000 flags: 0x0
[    0.075926] DMAR: dmar1: reg_base_addr fed84000 ver 1:0 cap d2008c40660462 ecap f050da
[    0.075927] DMAR: DRHD base: 0x000000fed91000 flags: 0x1
[    0.075931] DMAR: dmar2: reg_base_addr fed91000 ver 1:0 cap d2008c40660462 ecap f050da
[    0.075933] DMAR: RMRR base: 0x0000004b000000 end: 0x0000004f3fffff
[    0.075935] DMAR-IR: IOAPIC id 2 under DRHD base  0xfed91000 IOMMU 2
[    0.075935] DMAR-IR: HPET id 0 under DRHD base 0xfed91000
[    0.075936] DMAR-IR: Queued invalidation will be enabled to support x2apic and Intr-remapping.
[    0.081309] DMAR-IR: Enabled IRQ remapping in x2apic mode
[    0.081311] x2apic enabled
--
[    1.478535] usb 3-7: New USB device found, idVendor=5986, idProduct=212b, bcdDevice=56.14
[    1.478555] usb 3-7: New USB device strings: Mfr=1, Product=2, SerialNumber=0
[    1.478558] usb 3-7: Product: Integrated Camera
[    1.478560] usb 3-7: Manufacturer: SunplusIT Inc
[    1.602667] usb 3-9: new full-speed USB device number 3 using xhci_hcd
[    1.746438] usb 3-9: New USB device found, idVendor=04f3, idProduct=0c4d, bcdDevice= 4.01
[    1.746446] usb 3-9: New USB device strings: Mfr=1, Product=2, SerialNumber=0
[    1.746449] usb 3-9: Product: ELAN:Fingerprint
[    1.746451] usb 3-9: Manufacturer: ELAN
[    1.869331] usb 3-10: new full-speed USB device number 4 using xhci_hcd
[    2.012428] usb 3-10: New USB device found, idVendor=8087, idProduct=0026, bcdDevice= 0.02
[    2.012437] usb 3-10: New USB device strings: Mfr=0, Product=0, SerialNumber=0
[   19.606560] Key type encrypted registered
[   19.611171] audit: type=1338 audit(1649172423.426:7): module=crypt op=ctr ppid=1 pid=250 auid=4294967295 uid=0 gid=0 euid=0 suid=0 fsuid=0 egid=0 sgid=0 fsgid=0 tty=(none) ses=4294967295 comm="systemd-cryptse" exe="/usr/lib/systemd/systemd-cryptsetup" dev=254:0 error_msg='success' res=1
--
[   21.059609] cfg80211: Loading compiled-in X.509 certificates for regulatory database
[   21.061639] mei_me 0000:00:16.0: enabling device (0000 -> 0002)
[   21.062122] cfg80211: Loaded X.509 cert 'sforshee: 00b28ddf47aef9cea7'
[   21.062159] platform regulatory.0: Direct firmware load for regulatory.db failed with error -2
[   21.062162] cfg80211: failed to load regulatory.db
[   21.074770] input: MSFT0001:01 04F3:3140 Mouse as /devices/pci0000:00/0000:00:15.0/i2c_designware.0/i2c-12/i2c-MSFT0001:01/0018:04F3:3140.0001/input/input5
[   21.074804] input: MSFT0001:01 04F3:3140 Touchpad as /devices/pci0000:00/0000:00:15.0/i2c_designware.0/i2c-12/i2c-MSFT0001:01/0018:04F3:3140.0001/input/input6
[   21.074845] hid-generic 0018:04F3:3140.0001: input,hidraw0: I2C HID v1.00 Mouse [MSFT0001:01 04F3:3140] on i2c-MSFT0001:01
[   21.079978] typec port1: bound usb3-port2 (ops connector_ops)
[   21.079984] typec port1: bound usb2-port1 (ops connector_ops)
[   21.182758] usbcore: registered new interface driver btusb
[   21.183467] Bluetooth: hci0: Bootloader revision 0.4 build 0 week 30 2018
[   21.184461] Bluetooth: hci0: Device revision is 2
[   21.184462] Bluetooth: hci0: Secure boot is enabled
[   21.184462] Bluetooth: hci0: OTP lock is enabled
[   21.184463] Bluetooth: hci0: API lock is enabled
[   21.184463] Bluetooth: hci0: Debug lock is disabled
[   21.184463] Bluetooth: hci0: Minimum firmware build 1 week 10 2014
[   21.210328] input: WACF2200:00 056A:526C Touchscreen as /devices/pci0000:00/0000:00:15.3/i2c_designware.2/i2c-14/i2c-WACF2200:00/0018:056A:526C.0002/input/input7
[   21.210358] input: WACF2200:00 056A:526C as /devices/pci0000:00/0000:00:15.3/i2c_designware.2/i2c-14/i2c-WACF2200:00/0018:056A:526C.0002/input/input8
[   21.210378] input: WACF2200:00 056A:526C Stylus as /devices/pci0000:00/0000:00:15.3/i2c_designware.2/i2c-14/i2c-WACF2200:00/0018:056A:526C.0002/input/input9
[   21.210403] input: WACF2200:00 056A:526C as /devices/pci0000:00/0000:00:15.3/i2c_designware.2/i2c-14/i2c-WACF2200:00/0018:056A:526C.0002/input/input10
[   21.210423] input: WACF2200:00 056A:526C Mouse as /devices/pci0000:00/0000:00:15.3/i2c_designware.2/i2c-14/i2c-WACF2200:00/0018:056A:526C.0002/input/input11
[   21.210447] hid-generic 0018:056A:526C.0002: input,hidraw1: I2C HID v1.00 Mouse [WACF2200:00 056A:526C] on i2c-WACF2200:00
[   21.217036] Bluetooth: hci0: Found device firmware: intel/ibt-19-0-4.sfi
[   21.217108] Bluetooth: hci0: Boot Address: 0x24800
[   21.217109] Bluetooth: hci0: Firmware Version: 126-5.22
[   21.244284] hid-generic 0018:0CF2:9540.0003: hidraw2: I2C HID v1.00 Device [0416C300:00 0CF2:9540] on i2c-0416C300:00
[   21.289103] input: PC Speaker as /devices/platform/pcspkr/input/input12
[   21.289663] i801_smbus 0000:00:1f.4: SPD Write Disable is set
[   21.289762] i801_smbus 0000:00:1f.4: SMBus using PCI interrupt
[   21.296587] i2c i2c-15: 2/2 memory slots populated (from DMI)
[   21.297145] i2c i2c-15: Successfully instantiated SPD at 0x50
--
[   21.456644] iwlwifi 0000:00:14.3: TLV_FW_FSEQ_VERSION: FSEQ Version: 89.3.35.37
[   21.456867] iwlwifi 0000:00:14.3: loaded firmware version 68.01d30b0c.0 QuZ-a0-hr-b0-68.ucode op_mode iwlmvm
[   21.464421] mei_hdcp 0000:00:16.0-b638ab7e-94e2-4ea2-a552-d1c54b627f04: bound 0000:00:02.0 (ops i915_hdcp_component_ops [i915])
[   21.469611] snd_hda_intel 0000:00:1f.3: DSP detected with PCI class/subclass/prog-if info 0x040100
[   21.469713] snd_hda_intel 0000:00:1f.3: Digital mics found on Skylake+ platform, using SOF driver
[   21.510486] input: MSFT0001:01 04F3:3140 Mouse as /devices/pci0000:00/0000:00:15.0/i2c_designware.0/i2c-12/i2c-MSFT0001:01/0018:04F3:3140.0001/input/input14
[   21.510522] input: MSFT0001:01 04F3:3140 Touchpad as /devices/pci0000:00/0000:00:15.0/i2c_designware.0/i2c-12/i2c-MSFT0001:01/0018:04F3:3140.0001/input/input15
[   21.510547] hid-multitouch 0018:04F3:3140.0001: input,hidraw0: I2C HID v1.00 Mouse [MSFT0001:01 04F3:3140] on i2c-MSFT0001:01
[   21.522994] iTCO_vendor_support: vendor-support=0
[   21.526132] usbcore: registered new interface driver usbhid
[   21.526135] usbhid: USB HID core driver
[   21.527161] Bluetooth: BNEP (Ethernet Emulation) ver 1.3
[   21.527163] Bluetooth: BNEP filters: protocol multicast
--
[   21.807421] sof-audio-pci-intel-tgl 0000:00:1f.3: Digital mics found on Skylake+ platform, using SOF driver
[   21.807449] sof-audio-pci-intel-tgl 0000:00:1f.3: enabling device (0000 -> 0002)
[   21.807673] sof-audio-pci-intel-tgl 0000:00:1f.3: DSP detected with PCI class/subclass/prog-if 0x040100
[   21.807787] sof-audio-pci-intel-tgl 0000:00:1f.3: bound 0000:00:02.0 (ops i915_audio_component_bind_ops [i915])
[   21.821437] sof-audio-pci-intel-tgl 0000:00:1f.3: use msi interrupt mode
[   21.840538] input: Wacom HID 526C Pen as /devices/pci0000:00/0000:00:15.3/i2c_designware.2/i2c-14/i2c-WACF2200:00/0018:056A:526C.0002/input/input16
[   21.840608] input: Wacom HID 526C Finger as /devices/pci0000:00/0000:00:15.3/i2c_designware.2/i2c-14/i2c-WACF2200:00/0018:056A:526C.0002/input/input17
[   21.840669] wacom 0018:056A:526C.0002: hidraw1: I2C HID v1.00 Mouse [WACF2200:00 056A:526C] on i2c-WACF2200:00
[   21.867197] rfkill: input handler disabled
[   21.890752] sof-audio-pci-intel-tgl 0000:00:1f.3: hda codecs found, mask 5
[   21.890757] sof-audio-pci-intel-tgl 0000:00:1f.3: using HDA machine driver skl_hda_dsp_generic now
[   21.890762] sof-audio-pci-intel-tgl 0000:00:1f.3: DMICs detected in NHLT tables: 2
[   21.892385] sof-audio-pci-intel-tgl 0000:00:1f.3: Firmware info: version 2:0:0-b678a
