[    0.000000] BIOS-e820: [mem 0x0000000009f00000-0x0000000009f3bfff] ACPI NVS
[    0.000000] BIOS-e820: [mem 0x0000000009f3c000-0x000000000d7a5fff] usable
[    0.000000] BIOS-e820: [mem 0x000000000d7a6000-0x000000000f7a5fff] ACPI NVS
[    0.000000] BIOS-e820: [mem 0x000000000f7a6000-0x000000000f825fff] ACPI data
[    0.000000] BIOS-e820: [mem 0x000000000f826000-0x0000000013025fff] reserved
[    0.000000] BIOS-e820: [mem 0x0000000013026000-0x0000000056afdfff] usable
[    0.000000] BIOS-e820: [mem 0x0000000056afe000-0x000000005a9fdfff] reserved
[    0.000000] BIOS-e820: [mem 0x000000005a9fe000-0x000000005bfe8fff] usable
[    0.000000] BIOS-e820: [mem 0x000000005bfe9000-0x000000005bfecfff] reserved
[    0.000000] BIOS-e820: [mem 0x000000005bfed000-0x000000005bfeefff] usable
[    0.000000] BIOS-e820: [mem 0x000000005bfef000-0x000000005cffffff] reserved
[    0.000000] BIOS-e820: [mem 0x000000005d790000-0x000000005d7effff] reserved
--
[    0.000000] reserve setup_data: [mem 0x000000000b3f3018-0x000000000b3f7257] usable
[    0.000000] reserve setup_data: [mem 0x000000000b3f7258-0x000000000d7a5fff] usable
[    0.000000] reserve setup_data: [mem 0x000000000d7a6000-0x000000000f7a5fff] ACPI NVS
[    0.000000] reserve setup_data: [mem 0x000000000f7a6000-0x000000000f825fff] ACPI data
[    0.000000] reserve setup_data: [mem 0x000000000f826000-0x0000000013025fff] reserved
[    0.000000] reserve setup_data: [mem 0x0000000013026000-0x0000000056afdfff] usable
[    0.000000] reserve setup_data: [mem 0x0000000056afe000-0x000000005a9fdfff] reserved
[    0.000000] reserve setup_data: [mem 0x000000005a9fe000-0x000000005bfe8fff] usable
[    0.000000] reserve setup_data: [mem 0x000000005bfe9000-0x000000005bfecfff] reserved
[    0.000000] reserve setup_data: [mem 0x000000005bfed000-0x000000005bfeefff] usable
[    0.000000] reserve setup_data: [mem 0x000000005bfef000-0x000000005cffffff] reserved
[    0.000000] reserve setup_data: [mem 0x000000005d790000-0x000000005d7effff] reserved
--
[    0.004141] ACPI: XSDT 0x000000000F823188 000154 (v01 LENOVO CB-01    00000003 PTEC 00000002)
[    0.004145] ACPI: FACP 0x0000000010727000 000114 (v06 LENOVO CB-01    00000003 PTEC 00000002)
[    0.004149] ACPI: DSDT 0x000000001070D000 015B52 (v02 LENOVO AMD_EDK2 00000000 INTL 20180313)
[    0.004151] ACPI: FACS 0x000000000F784000 000040
[    0.004153] ACPI: SSDT 0x0000000012DC9000 0012E2 (v01 LENOVO UsbCTabl 00000001 INTL 20180313)
[    0.004154] ACPI: SSDT 0x0000000012D98000 008416 (v02 LENOVO AmdTable 00000002 MSFT 02000002)
[    0.004156] ACPI: MSDM 0x0000000012B63000 000055 (v03 LENOVO CB-01    00000000 PTEC 00000002)
[    0.004158] ACPI: BATB 0x0000000012B4D000 00004A (v02 LENOVO CB-01    00000000 PTEC 00000002)
[    0.004159] ACPI: HPET 0x0000000010726000 000038 (v01 LENOVO CB-01    00000001 PTEC 00000002)
[    0.004161] ACPI: APIC 0x0000000010725000 000142 (v05 LENOVO CB-01    00000000 PTEC 00000002)
[    0.004162] ACPI: MCFG 0x0000000010724000 00003C (v01 LENOVO CB-01    00000001 PTEC 00000002)
--
[    0.004513] Early memory node ranges
[    0.004513]   node   0: [mem 0x0000000000001000-0x000000000009ffff]
[    0.004514]   node   0: [mem 0x0000000000100000-0x0000000009bfffff]
[    0.004515]   node   0: [mem 0x0000000009e01000-0x0000000009efffff]
[    0.004515]   node   0: [mem 0x0000000009f3c000-0x000000000d7a5fff]
[    0.004516]   node   0: [mem 0x0000000013026000-0x0000000056afdfff]
[    0.004516]   node   0: [mem 0x000000005a9fe000-0x000000005bfe8fff]
[    0.004517]   node   0: [mem 0x000000005bfed000-0x000000005bfeefff]
[    0.004517]   node   0: [mem 0x0000000100000000-0x000000047e2fffff]
[    0.004519] Initmem setup node 0 [mem 0x0000000000001000-0x000000047e2fffff]
[    0.004524] On node 0, zone DMA: 1 pages in unavailable ranges
--
[    0.628160]     BOOT_IMAGE=/boot/vmlinuz-6.11.0-9-generic
[    0.723654] hid: raw HID events driver (C) Jiri Kosina
[    0.730751] rtsx_pci 0000:03:00.0: enabling device (0000 -> 0002)
[    0.730881] pcie_mp2_amd 0000:65:00.7: enabling device (0000 -> 0002)
[    0.739476] ACPI: bus type thunderbolt registered
[    0.838075] input: ELAN06FA:00 04F3:327E Mouse as /devices/platform/AMDI0010:00/i2c-0/i2c-ELAN06FA:00/0018:04F3:327E.0001/input/input3
[    0.838170] input: ELAN06FA:00 04F3:327E Touchpad as /devices/platform/AMDI0010:00/i2c-0/i2c-ELAN06FA:00/0018:04F3:327E.0001/input/input5
[    0.838264] hid-generic 0018:04F3:327E.0001: input,hidraw0: I2C HID v1.00 Mouse [ELAN06FA:00 04F3:327E] on i2c-ELAN06FA:00
[    0.867842] input: WACF2200:00 056A:5360 Touchscreen as /devices/platform/AMDI0010:02/i2c-2/i2c-WACF2200:00/0018:056A:5360.0002/input/input6
[    0.868175] input: WACF2200:00 056A:5360 as /devices/platform/AMDI0010:02/i2c-2/i2c-WACF2200:00/0018:056A:5360.0002/input/input7
[    0.868380] input: WACF2200:00 056A:5360 Stylus as /devices/platform/AMDI0010:02/i2c-2/i2c-WACF2200:00/0018:056A:5360.0002/input/input8
[    0.868620] input: WACF2200:00 056A:5360 as /devices/platform/AMDI0010:02/i2c-2/i2c-WACF2200:00/0018:056A:5360.0002/input/input9
[    0.868750] input: WACF2200:00 056A:5360 Mouse as /devices/platform/AMDI0010:02/i2c-2/i2c-WACF2200:00/0018:056A:5360.0002/input/input10
[    0.868887] hid-generic 0018:056A:5360.0002: input,hidraw1: I2C HID v1.00 Mouse [WACF2200:00 056A:5360] on i2c-WACF2200:00
[    0.875052] usbcore: registered new interface driver usbhid
[    0.875054] usbhid: USB HID core driver
[    0.876220] xhci_hcd 0000:65:00.3: xHCI Host Controller
[    0.876227] xhci_hcd 0000:65:00.3: new USB bus registered, assigned bus number 1
[    0.876566] ACPI: video: Video Device [VGA] (multi-head: yes  rom: no  post: no)
--
[    0.892224] hub 8-0:1.0: USB hub found
[    0.892234] hub 8-0:1.0: 1 port detected
[    0.901376] nvme nvme0: allocated 64 MiB host memory buffer.
[    0.934609] nvme nvme0: 12/0/0 default/read/poll queues
[    0.942685]  nvme0n1: p1 p2 p3 p4 p6
[    0.958416] input: ELAN06FA:00 04F3:327E Mouse as /devices/platform/AMDI0010:00/i2c-0/i2c-ELAN06FA:00/0018:04F3:327E.0001/input/input12
[    0.962640] input: ELAN06FA:00 04F3:327E Touchpad as /devices/platform/AMDI0010:00/i2c-0/i2c-ELAN06FA:00/0018:04F3:327E.0001/input/input14
[    0.982757] hid-multitouch 0018:04F3:327E.0001: input,hidraw0: I2C HID v1.00 Mouse [ELAN06FA:00 04F3:327E] on i2c-ELAN06FA:00
[    1.029539] wacom 0018:056A:5360.0002: hidraw1: I2C HID v1.00 Mouse [WACF2200:00 056A:5360] on i2c-WACF2200:00
[    1.029612] input: Wacom HID 5360 Pen as /devices/platform/AMDI0010:02/i2c-2/i2c-WACF2200:00/0018:056A:5360.0002/input/input15
[    1.029699] input: Wacom HID 5360 Finger as /devices/platform/AMDI0010:02/i2c-2/i2c-WACF2200:00/0018:056A:5360.0002/input/input16
[    1.130406] usb 3-1: new high-speed USB device number 2 using xhci_hcd
[    1.130440] usb 1-5: new full-speed USB device number 2 using xhci_hcd
[    1.188564] EXT4-fs (nvme0n1p6): orphan cleanup on readonly fs
[    1.188812] EXT4-fs (nvme0n1p6): mounted filesystem 65e7eed5-bed2-4089-80fc-396e772ec039 ro with ordered data mode. Quota mode: none.
[    1.264153] usb 3-1: New USB device found, idVendor=04f2, idProduct=b7e8, bcdDevice=67.03
--
[    1.495640] systemd[1]: Starting modprobe@configfs.service - Load Kernel Module configfs...
[    1.496323] systemd[1]: Starting modprobe@drm.service - Load Kernel Module drm...
[    1.496995] systemd[1]: Starting modprobe@efi_pstore.service - Load Kernel Module efi_pstore...
[    1.497776] systemd[1]: Starting modprobe@fuse.service - Load Kernel Module fuse...
[    1.497929] systemd[1]: systemd-fsck-USERNAME.service - File System Check on Root Device was skipped because of an unmet condition check (ConditionPathExists=!/run/initramfs/fsck-USERNAME).
[    1.497971] systemd[1]: systemd-hibernate-clear.service - Clear Stale Hibernate Storage Info was skipped because of an unmet condition check (ConditionPathExists=/sys/firmware/efi/efivars/HibernateLocation-8cf2644b-4b0b-428f-9387-6d876050dc67).
[    1.498939] systemd[1]: Starting systemd-modules-load.service - Load Kernel Modules...
[    1.498961] systemd[1]: systemd-pcrmachine.service - TPM PCR Machine ID Measurement was skipped because of an unmet condition check (ConditionSecurity=measured-uki).
[    1.499620] systemd[1]: Starting systemd-remount-fs.service - Remount Root and Kernel File Systems...
[    1.499680] systemd[1]: systemd-tpm2-setup-early.service - Early TPM SRK Setup was skipped because of an unmet condition check (ConditionSecurity=measured-uki).
[    1.500457] systemd[1]: Starting systemd-udev-load-credentials.service - Load udev Rules from Credentials...
--
[    5.747423] audit: type=1400 audit(1730651189.806:180): apparmor="DENIED" operation="open" class="file" profile="snap-update-ns.prompting-client" name="/proc/2100/maps" pid=2100 comm="5" requested_mask="r" denied_mask="r" fsuid=120 ouid=0
[    5.978224] audit: type=1400 audit(1730651190.036:181): apparmor="ALLOWED" operation="mknod" class="file" profile="Xorg" name="/var/lib/gdm3/.cache/mesa_shader_cache_db/part0/mesa_cache.db" pid=2025 comm="Xorg" requested_mask="c" denied_mask="c" fsuid=120 ouid=120
[    5.978265] audit: type=1400 audit(1730651190.036:182): apparmor="ALLOWED" operation="open" class="file" profile="Xorg" name="/var/lib/gdm3/.cache/mesa_shader_cache_db/part0/mesa_cache.db" pid=2025 comm="Xorg" requested_mask="rc" denied_mask="rc" fsuid=120 ouid=120
[    5.978270] audit: type=1400 audit(1730651190.036:183): apparmor="ALLOWED" operation="open" class="file" profile="Xorg" name="/var/lib/gdm3/.cache/mesa_shader_cache_db/part0/mesa_cache.db" pid=2025 comm="Xorg" requested_mask="wr" denied_mask="wr" fsuid=120 ouid=120
[    5.978274] audit: type=1400 audit(1730651190.036:184): apparmor="ALLOWED" operation="mknod" class="file" profile="Xorg" name="/var/lib/gdm3/.cache/mesa_shader_cache_db/part0/mesa_cache.idx" pid=2025 comm="Xorg" requested_mask="c" denied_mask="c" fsuid=120 ouid=120
[    6.212703] hid-generic 0020:1022:0001.0003: hidraw2: SENSOR HUB HID v0.00 Device [hid-amdsfh 1022:0001] on pcie_mp2_amd
[    6.215618] hid-sensor-hub 0020:1022:0001.0003: hidraw2: SENSOR HUB HID v0.00 Device [hid-amdsfh 1022:0001] on pcie_mp2_amd
[    7.159775] rfkill: input handler disabled
[    7.981911] wlp2s0: authenticate with 2c:91:ab:22:bf:bd (local address=c0:35:32:47:e5:33)
[    7.981919] wlp2s0: send auth to 2c:91:ab:22:bf:bd (try 1/3)
[    8.058755] wlp2s0: authenticate with 2c:91:ab:22:bf:bd (local address=c0:35:32:47:e5:33)
--
[ 2092.848769] audit: type=1400 audit(1730653276.907:1204): apparmor="ALLOWED" operation="file_perm" class="file" profile="Xorg" name="/var/lib/gdm3/.cache/mesa_shader_cache_db/part0/mesa_cache.idx" pid=2025 comm="Xorg" requested_mask="r" denied_mask="r" fsuid=120 ouid=120
[ 2092.848771] audit: type=1400 audit(1730653276.907:1205): apparmor="ALLOWED" operation="file_perm" class="file" profile="Xorg" name="/var/lib/gdm3/.cache/mesa_shader_cache_db/part0/mesa_cache.idx" pid=2025 comm="Xorg" requested_mask="r" denied_mask="r" fsuid=120 ouid=120
[ 2092.881889] rfkill: input handler enabled
[ 2095.534695] rfkill: input handler disabled
[ 2099.933372] input: RAPOO BleMouse as /devices/virtual/misc/uhid/0005:1235:AA22.0004/input/input24
[ 2099.933663] hid-generic 0005:1235:AA22.0004: input,hidraw3: BLUETOOTH HID v0.01 Mouse [RAPOO BleMouse] on c0:35:32:47:e5:34
[ 2099.998768] kauditd_printk_skb: 1271 callbacks suppressed
[ 2099.998772] audit: type=1400 audit(1730653284.057:2477): apparmor="ALLOWED" operation="file_lock" class="file" profile="Xorg" name="/home/ralf/.cache/mesa_shader_cache_db/part0/mesa_cache.db" pid=3219 comm="Xorg" requested_mask="wk" denied_mask="wk" fsuid=1000 ouid=1000
[ 2099.998777] audit: type=1400 audit(1730653284.057:2478): apparmor="ALLOWED" operation="file_lock" class="file" profile="Xorg" name="/home/ralf/.cache/mesa_shader_cache_db/part0/mesa_cache.idx" pid=3219 comm="Xorg" requested_mask="wk" denied_mask="wk" fsuid=1000 ouid=1000
[ 2099.998780] audit: type=1400 audit(1730653284.057:2479): apparmor="ALLOWED" operation="file_perm" class="file" profile="Xorg" name="/home/ralf/.cache/mesa_shader_cache_db/part0/mesa_cache.db" pid=3219 comm="Xorg" requested_mask="r" denied_mask="r" fsuid=1000 ouid=1000
[ 2099.998783] audit: type=1400 audit(1730653284.057:2480): apparmor="ALLOWED" operation="file_perm" class="file" profile="Xorg" name="/home/ralf/.cache/mesa_shader_cache_db/part0/mesa_cache.idx" pid=3219 comm="Xorg" requested_mask="r" denied_mask="r" fsuid=1000 ouid=1000
--
[ 6580.256231] audit: type=1400 audit(1730657764.314:6818): apparmor="ALLOWED" operation="file_perm" class="file" profile="Xorg" name="/home/ralf/.cache/mesa_shader_cache_db/part0/mesa_cache.idx" pid=7840 comm="Xorg" requested_mask="r" denied_mask="r" fsuid=1000 ouid=1000
[ 6580.256235] audit: type=1400 audit(1730657764.314:6819): apparmor="ALLOWED" operation="file_perm" class="file" profile="Xorg" name="/home/ralf/.cache/mesa_shader_cache_db/part0/mesa_cache.db" pid=7840 comm="Xorg" requested_mask="r" denied_mask="r" fsuid=1000 ouid=1000
[ 6580.256240] audit: type=1400 audit(1730657764.314:6820): apparmor="ALLOWED" operation="file_perm" class="file" profile="Xorg" name="/home/ralf/.cache/mesa_shader_cache_db/part0/mesa_cache.db" pid=7840 comm="Xorg" requested_mask="r" denied_mask="r" fsuid=1000 ouid=1000
[ 6580.256245] audit: type=1400 audit(1730657764.314:6821): apparmor="ALLOWED" operation="file_perm" class="file" profile="Xorg" name="/home/ralf/.cache/mesa_shader_cache_db/part0/mesa_cache.idx" pid=7840 comm="Xorg" requested_mask="r" denied_mask="r" fsuid=1000 ouid=1000
[ 6621.344069] input: RAPOO BleMouse as /devices/virtual/misc/uhid/0005:1235:AA22.0005/input/input25
[ 6621.344497] hid-generic 0005:1235:AA22.0005: input,hidraw3: BLUETOOTH HID v0.01 Mouse [RAPOO BleMouse] on c0:35:32:47:e5:34
[ 6649.508802] kauditd_printk_skb: 128 callbacks suppressed
[ 6649.508809] audit: type=1400 audit(1730657833.567:6950): apparmor="DENIED" operation="open" class="file" profile="snap.prompting-client.daemon" name="/sys/fs/cgroup/user.slice/user-0.slice/user@0.service/app.slice/cpu.max" pid=10634 comm="prompting-clien" requested_mask="r" denied_mask="r" fsuid=0 ouid=0
[ 6649.508818] audit: type=1400 audit(1730657833.567:6951): apparmor="DENIED" operation="open" class="file" profile="snap.prompting-client.daemon" name="/sys/fs/cgroup/user.slice/user-0.slice/user@0.service/cpu.max" pid=10634 comm="prompting-clien" requested_mask="r" denied_mask="r" fsuid=0 ouid=0
[ 6649.508822] audit: type=1400 audit(1730657833.567:6952): apparmor="DENIED" operation="open" class="file" profile="snap.prompting-client.daemon" name="/sys/fs/cgroup/user.slice/user-0.slice/cpu.max" pid=10634 comm="prompting-clien" requested_mask="r" denied_mask="r" fsuid=0 ouid=0
[ 6649.508825] audit: type=1400 audit(1730657833.567:6953): apparmor="DENIED" operation="open" class="file" profile="snap.prompting-client.daemon" name="/sys/fs/cgroup/user.slice/cpu.max" pid=10634 comm="prompting-clien" requested_mask="r" denied_mask="r" fsuid=0 ouid=0
--
[ 8729.046925] audit: type=1400 audit(1730659913.105:8517): apparmor="STATUS" operation="profile_replace" profile="unconfined" name="snap.mpv.mpv" pid=15224 comm="apparmor_parser"
[ 8773.179857] audit: type=1400 audit(1730659957.238:8518): apparmor="DENIED" operation="capable" class="cap" profile="/usr/lib/snapd/snap-confine" pid=15268 comm="snap-confine" capability=12  capname="net_admin"
[ 8773.179874] audit: type=1400 audit(1730659957.238:8519): apparmor="DENIED" operation="capable" class="cap" profile="/usr/lib/snapd/snap-confine" pid=15268 comm="snap-confine" capability=38  capname="perfmon"
[ 8773.194047] audit: type=1400 audit(1730659957.252:8520): apparmor="DENIED" operation="open" class="file" profile="snap-update-ns.mpv" name="/proc/15288/maps" pid=15288 comm="5" requested_mask="r" denied_mask="r" fsuid=1000 ouid=0
[ 8774.045789] audit: type=1326 audit(1730659958.104:8521): auid=1000 uid=1000 gid=1000 ses=7 subj=snap.mpv.mpv pid=15268 comm="vo" exe="/snap/mpv/201/usr/bin/mpv" sig=0 arch=c000003e syscall=203 compat=0 ip=0x73bc1e8a36e1 code=0x50000
[ 8774.045805] audit: type=1326 audit(1730659958.104:8522): auid=1000 uid=1000 gid=1000 ses=7 subj=snap.mpv.mpv pid=15268 comm="vo" exe="/snap/mpv/201/usr/bin/mpv" sig=0 arch=c000003e syscall=203 compat=0 ip=0x73bc1e8a36e1 code=0x50000
[ 8774.045811] audit: type=1326 audit(1730659958.104:8523): auid=1000 uid=1000 gid=1000 ses=7 subj=snap.mpv.mpv pid=15268 comm="vo" exe="/snap/mpv/201/usr/bin/mpv" sig=0 arch=c000003e syscall=203 compat=0 ip=0x73bc1e8a36e1 code=0x50000
[ 8774.045817] audit: type=1326 audit(1730659958.104:8524): auid=1000 uid=1000 gid=1000 ses=7 subj=snap.mpv.mpv pid=15268 comm="vo" exe="/snap/mpv/201/usr/bin/mpv" sig=0 arch=c000003e syscall=203 compat=0 ip=0x73bc1e8a36e1 code=0x50000
[ 8774.045822] audit: type=1326 audit(1730659958.104:8525): auid=1000 uid=1000 gid=1000 ses=7 subj=snap.mpv.mpv pid=15268 comm="vo" exe="/snap/mpv/201/usr/bin/mpv" sig=0 arch=c000003e syscall=203 compat=0 ip=0x73bc1e8a36e1 code=0x50000
[ 8774.045827] audit: type=1326 audit(1730659958.104:8526): auid=1000 uid=1000 gid=1000 ses=7 subj=snap.mpv.mpv pid=15268 comm="vo" exe="/snap/mpv/201/usr/bin/mpv" sig=0 arch=c000003e syscall=203 compat=0 ip=0x73bc1e8a36e1 code=0x50000
[ 8774.045831] audit: type=1326 audit(1730659958.104:8527): auid=1000 uid=1000 gid=1000 ses=7 subj=snap.mpv.mpv pid=15268 comm="vo" exe="/snap/mpv/201/usr/bin/mpv" sig=0 arch=c000003e syscall=203 compat=0 ip=0x73bc1e8a36e1 code=0x50000
[ 8799.369146] kauditd_printk_skb: 13 callbacks suppressed
[ 8799.369155] audit: type=1400 audit(1730659983.427:8541): apparmor="DENIED" operation="open" class="file" profile="snap-update-ns.mpv" name="/proc/15539/maps" pid=15539 comm="5" requested_mask="r" denied_mask="r" fsuid=1000 ouid=0
[ 8799.784403] audit: type=1326 audit(1730659983.842:8542): auid=1000 uid=1000 gid=1000 ses=7 subj=snap.mpv.mpv pid=15517 comm="vo" exe="/snap/mpv/201/usr/bin/mpv" sig=0 arch=c000003e syscall=203 compat=0 ip=0x76144c6a36e1 code=0x50000
[ 8799.784417] audit: type=1326 audit(1730659983.843:8543): auid=1000 uid=1000 gid=1000 ses=7 subj=snap.mpv.mpv pid=15517 comm="vo" exe="/snap/mpv/201/usr/bin/mpv" sig=0 arch=c000003e syscall=203 compat=0 ip=0x76144c6a36e1 code=0x50000
[ 8799.784423] audit: type=1326 audit(1730659983.843:8544): auid=1000 uid=1000 gid=1000 ses=7 subj=snap.mpv.mpv pid=15517 comm="vo" exe="/snap/mpv/201/usr/bin/mpv" sig=0 arch=c000003e syscall=203 compat=0 ip=0x76144c6a36e1 code=0x50000
--
[ 8799.784443] audit: type=1326 audit(1730659983.843:8548): auid=1000 uid=1000 gid=1000 ses=7 subj=snap.mpv.mpv pid=15517 comm="vo" exe="/snap/mpv/201/usr/bin/mpv" sig=0 arch=c000003e syscall=203 compat=0 ip=0x76144c6a36e1 code=0x50000
[ 8799.784447] audit: type=1326 audit(1730659983.843:8549): auid=1000 uid=1000 gid=1000 ses=7 subj=snap.mpv.mpv pid=15517 comm="vo" exe="/snap/mpv/201/usr/bin/mpv" sig=0 arch=c000003e syscall=203 compat=0 ip=0x76144c6a36e1 code=0x50000
[ 8799.784452] audit: type=1326 audit(1730659983.843:8550): auid=1000 uid=1000 gid=1000 ses=7 subj=snap.mpv.mpv pid=15517 comm="vo" exe="/snap/mpv/201/usr/bin/mpv" sig=0 arch=c000003e syscall=203 compat=0 ip=0x76144c6a36e1 code=0x50000
[ 9828.004629] perf: interrupt took too long (2513 > 2500), lowering kernel.perf_event_max_sample_rate to 79000
[10418.584155] input: RAPOO BleMouse as /devices/virtual/misc/uhid/0005:1235:AA22.0006/input/input26
[10418.584460] hid-generic 0005:1235:AA22.0006: input,hidraw3: BLUETOOTH HID v0.01 Mouse [RAPOO BleMouse] on c0:35:32:47:e5:34
[11200.853065] input: RAPOO BleMouse as /devices/virtual/misc/uhid/0005:1235:AA22.0007/input/input27
[11200.853442] hid-generic 0005:1235:AA22.0007: input,hidraw3: BLUETOOTH HID v0.01 Mouse [RAPOO BleMouse] on c0:35:32:47:e5:34
[12831.374364] kauditd_printk_skb: 45 callbacks suppressed
[12831.374371] audit: type=1400 audit(1730664015.432:8596): apparmor="DENIED" operation="open" class="file" profile="snap-update-ns.firmware-updater" name="/proc/15913/maps" pid=15913 comm="5" requested_mask="r" denied_mask="r" fsuid=1000 ouid=0
[12831.624645] audit: type=1400 audit(1730664015.683:8597): apparmor="DENIED" operation="open" class="file" profile="snap.firmware-updater.firmware-notifier" name="/proc/sys/vm/max_map_count" pid=15897 comm="firmware-notifi" requested_mask="r" denied_mask="r" fsuid=1000 ouid=0
[13305.091815] input: RAPOO BleMouse as /devices/virtual/misc/uhid/0005:1235:AA22.0008/input/input28
[13305.092187] hid-generic 0005:1235:AA22.0008: input,hidraw3: BLUETOOTH HID v0.01 Mouse [RAPOO BleMouse] on c0:35:32:47:e5:34
[13349.679815] perf: interrupt took too long (3155 > 3141), lowering kernel.perf_event_max_sample_rate to 63000
[15314.615634] audit: type=1400 audit(1730666498.674:8598): apparmor="DENIED" operation="open" class="file" profile="snap.prompting-client.daemon" name="/sys/fs/cgroup/user.slice/user-0.slice/user@0.service/app.slice/cpu.max" pid=17612 comm="prompting-clien" requested_mask="r" denied_mask="r" fsuid=0 ouid=0
[15314.615647] audit: type=1400 audit(1730666498.674:8599): apparmor="DENIED" operation="open" class="file" profile="snap.prompting-client.daemon" name="/sys/fs/cgroup/user.slice/user-0.slice/user@0.service/cpu.max" pid=17612 comm="prompting-clien" requested_mask="r" denied_mask="r" fsuid=0 ouid=0
[15314.615651] audit: type=1400 audit(1730666498.674:8600): apparmor="DENIED" operation="open" class="file" profile="snap.prompting-client.daemon" name="/sys/fs/cgroup/user.slice/user-0.slice/cpu.max" pid=17612 comm="prompting-clien" requested_mask="r" denied_mask="r" fsuid=0 ouid=0
[15314.615654] audit: type=1400 audit(1730666498.674:8601): apparmor="DENIED" operation="open" class="file" profile="snap.prompting-client.daemon" name="/sys/fs/cgroup/user.slice/cpu.max" pid=17612 comm="prompting-clien" requested_mask="r" denied_mask="r" fsuid=0 ouid=0
