[    0.000000] BIOS-e820: [mem 0x0000000060040000-0x000000007fffefff] usable
[    0.000000] BIOS-e820: [mem 0x000000007ffff000-0x000000007fffffff] reserved
[    0.000000] BIOS-e820: [mem 0x0000000080000000-0x000000009468bfff] usable
[    0.000000] BIOS-e820: [mem 0x000000009468c000-0x000000009468cfff] ACPI NVS
[    0.000000] BIOS-e820: [mem 0x000000009468d000-0x000000009468dfff] reserved
[    0.000000] BIOS-e820: [mem 0x000000009468e000-0x0000000099af3fff] usable
[    0.000000] BIOS-e820: [mem 0x0000000099af4000-0x000000009a9a0fff] reserved
[    0.000000] BIOS-e820: [mem 0x000000009a9a1000-0x000000009a9e7fff] ACPI data
[    0.000000] BIOS-e820: [mem 0x000000009a9e8000-0x000000009ae02fff] ACPI NVS
[    0.000000] BIOS-e820: [mem 0x000000009ae03000-0x000000009b37efff] reserved
[    0.000000] BIOS-e820: [mem 0x000000009b37f000-0x000000009b3fefff] usable
[    0.000000] BIOS-e820: [mem 0x000000009b3ff000-0x000000009fffffff] reserved
--
[    0.000000] BIOS-e820: [mem 0x00000000fe000000-0x00000000fe010fff] reserved
[    0.000000] BIOS-e820: [mem 0x00000000fec00000-0x00000000fec00fff] reserved
[    0.000000] BIOS-e820: [mem 0x00000000fed00000-0x00000000fed00fff] reserved
[    0.000000] BIOS-e820: [mem 0x00000000fee00000-0x00000000fee00fff] reserved
[    0.000000] BIOS-e820: [mem 0x00000000ff000000-0x00000000ffffffff] reserved
[    0.000000] BIOS-e820: [mem 0x0000000100000000-0x000000045effffff] usable
[    0.000000] NX (Execute Disable) protection: active
[    0.000000] e820: update [mem 0x92df7018-0x92e07057] usable ==> usable
[    0.000000] e820: update [mem 0x92df7018-0x92e07057] usable ==> usable
[    0.000000] extended physical RAM map:
[    0.000000] reserve setup_data: [mem 0x0000000000000000-0x0000000000057fff] usable
--
[    0.000000] reserve setup_data: [mem 0x0000000080000000-0x0000000092df7017] usable
[    0.000000] reserve setup_data: [mem 0x0000000092df7018-0x0000000092e07057] usable
[    0.000000] reserve setup_data: [mem 0x0000000092e07058-0x000000009468bfff] usable
[    0.000000] reserve setup_data: [mem 0x000000009468c000-0x000000009468cfff] ACPI NVS
[    0.000000] reserve setup_data: [mem 0x000000009468d000-0x000000009468dfff] reserved
[    0.000000] reserve setup_data: [mem 0x000000009468e000-0x0000000099af3fff] usable
[    0.000000] reserve setup_data: [mem 0x0000000099af4000-0x000000009a9a0fff] reserved
[    0.000000] reserve setup_data: [mem 0x000000009a9a1000-0x000000009a9e7fff] ACPI data
[    0.000000] reserve setup_data: [mem 0x000000009a9e8000-0x000000009ae02fff] ACPI NVS
[    0.000000] reserve setup_data: [mem 0x000000009ae03000-0x000000009b37efff] reserved
[    0.000000] reserve setup_data: [mem 0x000000009b37f000-0x000000009b3fefff] usable
[    0.000000] reserve setup_data: [mem 0x000000009b3ff000-0x000000009fffffff] reserved
--
[    0.000000] reserve setup_data: [mem 0x00000000fe000000-0x00000000fe010fff] reserved
[    0.000000] reserve setup_data: [mem 0x00000000fec00000-0x00000000fec00fff] reserved
[    0.000000] reserve setup_data: [mem 0x00000000fed00000-0x00000000fed00fff] reserved
[    0.000000] reserve setup_data: [mem 0x00000000fee00000-0x00000000fee00fff] reserved
[    0.000000] reserve setup_data: [mem 0x00000000ff000000-0x00000000ffffffff] reserved
[    0.000000] reserve setup_data: [mem 0x0000000100000000-0x000000045effffff] usable
[    0.000000] efi: EFI v2.60 by American Megatrends
[    0.000000] efi: TPMFinalLog=0x9add2000 ACPI 2.0=0x9a9af000 ACPI=0x9a9af000 SMBIOS=0x9b205000 SMBIOS 3.0=0x9b204000 ESRT=0x983cfb18 MOKvar=0x9af61000 TPMEventLog=0x9308a018 
[    0.000000] secureboot: Secure boot enabled
[    0.000000] Kernel is locked down from EFI Secure Boot mode; see man kernel_lockdown.7
[    0.000000] SMBIOS 3.0.0 present.
--
[    0.036649] ACPI: FACS 0x000000009ADD1F00 000040
[    0.036653] ACPI: APIC 0x000000009A9DAC18 0000BC (v03 _ASUS_ Notebook 01072009 AMI  00010013)
[    0.036659] ACPI: FPDT 0x000000009A9DACD8 000044 (v01 _ASUS_ Notebook 01072009 AMI  00010013)
[    0.036664] ACPI: FIDT 0x000000009A9DAD20 00009C (v01 _ASUS_ Notebook 01072009 AMI  00010013)
[    0.036670] ACPI: ECDT 0x000000009A9DADC0 0000C1 (v01 _ASUS_ Notebook 01072009 AMI. 00000005)
[    0.036675] ACPI: MCFG 0x000000009A9DAE88 00003C (v01 _ASUS_ Notebook 01072009 MSFT 00000097)
[    0.036681] ACPI: SSDT 0x000000009A9DAEC8 000359 (v01 SataRe SataTabl 00001000 INTL 20160422)
[    0.036686] ACPI: SSDT 0x000000009A9DB228 006CD4 (v02 DptfTa DptfTabl 00001000 INTL 20160422)
[    0.036692] ACPI: MSDM 0x000000009A9E1F00 000055 (v03 _ASUS_ Notebook 01072009 ASUS 00000001)
[    0.036698] ACPI: SSDT 0x000000009A9E1F58 003164 (v02 SaSsdt SaSsdt   00003000 INTL 20160422)
[    0.036704] ACPI: HPET 0x000000009A9E50C0 000038 (v01 INTEL  KBL-ULT  00000001 MSFT 0000005F)
[    0.036709] ACPI: UEFI 0x000000009A9E50F8 000042 (v01 _ASUS_ Notebook 00000002      01000013)
[    0.036715] ACPI: SSDT 0x000000009A9E5140 000EDE (v02 CpuRef CpuSsdt  00003000 INTL 20160422)
[    0.036720] ACPI: LPIT 0x000000009A9E6020 000094 (v01 INTEL  KBL-ULT  00000000 MSFT 0000005F)
[    0.036726] ACPI: SSDT 0x000000009A9E60B8 000141 (v02 INTEL  HdaDsp   00000000 INTL 20160422)
[    0.036731] ACPI: SSDT 0x000000009A9E6200 00029F (v02 INTEL  sensrhub 00000000 INTL 20160422)
[    0.036737] ACPI: SSDT 0x000000009A9E64A0 00050D (v02 INTEL  TbtTypeC 00000000 INTL 20160422)
[    0.036742] ACPI: DBGP 0x000000009A9E69B0 000034 (v01 INTEL           00000002 MSFT 0000005F)
[    0.036748] ACPI: DBG2 0x000000009A9E69E8 000054 (v00 INTEL           00000002 MSFT 0000005F)
[    0.036753] ACPI: SSDT 0x000000009A9E6A40 0010B0 (v02 _ASUS_ UsbCTabl 00001000 INTL 20160422)
[    0.036760] ACPI: DMAR 0x000000009A9E7AF0 000138 (v01 INTEL  KBL      00000001 INTL 00000001)
[    0.036766] ACPI: BGRT 0x000000009A9E7C28 000038 (v01 _ASUS_ Notebook 01072009 AMI  00010013)
[    0.036772] ACPI: TPM2 0x000000009A9E7C60 000034 (v03 _ASUS_ Notebook 00000001 AMI  00000000)
[    0.036777] ACPI: WSMT 0x000000009A9E7C98 000028 (v01 _ASUS_ Notebook 01072009 AMI  00010013)
--
[    0.036826] ACPI: Reserving DMAR table memory at [mem 0x9a9e7af0-0x9a9e7c27]
[    0.036828] ACPI: Reserving BGRT table memory at [mem 0x9a9e7c28-0x9a9e7c5f]
[    0.036830] ACPI: Reserving TPM2 table memory at [mem 0x9a9e7c60-0x9a9e7c93]
[    0.036832] ACPI: Reserving WSMT table memory at [mem 0x9a9e7c98-0x9a9e7cbf]
[    0.037000] No NUMA configuration found
[    0.037002] Faking a node at [mem 0x0000000000000000-0x000000045effffff]
[    0.037021] NODE_DATA(0) allocated [mem 0x45ce03000-0x45ce2dfff]
[    0.072767] Zone ranges:
[    0.072769]   DMA      [mem 0x0000000000001000-0x0000000000ffffff]
[    0.072773]   DMA32    [mem 0x0000000001000000-0x00000000ffffffff]
[    0.072776]   Normal   [mem 0x0000000100000000-0x000000045effffff]
[    0.072779]   Device   empty
[    0.072781] Movable zone start for each node
[    0.072785] Early memory node ranges
[    0.072786]   node   0: [mem 0x0000000000001000-0x0000000000057fff]
[    0.072789]   node   0: [mem 0x0000000000059000-0x000000000009dfff]
[    0.072791]   node   0: [mem 0x0000000000100000-0x0000000000ffffff]
[    0.072793]   node   0: [mem 0x0000000004be7000-0x000000005de6cfff]
[    0.072795]   node   0: [mem 0x0000000060040000-0x000000007fffefff]
[    0.072796]   node   0: [mem 0x0000000080000000-0x000000009468bfff]
[    0.072798]   node   0: [mem 0x000000009468e000-0x0000000099af3fff]
[    0.072799]   node   0: [mem 0x000000009b37f000-0x000000009b3fefff]
[    0.072801]   node   0: [mem 0x0000000100000000-0x000000045effffff]
[    0.072806] Initmem setup node 0 [mem 0x0000000000001000-0x000000045effffff]
[    0.072812] On node 0, zone DMA: 1 pages in unavailable ranges
[    0.072815] On node 0, zone DMA: 1 pages in unavailable ranges
[    0.072850] On node 0, zone DMA: 98 pages in unavailable ranges
[    0.076272] On node 0, zone DMA32: 15335 pages in unavailable ranges
[    0.077583] On node 0, zone DMA32: 8659 pages in unavailable ranges
--
[    1.999146] usb 1-6: New USB device strings: Mfr=3, Product=1, SerialNumber=2
[    1.999147] usb 1-6: Product: USB2.0 HD UVC WebCam
[    1.999149] usb 1-6: Manufacturer: Azurewave
[    1.999150] usb 1-6: SerialNumber: 0x0001
[    2.114954] usb 1-7: new full-speed USB device number 4 using xhci_hcd
[    2.244462] usb 1-7: New USB device found, idVendor=04f3, idProduct=2674, bcdDevice=57.12
[    2.244469] usb 1-7: New USB device strings: Mfr=4, Product=14, SerialNumber=0
[    2.244472] usb 1-7: Product: Touchscreen
[    2.244474] usb 1-7: Manufacturer: ELAN
[    2.254384] input: ELAN Touchscreen Stylus as /devices/pci0000:00/0000:00:14.0/usb1/1-7/1-7:1.0/0003:04F3:2674.0001/input/input5
[    2.254788] input: ELAN Touchscreen as /devices/pci0000:00/0000:00:14.0/usb1/1-7/1-7:1.0/0003:04F3:2674.0001/input/input6
[    2.255146] input: ELAN Touchscreen as /devices/pci0000:00/0000:00:14.0/usb1/1-7/1-7:1.0/0003:04F3:2674.0001/input/input7
[    2.255299] input: ELAN Touchscreen as /devices/pci0000:00/0000:00:14.0/usb1/1-7/1-7:1.0/0003:04F3:2674.0001/input/input8
[    2.255602] hid-generic 0003:04F3:2674.0001: input,hiddev96,hidraw0: USB HID v1.10 Device [ELAN Touchscreen] on usb-0000:00:14.0-7/input0
[    2.296592] systemd[1]: LSM BPF program attached
[    2.370437] usb 1-8: new full-speed USB device number 5 using xhci_hcd
[    2.383599] systemd[1]: Queued start job for default target initrd.target.
[    2.383751] systemd[1]: Reached target initrd-usr-fs.target - Initrd /usr File System.
[    2.383816] systemd[1]: Reached target local-fs.target - Local File Systems.
--
[    2.458945] audit: type=1130 audit(1659231550.583:10): pid=1 uid=0 auid=4294967295 ses=4294967295 subj=kernel msg='unit=systemd-vconsole-setup comm="systemd" exe="/usr/lib/systemd/systemd" hostname=? addr=? terminal=? res=success'
[    2.497856] usb 1-8: New USB device found, idVendor=8087, idProduct=0a2b, bcdDevice= 0.10
[    2.497860] usb 1-8: New USB device strings: Mfr=0, Product=0, SerialNumber=0
[    2.886389] usbcore: registered new interface driver rtsx_usb
[    2.888072] intel_ish_ipc 0000:00:13.0: enabling device (0000 -> 0002)
[    2.956629] input: ELAN Touchscreen Stylus as /devices/pci0000:00/0000:00:14.0/usb1/1-7/1-7:1.0/0003:04F3:2674.0001/input/input10
[    2.956773] input: ELAN Touchscreen as /devices/pci0000:00/0000:00:14.0/usb1/1-7/1-7:1.0/0003:04F3:2674.0001/input/input11
[    2.956906] input: ELAN Touchscreen UNKNOWN as /devices/pci0000:00/0000:00:14.0/usb1/1-7/1-7:1.0/0003:04F3:2674.0001/input/input12
[    2.956957] input: ELAN Touchscreen UNKNOWN as /devices/pci0000:00/0000:00:14.0/usb1/1-7/1-7:1.0/0003:04F3:2674.0001/input/input13
[    2.957049] hid-multitouch 0003:04F3:2674.0001: input,hiddev96,hidraw0: USB HID v1.10 Device [ELAN Touchscreen] on usb-0000:00:14.0-7/input0
[    2.967343] BTRFS: device label HOSTNAME_localhost-live devid 1 transid 572 /dev/sda3 scanned by systemd-udevd (380)
[    2.972515] i2c_hid_acpi i2c-ELAN1300:00: device returned incorrect report (2 vs 14 expected)
[    2.972520] hid-multitouch 0018:04F3:3057.0002: failed to fetch feature 14
[    2.972616] input: ELAN1300:00 04F3:3057 Mouse as /devices/pci0000:00/0000:00:15.1/i2c_designware.1/i2c-1/i2c-ELAN1300:00/0018:04F3:3057.0002/input/input15
[    2.972737] input: ELAN1300:00 04F3:3057 Touchpad as /devices/pci0000:00/0000:00:15.1/i2c_designware.1/i2c-1/i2c-ELAN1300:00/0018:04F3:3057.0002/input/input16
[    2.972822] hid-multitouch 0018:04F3:3057.0002: input,hidraw1: I2C HID v1.00 Mouse [ELAN1300:00 04F3:3057] on i2c-ELAN1300:00
[    3.204889] i915 0000:00:02.0: vgaarb: deactivate vga console
[    3.206642] i915 0000:00:02.0: vgaarb: changed VGA decodes: olddecodes=io+mem,decodes=io+mem:owns=io+mem
[    3.208226] i915 0000:00:02.0: [drm] Finished loading DMC firmware i915/kbl_dmc_ver1_04.bin (v1.4)
[    3.241909] i915 0000:00:02.0: [drm] [ENCODER:102:DDI C/PHY C] is disabled/in DSI mode with an ungated DDI clock, gate it
[    3.263531] [drm] Initialized i915 1.6.0 20201103 for 0000:00:02.0 on minor 1
--
[    3.268947] input: Video Bus as /devices/LNXSYSTM:00/LNXSYBUS:00/PNP0A08:00/LNXVIDEO:00/input/input17
[    3.276257] fbcon: i915drmfb (fb0) is primary device
[    3.276266] fbcon: Deferring console take-over
[    3.276273] i915 0000:00:02.0: [drm] fb0: i915drmfb frame buffer device
[    3.600433] ish-hid {33AECD58-B679-4E54-9BD9-A04D34F0C226}: [hid-ish]: enum_devices_done OK, num_hid_devices=1
[    3.605675] hid-generic 001F:8087:0AC2.0003: hidraw2: <UNKNOWN> HID v2.00 Device [hid-ishtp 8087:0AC2] on 
[    3.682344] BTRFS info (device sda3): flagging fs with big metadata feature
[    3.682388] BTRFS info (device sda3): using free space tree
[    3.682394] BTRFS info (device sda3): has skinny extents
[    3.697450] BTRFS info (device sda3): enabling ssd optimizations
[    4.276116] systemd-journald[272]: Received SIGTERM from PID 1 (systemd).
--
[    6.743452] iTCO_wdt iTCO_wdt: Found a Intel PCH TCO device (Version=4, TCOBASE=0x0400)
[    6.743897] ee1004 6-0052: 512 byte EE1004-compliant SPD EEPROM, read-only
[    6.747331] ------------[ cut here ]------------
[    6.747335] WARNING: CPU: 2 PID: 763 at drivers/spi/spidev.c:738 spidev_probe+0x202/0x220 [spidev]
[    6.747346] Modules linked in: spidev mei_pxp iTCO_wdt(+) ee1004 acpi_cpufreq(-) mei_hdcp snd_hda_ext_core(+) intel_pmc_bxt iTCO_vendor_support snd_soc_sst_ipc snd_soc_sst_dsp snd_hda_codec_realtek(+) snd_soc_acpi_intel_match mac80211 snd_soc_acpi snd_hda_codec_generic intel_rapl_msr snd_soc_core ledtrig_audio intel_tcc_cooling snd_compress x86_pkg_temp_thermal intel_powerclamp ac97_bus snd_pcm_dmaengine squashfs libarc4 coretemp snd_hda_intel gpio_keys loop kvm_intel iwlwifi snd_intel_dspcfg snd_intel_sdw_acpi snd_hda_codec kvm snd_hda_core btusb btrtl btbcm snd_hwdep uvcvideo snd_seq irqbypass iwlmei btintel snd_seq_device videobuf2_vmalloc rapl videobuf2_memops btmtk snd_pcm intel_cstate processor_thermal_device_pci_legacy videobuf2_v4l2 asus_nb_wmi hid_sensor_accel_3d rtsx_usb_ms videobuf2_common snd_timer asus_wmi processor_thermal_device hid_sensor_trigger cfg80211 intel_uncore bluetooth memstick spi_pxa2xx_platform i2c_i801 processor_thermal_rfim sparse_keymap snd
[    6.747500]  platform_profile videodev wmi_bmof mei_me hid_sensor_iio_common pcspkr processor_thermal_mbox soundcore i2c_smbus dw_dmac industrialio_triggered_buffer processor_thermal_rapl mc kfifo_buf ecdh_generic intel_rapl_common mei joydev industrialio rfkill intel_xhci_usb_role_switch idma64 intel_soc_dts_iosf intel_pch_thermal int3403_thermal int340x_thermal_zone int3400_thermal acpi_thermal_rel asus_wireless soc_button_array acpi_pad zram hid_sensor_hub intel_ishtp_hid i915 rtsx_usb_sdmmc drm_buddy mmc_core drm_dp_helper crct10dif_pclmul crc32_pclmul crc32c_intel ghash_clmulni_intel serio_raw hid_multitouch intel_ish_ipc ttm i2c_hid_acpi rtsx_usb intel_ishtp wmi i2c_hid video pinctrl_sunrisepoint ip6_tables ip_tables fuse
[    6.747558] CPU: 2 PID: 763 Comm: sh Not tainted 5.18.13-200.fc36.x86_64 #1
[    6.747561] Hardware name: ASUSTeK COMPUTER INC. Q405UA/Q405UA, BIOS Q405UA.308 04/19/2019
[    6.747563] RIP: 0010:spidev_probe+0x202/0x220 [spidev]
[    6.747568] Code: fe ff ff e9 9c 0c 00 00 41 89 c6 85 c0 0f 84 67 ff ff ff 48 c7 c7 c0 20 18 c1 e8 59 3c bf d2 8b 85 f8 02 00 00 e9 bd fe ff ff <0f> 0b e9 1b fe ff ff 41 be f4 ff ff ff e9 b6 fe ff ff 66 66 2e 0f
[    6.747570] RSP: 0018:ffffc396c07d3d28 EFLAGS: 00010246
--
[    7.315238] Bluetooth: BNEP socket layer initialized
[    7.564551] NET: Registered PF_QIPCRTR protocol family
[    8.026198] Bluetooth: hci0: Waiting for firmware download to complete
[    8.026942] Bluetooth: hci0: Firmware loaded in 1506818 usecs
[    8.027046] Bluetooth: hci0: Waiting for device to boot
[    8.039996] Bluetooth: hci0: Malformed MSFT vendor event: 0x02
[    8.040031] Bluetooth: hci0: Device booted in 12767 usecs
[    8.040638] Bluetooth: hci0: Found Intel DDC parameters: intel/ibt-12-16.ddc
[    8.043049] Bluetooth: hci0: Applying Intel DDC parameters completed
[    8.044052] Bluetooth: hci0: Firmware revision 0.1 build 19 week 44 2021
[   11.837935] wlp2s0: authenticate with dc:ef:09:95:6c:0c
